Namespace(algorithm='SRA', checkpoint_freq=300, ckpt='', data_dir='/home/shared/data/DomainBed/', dataset='OfficeHome', plotdir='', save_model_dir='', seed=1, start_swad=0.0, target='Art')
Namespace(dataset='OfficeHome', exp_name='OfficeHome_Art', iterations=5000, n_classes=65, n_domain_classes=3, src_data_path='/home/shared/data/DomainBed//OfficeHome/', src_train_meta_filenames=['domainbed/configs/data_list/OfficeHome/Clipart.txt', 'domainbed/configs/data_list/OfficeHome/Product.txt', 'domainbed/configs/data_list/OfficeHome/RealWorld.txt'], target_test_meta_filenames=['domainbed/configs/data_list/OfficeHome/Art.txt'], val_size=0.2)
{'data_augmentation': True, 'val_augment': False, 'resnet18': False, 'resnet_dropout': 0.0, 'class_balanced': False, 'optimizer': 'adam', 'freeze_bn': True, 'pretrained': True, 'lr': 5e-05, 'batch_size': 32, 'weight_decay': 0.0, 'disc_weight': 0.01, 'warm_up': 500, 'maxinfo_weight': 0.0, 'ot_weight': 0.1, 'prototype_per_class': 16, 'pro_weight': 0.01, 'mlp_width': 256, 'mlp_depth': 3, 'mlp_dropout': 0.5}
Train:  0   3492
Train:  1   3551
Train:  2   3485
Val_size:  0.2
Val:  2633
Test:  2427
-----------------------------------
Val Single set: Accuracy: 1502/2633 57.05%, 0.0936213506748592
-----------------------------------
-----------------------------------
Val set: Single-encoder + protype Accuracy: 1502/2633 1.90%, 0.0936213506748592
-----------------------------------
-----------------------------------
Test Single set: Accuracy: 1165/2427 48.00%, 0.03380815011265349
-----------------------------------
-----------------------------------
Test set: Single-encoder + protype Accuracy: 1165/2427 3.26%, 0.03380815011265349
-----------------------------------
Best val: 57.05%, Corres: 48.00%, Best Test: 48.00%
None
[0.0936213506748592]
[300]
[300]
-----------------------------------
Val Single set: Accuracy: 2049/2633 77.82%, 0.025158145787188006
-----------------------------------
-----------------------------------
Val set: Single-encoder + protype Accuracy: 2049/2633 0.95%, 0.025158145787188006
-----------------------------------
-----------------------------------
Test Single set: Accuracy: 1513/2427 62.34%, 0.015718214861591216
-----------------------------------
-----------------------------------
Test set: Single-encoder + protype Accuracy: 1513/2427 1.90%, 0.015718214861591216
-----------------------------------
Best val: 77.82%, Corres: 62.34%, Best Test: 62.34%
None
[0.0936213506748592, 0.025158145787188006]
[300, 600]
[300, 600]
-----------------------------------
Val Single set: Accuracy: 2133/2633 81.01%, 0.02295199570844167
-----------------------------------
-----------------------------------
Val set: Single-encoder + protype Accuracy: 2133/2633 77.48%, 0.02295199570844167
-----------------------------------
-----------------------------------
Test Single set: Accuracy: 1415/2427 58.30%, 0.02028506132227234
-----------------------------------
-----------------------------------
Test set: Single-encoder + protype Accuracy: 1415/2427 56.57%, 0.02028506132227234
-----------------------------------
Best val: 81.01%, Corres: 58.30%, Best Test: 62.34%
None
[0.0936213506748592, 0.025158145787188006, 0.02295199570844167]
[300, 600, 900]
[300, 600, 900]
min_idx:  2
-----------------------------------
Val Single set: Accuracy: 2192/2633 83.25%, 0.020903329437466298
-----------------------------------
-----------------------------------
Val set: Single-encoder + protype Accuracy: 2192/2633 80.44%, 0.020903329437466298
-----------------------------------
-----------------------------------
Test Single set: Accuracy: 1471/2427 60.61%, 0.01868542436960061
-----------------------------------
-----------------------------------
Test set: Single-encoder + protype Accuracy: 1471/2427 60.03%, 0.01868542436960061
-----------------------------------
Best val: 83.25%, Corres: 60.61%, Best Test: 62.34%
None
[0.025158145787188006, 0.02295199570844167, 0.020903329437466298]
[600, 900, 1200]
[300, 600, 900, 1200]
min_idx:  2
-----------------------------------
Val Single set: Accuracy: 2208/2633 83.86%, 0.020691052342362157
-----------------------------------
-----------------------------------
Val set: Single-encoder + protype Accuracy: 2208/2633 82.19%, 0.020691052342362157
-----------------------------------
-----------------------------------
Test Single set: Accuracy: 1476/2427 60.82%, 0.020953712072399943
-----------------------------------
-----------------------------------
Test set: Single-encoder + protype Accuracy: 1476/2427 60.16%, 0.020953712072399943
-----------------------------------
Best val: 83.86%, Corres: 60.82%, Best Test: 62.34%
None
[0.02295199570844167, 0.020903329437466298, 0.020691052342362157]
[900, 1200, 1500]
[300, 600, 900, 1200, 1500]
min_idx:  2
-----------------------------------
Val Single set: Accuracy: 2206/2633 83.78%, 0.02160409878850255
-----------------------------------
-----------------------------------
Val set: Single-encoder + protype Accuracy: 2206/2633 82.42%, 0.02160409878850255
-----------------------------------
-----------------------------------
Test Single set: Accuracy: 1532/2427 63.12%, 0.01938055008097249
-----------------------------------
-----------------------------------
Test set: Single-encoder + protype Accuracy: 1532/2427 62.09%, 0.01938055008097249
-----------------------------------
Best val: 83.86%, Corres: 60.82%, Best Test: 63.12%
None
[0.020903329437466298, 0.020691052342362157, 0.02160409878850255]
[1200, 1500, 1800]
[300, 600, 900, 1200, 1500, 1800]
min_idx:  1
-----------------------------------
Val Single set: Accuracy: 2208/2633 83.86%, 0.02397056770158321
-----------------------------------
-----------------------------------
Val set: Single-encoder + protype Accuracy: 2208/2633 83.21%, 0.02397056770158321
-----------------------------------
-----------------------------------
Test Single set: Accuracy: 1492/2427 61.48%, 0.021524482577437474
-----------------------------------
-----------------------------------
Test set: Single-encoder + protype Accuracy: 1492/2427 61.68%, 0.021524482577437474
-----------------------------------
Best val: 83.86%, Corres: 60.82%, Best Test: 63.12%
None
[0.020691052342362157, 0.02160409878850255, 0.02397056770158321]
[1500, 1800, 2100]
[600, 900, 1200, 1500, 1800, 2100]
min_idx:  0
Model converged at step 1500, Start step = 601; Threshold = 0.028715, 
-----------------------------------
Val Single set: Accuracy: 2214/2633 84.09%, 0.024100869317477843
-----------------------------------
-----------------------------------
Val set: Single-encoder + protype Accuracy: 2214/2633 83.21%, 0.024100869317477843
-----------------------------------
-----------------------------------
Test Single set: Accuracy: 1462/2427 60.24%, 0.02101237097540951
-----------------------------------
-----------------------------------
Test set: Single-encoder + protype Accuracy: 1462/2427 60.49%, 0.02101237097540951
-----------------------------------
Best val: 84.09%, Corres: 60.24%, Best Test: 63.12%
0.028715144827394096
[0.02160409878850255, 0.02397056770158321, 0.024100869317477843]
[1800, 2100, 2400]
[900, 1200, 1500, 1800, 2100, 2400]
-----------------------------------
Val Single set: Accuracy: 2224/2633 84.47%, 0.025862318463269814
-----------------------------------
-----------------------------------
Val set: Single-encoder + protype Accuracy: 2224/2633 83.02%, 0.025862318463269814
-----------------------------------
-----------------------------------
Test Single set: Accuracy: 1454/2427 59.91%, 0.026419368136994966
-----------------------------------
-----------------------------------
Test set: Single-encoder + protype Accuracy: 1454/2427 61.52%, 0.026419368136994966
-----------------------------------
Best val: 84.47%, Corres: 59.91%, Best Test: 63.12%
0.028715144827394096
[0.02397056770158321, 0.024100869317477843, 0.025862318463269814]
[2100, 2400, 2700]
[1200, 1500, 1800, 2100, 2400, 2700]
-----------------------------------
Val Single set: Accuracy: 2184/2633 82.95%, 0.025638162150294255
-----------------------------------
-----------------------------------
Val set: Single-encoder + protype Accuracy: 2184/2633 82.30%, 0.025638162150294255
-----------------------------------
-----------------------------------
Test Single set: Accuracy: 1430/2427 58.92%, 0.022730365401685704
-----------------------------------
-----------------------------------
Test set: Single-encoder + protype Accuracy: 1430/2427 60.03%, 0.022730365401685704
-----------------------------------
Best val: 84.47%, Corres: 59.91%, Best Test: 63.12%
0.028715144827394096
[0.024100869317477843, 0.025862318463269814, 0.025638162150294255]
[2400, 2700, 3000]
[1500, 1800, 2100, 2400, 2700, 3000]
-----------------------------------
Val Single set: Accuracy: 2239/2633 85.04%, 0.023647527152759425
-----------------------------------
-----------------------------------
Val set: Single-encoder + protype Accuracy: 2239/2633 84.50%, 0.023647527152759425
-----------------------------------
-----------------------------------
Test Single set: Accuracy: 1477/2427 60.86%, 0.024892411705491765
-----------------------------------
-----------------------------------
Test set: Single-encoder + protype Accuracy: 1477/2427 62.22%, 0.024892411705491765
-----------------------------------
Best val: 85.04%, Corres: 60.86%, Best Test: 63.12%
0.028715144827394096
[0.025862318463269814, 0.025638162150294255, 0.023647527152759425]
[2700, 3000, 3300]
[1800, 2100, 2400, 2700, 3000, 3300]
-----------------------------------
Val Single set: Accuracy: 2193/2633 83.29%, 0.02605382985786662
-----------------------------------
-----------------------------------
Val set: Single-encoder + protype Accuracy: 2193/2633 82.64%, 0.02605382985786662
-----------------------------------
-----------------------------------
Test Single set: Accuracy: 1469/2427 60.53%, 0.023615207048812224
-----------------------------------
-----------------------------------
Test set: Single-encoder + protype Accuracy: 1469/2427 61.27%, 0.023615207048812224
-----------------------------------
Best val: 85.04%, Corres: 60.86%, Best Test: 63.12%
0.028715144827394096
[0.025638162150294255, 0.023647527152759425, 0.02605382985786662]
[3000, 3300, 3600]
[2100, 2400, 2700, 3000, 3300, 3600]
-----------------------------------
Val Single set: Accuracy: 2237/2633 84.96%, 0.02491926418195036
-----------------------------------
-----------------------------------
Val set: Single-encoder + protype Accuracy: 2237/2633 84.58%, 0.02491926418195036
-----------------------------------
-----------------------------------
Test Single set: Accuracy: 1516/2427 62.46%, 0.022180692325367277
-----------------------------------
-----------------------------------
Test set: Single-encoder + protype Accuracy: 1516/2427 62.63%, 0.022180692325367277
-----------------------------------
Best val: 85.04%, Corres: 60.86%, Best Test: 63.12%
0.028715144827394096
[0.023647527152759425, 0.02605382985786662, 0.02491926418195036]
[3300, 3600, 3900]
[2400, 2700, 3000, 3300, 3600, 3900]
-----------------------------------
Val Single set: Accuracy: 2227/2633 84.58%, 0.026518848230528188
-----------------------------------
-----------------------------------
Val set: Single-encoder + protype Accuracy: 2227/2633 83.93%, 0.026518848230528188
-----------------------------------
-----------------------------------
Test Single set: Accuracy: 1457/2427 60.03%, 0.02830593665539113
-----------------------------------
-----------------------------------
Test set: Single-encoder + protype Accuracy: 1457/2427 61.27%, 0.02830593665539113
-----------------------------------
Best val: 85.04%, Corres: 60.86%, Best Test: 63.12%
0.028715144827394096
[0.02605382985786662, 0.02491926418195036, 0.026518848230528188]
[3600, 3900, 4200]
[2700, 3000, 3300, 3600, 3900, 4200]
-----------------------------------
Val Single set: Accuracy: 2204/2633 83.71%, 0.031029006184361368
-----------------------------------
-----------------------------------
Val set: Single-encoder + protype Accuracy: 2204/2633 83.67%, 0.031029006184361368
-----------------------------------
-----------------------------------
Test Single set: Accuracy: 1433/2427 59.04%, 0.028572244019384584
-----------------------------------
-----------------------------------
Test set: Single-encoder + protype Accuracy: 1433/2427 60.40%, 0.028572244019384584
-----------------------------------
Best val: 85.04%, Corres: 60.86%, Best Test: 63.12%
0.028715144827394096
[0.02491926418195036, 0.026518848230528188, 0.031029006184361368]
[3900, 4200, 4500]
[3000, 3300, 3600, 3900, 4200, 4500]
-----------------------------------
Val Single set: Accuracy: 2216/2633 84.16%, 0.02544448253911935
-----------------------------------
-----------------------------------
Val set: Single-encoder + protype Accuracy: 2216/2633 84.20%, 0.02544448253911935
-----------------------------------
-----------------------------------
Test Single set: Accuracy: 1428/2427 58.84%, 0.02517735712509564
-----------------------------------
-----------------------------------
Test set: Single-encoder + protype Accuracy: 1428/2427 60.24%, 0.02517735712509564
-----------------------------------
Best val: 85.04%, Corres: 60.86%, Best Test: 63.12%
0.028715144827394096
[0.026518848230528188, 0.031029006184361368, 0.02544448253911935]
[4200, 4500, 4800]
[3300, 3600, 3900, 4200, 4500, 4800]
-----------------------------------
Val Single set: Accuracy: 2183/2633 82.91%, 0.026089276217187353
-----------------------------------
-----------------------------------
Val set: Single-encoder + protype Accuracy: 2183/2633 82.42%, 0.026089276217187353
-----------------------------------
-----------------------------------
Test Single set: Accuracy: 1445/2427 59.54%, 0.024861859818471523
-----------------------------------
-----------------------------------
Test set: Single-encoder + protype Accuracy: 1445/2427 59.79%, 0.024861859818471523
-----------------------------------
Best val: 85.04%, Corres: 60.86%, Best Test: 63.12%
0.028715144827394096
[0.031029006184361368, 0.02544448253911935, 0.026089276217187353]
[4500, 4800, 4999]
[3600, 3900, 4200, 4500, 4800, 4999]
-----------------------------------
Test SWAD set: Accuracy: 1660/2427 68.40%, 0.016398760029254847
-----------------------------------
-----------------------------------
Test set: SWAD-encoder + protype Accuracy: 1660/2427 68.15%, 0.016398760029254847
-----------------------------------
-----------------------------------
Val SWAD set: Accuracy: 2324/2633 88.26%, 0.017234470587021444
-----------------------------------
-----------------------------------
Val set: SWAD-encoder + protype Accuracy: 2324/2633 87.12%, 0.017234470587021444
-----------------------------------
tensor([[ 0,  0,  4,  ...,  0,  1,  1],
        [ 1,  0,  4,  ..., 11,  0,  1],
        [ 2,  0,  8,  ...,  2,  6,  2]], device='cuda:0', dtype=torch.int32)
tensor([ 3,  0, 16,  ..., 13,  7,  4], device='cuda:0', dtype=torch.int32)
fault_map: tensor(0, device='cuda:0')
Train:  0   3492
Train:  1   3551
Train:  2   3485
Val_size:  0.2
Val:  2633
Test:  2427
