[36mINFO[0m 07/10 12:15:18 | Command :: train_all.py PACS0 --dataset OfficeHome --deterministic --seed 0 --checkpoint_freq 300 --data_dir /home/shared/data/DomainBed --algorithm BAIR --pretrained
Environment:
	Python: 3.7.9
	PyTorch: 1.13.1+cu117
	Torchvision: 0.14.1+cu117
	CUDA: 11.7
	CUDNN: 8500
	NumPy: 1.21.6
	PIL: 9.5.0
Args:
	algorithm: BAIR
	checkpoint_freq: 300
	configs: []
	data_dir: /home/shared/data/DomainBed
	dataset: OfficeHome
	debug: False
	deterministic: True
	evalmode: fast
	holdout_fraction: 0.2
	model_save: None
	name: PACS0
	no_swad: False
	out_dir: train_output/OfficeHome/240710_12-15-18_PACS0
	out_root: train_output/OfficeHome
	prebuild_loader: False
	pretrained: True
	run_name: 240710_12-15-18_PACS0
	seed: 0
	show: False
	start_swad: 0.0
	steps: None
	tb_freq: 10
	test_envs: None
	trial_seed: 0
	unique_name: 240710_12-15-18_PACS0
	work_dir: .
HParams:
	data_augmentation: True
	val_augment: False
	resnet18: False
	resnet_dropout: 0.0
	class_balanced: False
	optimizer: adam
	freeze_bn: True
	pretrained: True
	lr: 5e-05
	batch_size: 32
	weight_decay: 0.0
	disc_weight: 0.01
	warm_up: 300
	maxinfo_weight: 0.1
	ot_weight: 0.1
	prototype_per_class: 8
	mlp_width: 256
	mlp_depth: 3
	mlp_dropout: 0.5
	swad: LossValley
	swad_kwargs: 
	  n_converge: 3
	  n_tolerance: 6
	  tolerance_ratio: 0.3
	test_batchsize: 128
	indomain_test: False
Dataset:
	[OfficeHome] #envs=4, #classes=65
	env0: Art (#2427)
	env1: Clipart (#4365)
	env2: Product (#4439)
	env3: RealWorld (#4357)

[36mINFO[0m 07/10 12:15:18 | n_steps = 5001
[36mINFO[0m 07/10 12:15:18 | checkpoint_freq = 300
[36mINFO[0m 07/10 12:15:18 | n_steps is updated to 5001 => 4801 for checkpointing
[36mINFO[0m 07/10 12:15:18 | Target test envs = [[0], [1], [2], [3]]
Train:  0   3492
Train:  1   3551
Train:  2   3485
Val_size:  0.2
Val:  2633
Test:  2427
-----------------------------------
Val set: Accuracy: 2058/2633 78.16%, 0.02459244528538457
-----------------------------------
-----------------------------------
Test set: Accuracy: 1396/2427 57.52%, 0.057200368535238674
-----------------------------------
Best val: 78.16%, Corres: 57.52%, Best Test: 57.52%
[0.02459244528538457]
[300]
-----------------------------------
Val set: Accuracy: 2158/2633 81.96%, 0.022659111551535795
-----------------------------------
-----------------------------------
Test set: Accuracy: 1426/2427 58.76%, 0.06122185988025529
-----------------------------------
Best val: 81.96%, Corres: 58.76%, Best Test: 58.76%
[0.02459244528538457, 0.022659111551535795]
[300, 600]
-----------------------------------
Val set: Accuracy: 2194/2633 83.33%, 0.025690479954634606
-----------------------------------
-----------------------------------
Test set: Accuracy: 1452/2427 59.83%, 0.07419503476819139
-----------------------------------
Best val: 83.33%, Corres: 59.83%, Best Test: 59.83%
[0.02459244528538457, 0.022659111551535795, 0.025690479954634606]
[300, 600, 900]
-----------------------------------
Val set: Accuracy: 2180/2633 82.80%, 0.026938261562569985
-----------------------------------
-----------------------------------
Test set: Accuracy: 1506/2427 62.05%, 0.06731860334221328
-----------------------------------
Best val: 83.33%, Corres: 59.83%, Best Test: 62.05%
[0.022659111551535795, 0.025690479954634606, 0.026938261562569985]
[600, 900, 1200]
Model converged at step 600, Start step = 301; Threshold = 0.032625, 
-----------------------------------
Val set: Accuracy: 2179/2633 82.76%, 0.029104562387849458
-----------------------------------
-----------------------------------
Test set: Accuracy: 1428/2427 58.84%, 0.07702454053967589
-----------------------------------
Best val: 83.33%, Corres: 59.83%, Best Test: 62.05%
[0.025690479954634606, 0.026938261562569985, 0.029104562387849458]
[900, 1200, 1500]
-----------------------------------
Val set: Accuracy: 2209/2633 83.90%, 0.026258009300909248
-----------------------------------
-----------------------------------
Test set: Accuracy: 1508/2427 62.13%, 0.07110629746629762
-----------------------------------
Best val: 83.90%, Corres: 62.13%, Best Test: 62.13%
[0.026938261562569985, 0.029104562387849458, 0.026258009300909248]
[1200, 1500, 1800]
-----------------------------------
Val set: Accuracy: 2218/2633 84.24%, 0.027136565468698866
-----------------------------------
-----------------------------------
Test set: Accuracy: 1520/2427 62.63%, 0.0756465163838608
-----------------------------------
Best val: 84.24%, Corres: 62.63%, Best Test: 62.63%
[0.029104562387849458, 0.026258009300909248, 0.027136565468698866]
[1500, 1800, 2100]
-----------------------------------
Val set: Accuracy: 2210/2633 83.93%, 0.030533431337681553
-----------------------------------
-----------------------------------
Test set: Accuracy: 1426/2427 58.76%, 0.09698536661754777
-----------------------------------
Best val: 84.24%, Corres: 62.63%, Best Test: 62.63%
[0.026258009300909248, 0.027136565468698866, 0.030533431337681553]
[1800, 2100, 2400]
-----------------------------------
Val set: Accuracy: 2220/2633 84.31%, 0.031581411147550274
-----------------------------------
-----------------------------------
Test set: Accuracy: 1434/2427 59.09%, 0.09652305951592949
-----------------------------------
Best val: 84.31%, Corres: 59.09%, Best Test: 62.63%
[0.027136565468698866, 0.030533431337681553, 0.031581411147550274]
[2100, 2400, 2700]
-----------------------------------
Val set: Accuracy: 2210/2633 83.93%, 0.03241820818614788
-----------------------------------
-----------------------------------
Test set: Accuracy: 1456/2427 59.99%, 0.09210754864049832
-----------------------------------
Best val: 84.31%, Corres: 59.09%, Best Test: 62.63%
[0.030533431337681553, 0.031581411147550274, 0.03241820818614788]
[2400, 2700, 3000]
-----------------------------------
Val set: Accuracy: 2156/2633 81.88%, 0.03678441903367497
-----------------------------------
-----------------------------------
Test set: Accuracy: 1440/2427 59.33%, 0.09161804929731754
-----------------------------------
Best val: 84.31%, Corres: 59.09%, Best Test: 62.63%
[0.031581411147550274, 0.03241820818614788, 0.03678441903367497]
[2700, 3000, 3300]
-----------------------------------
Val set: Accuracy: 2163/2633 82.15%, 0.03756525815014281
-----------------------------------
-----------------------------------
Test set: Accuracy: 1498/2427 61.72%, 0.08724563464454825
-----------------------------------
Best val: 84.31%, Corres: 59.09%, Best Test: 62.63%
[0.03241820818614788, 0.03678441903367497, 0.03756525815014281]
[3000, 3300, 3600]
-----------------------------------
Val set: Accuracy: 2159/2633 82.00%, 0.034663739064741954
-----------------------------------
-----------------------------------
Test set: Accuracy: 1408/2427 58.01%, 0.09307544888241841
-----------------------------------
Best val: 84.31%, Corres: 59.09%, Best Test: 62.63%
[0.03678441903367497, 0.03756525815014281, 0.034663739064741954]
[3300, 3600, 3900]
-----------------------------------
Val set: Accuracy: 2173/2633 82.53%, 0.03246100414357761
-----------------------------------
-----------------------------------
Test set: Accuracy: 1434/2427 59.09%, 0.08403603804113936
-----------------------------------
Best val: 84.31%, Corres: 59.09%, Best Test: 62.63%
[0.03756525815014281, 0.034663739064741954, 0.03246100414357761]
[3600, 3900, 4200]
-----------------------------------
Val set: Accuracy: 2212/2633 84.01%, 0.033280239798103135
-----------------------------------
-----------------------------------
Test set: Accuracy: 1445/2427 59.54%, 0.09177306533584292
-----------------------------------
Best val: 84.31%, Corres: 59.09%, Best Test: 62.63%
[0.034663739064741954, 0.03246100414357761, 0.033280239798103135]
[3900, 4200, 4500]
-----------------------------------
Val set: Accuracy: 2202/2633 83.63%, 0.030422927675916586
-----------------------------------
-----------------------------------
Test set: Accuracy: 1396/2427 57.52%, 0.0862027050924979
-----------------------------------
Best val: 84.31%, Corres: 59.09%, Best Test: 62.63%
[0.03246100414357761, 0.033280239798103135, 0.030422927675916586]
[4200, 4500, 4800]
-----------------------------------
Val set: Accuracy: 2191/2633 83.21%, 0.02851685215363564
-----------------------------------
-----------------------------------
Test set: Accuracy: 1424/2427 58.67%, 0.07818893248044172
-----------------------------------
Best val: 84.31%, Corres: 59.09%, Best Test: 62.63%
[0.033280239798103135, 0.030422927675916586, 0.02851685215363564]
[4500, 4800, 4999]
-----------------------------------
Test set: Accuracy: 1647/2427 67.86%, 0.056660275221742815
-----------------------------------
-----------------------------------
Test set: SWAD-encoder + Last-protype Accuracy: 1647/2427 1.94%, 0.056660275221742815
-----------------------------------
tensor([[ 3,  2, 10,  ...,  4,  0,  1],
        [ 2,  2,  8,  ...,  1,  0,  0],
        [ 2,  8,  6,  ...,  0,  0,  0]], device='cuda:0', dtype=torch.int32)
tensor([  7,  12,  24,  35,  67,  81,  54,   4,  14,   1,   0,  74,  49,  12,
          5,  64,  10,   7,   2,   4,  56,  27,   8,  28,  15,   5,  30,  22,
          2,  26,   0,   0,  93,   0,   6,   7,  11,  23,   3,   2,   0,  36,
         81,  10,  13,  52,  24,  13,   7,   5,   6,   7,   9,   6,  28,  64,
          7,  19,   4,   2,  15,   2,   0,  30,  81,   0,   0, 100,  16,  10,
         15,   1,   4,   3,   1,   2,  28,   4,  27,   9,   1,   0,   3,  21,
         12,   6,  26,  40,  18,   1,   2,   7,   0,  12,   0,   1,  14,   2,
         24,   1,  33,  31,   8,   7,  22,   1,   6,   2,  28,   0,  11,  68,
         16,  76,   0,   1,   1,   6,  60,  87,   3,   9, 105,  24,  21,   4,
          3,  16,   9,   9,  94,  31,  25,   0,   0,   1,  22,   2,   3,   7,
         86,   3,   0,   0,  23,  19,   0,  15,   0,  20,   3,  55,   0,   0,
         29,  19,   2,  44,   5, 108,   3,   0,  62,   0,   2,  10,  17,  19,
          0,   1,   7,   8,  12,  19,  29, 166,   9,  30,   9,   9,   7,   7,
         10,  13,   8, 137,   4,   2,   2,   4,  70,   6,   0,  34,   2,   1,
          0,  75,  19,   0,   1,   2,   1,   0,  11,   0,  25, 152,  29,   2,
         26,  48,   6,   8,  11,  48,  20,   2,  56,   1,  10,   1,   3,   6,
          3,   0,  12,  25,  22,   5,   4,  56,   4,   5,  13,   2,   4,  71,
         16,  12,   5,   3,  19,  11, 151,  21,  10,  37,  11,  85,  11,   2,
          6,   3,  29,  11,  56,  12,   9,  24,   1,  16,   4,  41,   1,  40,
          0,  61,   1,   3,  44,  13,  30,  27,   5,  59,   0,  56,   2,   8,
          1,  39,  21,   3,   3,   0,   1,  34,   1,   1,   6,  96,   2,   1,
          1,  82,   0,  20,  11,   3,   1,   7,   0,   5,   4,  11,  18, 104,
         14,   0,  28,   0,  56,  11,   0,  19,   1,   1,   6,   5,   7,  61,
         81,  11,  40,  15,   0,   0,  59,  88,   0,   6,  10,  94,   0,   1,
          4,  29,  11,  12,   0,  24,   6,   3,  98,   1,   8,   2,   2,  29,
          4,  31,   3,   0,   0,  20,   2,  49,   3,   8,  42,  51,   1,   5,
          1,   1,   4,  10,   4,  11,  80,   1,   6,   0,  86,  53,   8,  74,
         31,  10,   2,   9,   2,   1,  16,   4,  38,  61,   2,  25,   9,  19,
         52,   3,   2,  14,   4,   7,   0,   0,  87,   7,   1,   3,   9,  19,
         89, 140,   6,   0,  28,   0,   0,  31,  12,  39,   6,  30,   6,  71,
          7,   0,   1,  11,  36,   7,   2,   1,  28,  12,  98,  10,   2,  77,
        205,  15,  21,  26,   9, 115,   8,  38,  99,   9,   3,   1,   3,  10,
          3,  17,   0,  77,  15,   4,  16,   2,   0,  11,   2,   0,  56,  22,
         10,  27,   2,  35,   4,   6,   0,  10,   8,  46,   5,   4,   7,   6,
         47,   6,   2,  16,  62,  69,  10,   0,  14,   1,  51,   0,  25,   9,
          2,   0,   5,  54,   1,  44,  18,   0,  25,  90,  51,  15,   6,  30,
         30,   0,   2,   0,  26,   2,  14,  59,   3,   6,   1,   2,  70,   5,
          0,   1], device='cuda:0', dtype=torch.int32)
fault_map: tensor(7, device='cuda:0')
Train:  0   1941
Train:  1   3551
Train:  2   3485
Val_size:  0.2
Val:  2246
Test:  4365
-----------------------------------
Val set: Accuracy: 1729/2246 76.98%, 0.02686307140072859
-----------------------------------
-----------------------------------
Test set: Accuracy: 2096/4365 48.02%, 0.08372376708298887
-----------------------------------
Best val: 76.98%, Corres: 48.02%, Best Test: 48.02%
[0.02686307140072859]
[300]
-----------------------------------
Val set: Accuracy: 1836/2246 81.75%, 0.025598339607088245
-----------------------------------
-----------------------------------
Test set: Accuracy: 2125/4365 48.68%, 0.09490997739400787
-----------------------------------
Best val: 81.75%, Corres: 48.68%, Best Test: 48.68%
[0.02686307140072859, 0.025598339607088245]
[300, 600]
-----------------------------------
Val set: Accuracy: 1817/2246 80.90%, 0.028571645947354028
-----------------------------------
-----------------------------------
Test set: Accuracy: 2188/4365 50.13%, 0.08901228990068687
-----------------------------------
Best val: 81.75%, Corres: 48.68%, Best Test: 50.13%
[0.02686307140072859, 0.025598339607088245, 0.028571645947354028]
[300, 600, 900]
-----------------------------------
Val set: Accuracy: 1816/2246 80.85%, 0.03372010605066404
-----------------------------------
-----------------------------------
Test set: Accuracy: 2174/4365 49.81%, 0.12528923949971368
-----------------------------------
Best val: 81.75%, Corres: 48.68%, Best Test: 50.13%
[0.025598339607088245, 0.028571645947354028, 0.03372010605066404]
[600, 900, 1200]
Model converged at step 600, Start step = 301; Threshold = 0.038086, 
-----------------------------------
Val set: Accuracy: 1820/2246 81.03%, 0.03261159917377831
-----------------------------------
-----------------------------------
Test set: Accuracy: 2183/4365 50.01%, 0.11426743056629395
-----------------------------------
Best val: 81.75%, Corres: 48.68%, Best Test: 50.13%
[0.028571645947354028, 0.03372010605066404, 0.03261159917377831]
[900, 1200, 1500]
-----------------------------------
Val set: Accuracy: 1850/2246 82.37%, 0.03407195974920917
-----------------------------------
-----------------------------------
Test set: Accuracy: 2315/4365 53.04%, 0.1174840145640903
-----------------------------------
Best val: 82.37%, Corres: 53.04%, Best Test: 53.04%
[0.03372010605066404, 0.03261159917377831, 0.03407195974920917]
[1200, 1500, 1800]
-----------------------------------
Val set: Accuracy: 1887/2246 84.02%, 0.03362433139553239
-----------------------------------
-----------------------------------
Test set: Accuracy: 2321/4365 53.17%, 0.1201557996449192
-----------------------------------
Best val: 84.02%, Corres: 53.17%, Best Test: 53.17%
[0.03261159917377831, 0.03407195974920917, 0.03362433139553239]
[1500, 1800, 2100]
-----------------------------------
Val set: Accuracy: 1807/2246 80.45%, 0.04065255991258689
-----------------------------------
-----------------------------------
Test set: Accuracy: 2249/4365 51.52%, 0.13380448798406847
-----------------------------------
Best val: 84.02%, Corres: 53.17%, Best Test: 53.17%
[0.03407195974920917, 0.03362433139553239, 0.04065255991258689]
[1800, 2100, 2400]
-----------------------------------
Val set: Accuracy: 1845/2246 82.15%, 0.03631128168076887
-----------------------------------
-----------------------------------
Test set: Accuracy: 2264/4365 51.87%, 0.13331530057960633
-----------------------------------
Best val: 84.02%, Corres: 53.17%, Best Test: 53.17%
[0.03362433139553239, 0.04065255991258689, 0.03631128168076887]
[2100, 2400, 2700]
-----------------------------------
Val set: Accuracy: 1878/2246 83.62%, 0.036173873273315754
-----------------------------------
-----------------------------------
Test set: Accuracy: 2306/4365 52.83%, 0.13361241407820448
-----------------------------------
Best val: 84.02%, Corres: 53.17%, Best Test: 53.17%
[0.04065255991258689, 0.03631128168076887, 0.036173873273315754]
[2400, 2700, 3000]
-----------------------------------
Val set: Accuracy: 1855/2246 82.59%, 0.03809632061054318
-----------------------------------
-----------------------------------
Test set: Accuracy: 2208/4365 50.58%, 0.14585544094870045
-----------------------------------
Best val: 84.02%, Corres: 53.17%, Best Test: 53.17%
[0.03631128168076887, 0.036173873273315754, 0.03809632061054318]
[2700, 3000, 3300]
-----------------------------------
Val set: Accuracy: 1839/2246 81.88%, 0.03855596584925562
-----------------------------------
-----------------------------------
Test set: Accuracy: 2293/4365 52.53%, 0.12694151654822447
-----------------------------------
Best val: 84.02%, Corres: 53.17%, Best Test: 53.17%
[0.036173873273315754, 0.03809632061054318, 0.03855596584925562]
[3000, 3300, 3600]
-----------------------------------
Val set: Accuracy: 1834/2246 81.66%, 0.03559533826084617
-----------------------------------
-----------------------------------
Test set: Accuracy: 2310/4365 52.92%, 0.11511408170815322
-----------------------------------
Best val: 84.02%, Corres: 53.17%, Best Test: 53.17%
[0.03809632061054318, 0.03855596584925562, 0.03559533826084617]
[3300, 3600, 3900]
-----------------------------------
Val set: Accuracy: 1842/2246 82.01%, 0.03699172720750951
-----------------------------------
-----------------------------------
Test set: Accuracy: 2137/4365 48.96%, 0.13439241782223374
-----------------------------------
Best val: 84.02%, Corres: 53.17%, Best Test: 53.17%
[0.03855596584925562, 0.03559533826084617, 0.03699172720750951]
[3600, 3900, 4200]
-----------------------------------
Val set: Accuracy: 1819/2246 80.99%, 0.03549596569098645
-----------------------------------
-----------------------------------
Test set: Accuracy: 2343/4365 53.68%, 0.11488834071268604
-----------------------------------
Best val: 84.02%, Corres: 53.17%, Best Test: 53.68%
[0.03559533826084617, 0.03699172720750951, 0.03549596569098645]
[3900, 4200, 4500]
-----------------------------------
Val set: Accuracy: 1868/2246 83.17%, 0.03175650416597233
-----------------------------------
-----------------------------------
Test set: Accuracy: 2286/4365 52.37%, 0.10676478402857655
-----------------------------------
Best val: 84.02%, Corres: 53.17%, Best Test: 53.68%
[0.03699172720750951, 0.03549596569098645, 0.03175650416597233]
[4200, 4500, 4800]
-----------------------------------
Val set: Accuracy: 1838/2246 81.83%, 0.03847381287484114
-----------------------------------
-----------------------------------
Test set: Accuracy: 2202/4365 50.45%, 0.13426958620889626
-----------------------------------
Best val: 84.02%, Corres: 53.17%, Best Test: 53.68%
[0.03549596569098645, 0.03175650416597233, 0.03847381287484114]
[4500, 4800, 4999]
-----------------------------------
Test set: Accuracy: 2496/4365 57.18%, 0.09766784834697893
-----------------------------------
-----------------------------------
Test set: SWAD-encoder + Last-protype Accuracy: 2496/4365 0.92%, 0.09766784834697893
-----------------------------------
tensor([[ 3,  0,  2,  ...,  0,  5,  1],
        [ 6,  0,  1,  ...,  1,  8,  1],
        [15,  1,  5,  ...,  0,  2,  7]], device='cuda:0', dtype=torch.int32)
tensor([ 24,   1,   8,   0,  31,   1,  18,   0,   1,   8,   2,   0,  78,   4,
          0,   2,  22,  62,   0,   2,   2,   0,   0,  12,   9,  12,   1,   3,
          6,   0, 110,  92,   2,   9,  84, 130,  21,  20,   6,   6,  12,   6,
          5,  10,   8,  50,   2,  14,   8,   1,   4,  32,   0,   9,   1,  14,
          2,   0,   5,  18,  12,  12,  19,   0,  34,   0,   1,  34,  79,   0,
          1,   5,   3,   4,  37,  15,   2,   1,   9,  17,   0,   3,  17,  34,
          3,   3,  14,   3,   0,   1,   4,   0,  41,   2,  39,  50,   0,  31,
          2,  10,   2,  51,   7,  94,  27,  22,   1, 116,   6,   2,   0,   0,
          4,  45,   0,  17,  25,  55,   0,   0,   0,  26,  13,   3,   1,  83,
         94,  50,   0,   0,  68,   3,   2,  15,  31,  16,  80, 112,  15,   9,
          6,   0,  57,   0,  10,  25,  20,   3,  79,  78,   0,  30,  43,   8,
         19,  27,   0,   3,  45,  15,  12,  65,   6,  11,  19,   2,   1,   8,
         35,   1,   0,   6,  32,   2,   6,   1,  39,  11,  11,  10,  28,   5,
          7, 101,   3,   6,   0,   0,  11,   5,   3,  32,   6,  11,   6,   4,
          4,   4,   0,   0,  45,   7,   2,  24,   2,   7,   3,  38,   4,  32,
          2, 139,   0,   8,  85,   8,   0,   7,   7,   2,   7,  28,  20,   0,
          1,  62,  12,   4,   6,  41,   0,  49,   4,   2,  13,  72,   2,  37,
         46,   8,  13,   2,   0,  44,   1,  26,  39,  19,   7,  25,   1,  24,
          8,  13,   0,  21,  25,   2,   5,   9,   3,  30,   8,   1,   1,   1,
          9,  21,   3,  34,  10,   3,  24,   4,  76,   5,   4,   3,   0,   2,
          0,   4,   3,   0,   9,   1,  22,  46,   0,  43,  21,   3,  47,  90,
          2,   0,  39,   0,   4,   1,   0,  10,  36,  30,   9,   3,  12,  58,
        107,   6,   0,  19,   2,   6,   7,   4,   6,   3,  17,  30,   2,   0,
          2, 119,  39,   0,   9,   1,   0,   7,   1,   0,   6,  36,  20,   2,
          8,   1,   3,   9,  12,   3,   0,  12,   6,   6,   2,   3,  19,   2,
         26,   1,  16,   0,  37,   2,   1,   7,  94,   2,   4,  61,   2,   0,
          2,   6,  62,   4,   6,  22,  38,  35,  13,   4,   2,  50,   2,   3,
          0,   0,   0,  33,   0,  15,   4,   0,  22,   3,  21,   3,   1,  91,
          7,   0,   0,  31,  20,  11,  65,   4,  39,  15,   1,  12,  10,   4,
         27,  18,   5,   9,   6,   3,  63,   8,   0,   0,   3,  85,  19,   2,
          4,   8,   1,   6,  27,  13,   0,  11,  96,   1,   0,   2,   4,   1,
         23,   0,   0,  69, 116,  50,   0,  76,  21,   0,   5,  67,  27,   2,
          0,  21,   0,   5,   0, 109,   0,   2,  57,   7,  22,   8,   4,   5,
         23,   5,  42,   8,   7,   3,   0,  94,   0,   6,   3,  34,  41,   0,
         70,   0,  19,   2,   5,   1,  62,  14,  24,   7,   1,  57,  10,   4,
          6,   8,   4,   1,   2,   0,   3,   0,  26,   1,   1,   0,   0,  92,
          1,   2,  30,  53,   0,  12,   0,   3,  23,   7,   1,   0,  20,   1,
         15,   9], device='cuda:0', dtype=torch.int32)
fault_map: tensor(2, device='cuda:0')
Train:  0   1941
Train:  1   3492
Train:  2   3485
Val_size:  0.2
Val:  2231
Test:  4439
-----------------------------------
Val set: Accuracy: 1633/2231 73.20%, 0.03199966510332844
-----------------------------------
-----------------------------------
Test set: Accuracy: 3187/4439 71.80%, 0.03423911374667376
-----------------------------------
Best val: 73.20%, Corres: 71.80%, Best Test: 71.80%
[0.03199966510332844]
[300]
-----------------------------------
Val set: Accuracy: 1720/2231 77.10%, 0.03249139123329503
-----------------------------------
-----------------------------------
Test set: Accuracy: 3288/4439 74.07%, 0.0400892787153083
-----------------------------------
Best val: 77.10%, Corres: 74.07%, Best Test: 74.07%
[0.03199966510332844, 0.03249139123329503]
[300, 600]
-----------------------------------
Val set: Accuracy: 1718/2231 77.01%, 0.03585663061139831
-----------------------------------
-----------------------------------
Test set: Accuracy: 3333/4439 75.08%, 0.039348918108525956
-----------------------------------
Best val: 77.10%, Corres: 74.07%, Best Test: 75.08%
[0.03199966510332844, 0.03249139123329503, 0.03585663061139831]
[300, 600, 900]
Model converged at step 300, Start step = 301; Threshold = 0.043484, 
-----------------------------------
Val set: Accuracy: 1696/2231 76.02%, 0.039776348068488655
-----------------------------------
-----------------------------------
Test set: Accuracy: 3294/4439 74.21%, 0.04454547545353782
-----------------------------------
Best val: 77.10%, Corres: 74.07%, Best Test: 75.08%
[0.03249139123329503, 0.03585663061139831, 0.039776348068488655]
[600, 900, 1200]
-----------------------------------
Val set: Accuracy: 1731/2231 77.59%, 0.03675366869986939
-----------------------------------
-----------------------------------
Test set: Accuracy: 3269/4439 73.64%, 0.0430470779282193
-----------------------------------
Best val: 77.59%, Corres: 73.64%, Best Test: 75.08%
[0.03585663061139831, 0.039776348068488655, 0.03675366869986939]
[900, 1200, 1500]
-----------------------------------
Val set: Accuracy: 1724/2231 77.27%, 0.041662638548616335
-----------------------------------
-----------------------------------
Test set: Accuracy: 3253/4439 73.28%, 0.05034964134625874
-----------------------------------
Best val: 77.59%, Corres: 73.64%, Best Test: 75.08%
[0.039776348068488655, 0.03675366869986939, 0.041662638548616335]
[1200, 1500, 1800]
-----------------------------------
Val set: Accuracy: 1700/2231 76.20%, 0.04354218523473496
-----------------------------------
-----------------------------------
Test set: Accuracy: 3363/4439 75.76%, 0.046623171787389256
-----------------------------------
Best val: 77.59%, Corres: 73.64%, Best Test: 75.76%
[0.03675366869986939, 0.041662638548616335, 0.04354218523473496]
[1500, 1800, 2100]
-----------------------------------
Val set: Accuracy: 1743/2231 78.13%, 0.04334134306943988
-----------------------------------
-----------------------------------
Test set: Accuracy: 3370/4439 75.92%, 0.04719054318736214
-----------------------------------
Best val: 78.13%, Corres: 75.92%, Best Test: 75.92%
[0.041662638548616335, 0.04354218523473496, 0.04334134306943988]
[1800, 2100, 2400]
-----------------------------------
Val set: Accuracy: 1711/2231 76.69%, 0.042734599611728194
-----------------------------------
-----------------------------------
Test set: Accuracy: 3294/4439 74.21%, 0.04706597998385817
-----------------------------------
Best val: 78.13%, Corres: 75.92%, Best Test: 75.92%
[0.04354218523473496, 0.04334134306943988, 0.042734599611728194]
[2100, 2400, 2700]
-----------------------------------
Val set: Accuracy: 1726/2231 77.36%, 0.041406795015147
-----------------------------------
-----------------------------------
Test set: Accuracy: 3315/4439 74.68%, 0.0487344710525158
-----------------------------------
Best val: 78.13%, Corres: 75.92%, Best Test: 75.92%
[0.04334134306943988, 0.042734599611728194, 0.041406795015147]
[2400, 2700, 3000]
-----------------------------------
Val set: Accuracy: 1747/2231 78.31%, 0.04292608689682091
-----------------------------------
-----------------------------------
Test set: Accuracy: 3354/4439 75.56%, 0.0492151939298804
-----------------------------------
Best val: 78.31%, Corres: 75.56%, Best Test: 75.92%
[0.042734599611728194, 0.041406795015147, 0.04292608689682091]
[2700, 3000, 3300]
-----------------------------------
Val set: Accuracy: 1704/2231 76.38%, 0.04429733361806745
-----------------------------------
-----------------------------------
Test set: Accuracy: 3239/4439 72.97%, 0.05313990662458929
-----------------------------------
Best val: 78.31%, Corres: 75.56%, Best Test: 75.92%
[0.041406795015147, 0.04292608689682091, 0.04429733361806745]
[3000, 3300, 3600]
-----------------------------------
Val set: Accuracy: 1754/2231 78.62%, 0.04297923240251255
-----------------------------------
-----------------------------------
Test set: Accuracy: 3308/4439 74.52%, 0.05388643054908851
-----------------------------------
Best val: 78.62%, Corres: 74.52%, Best Test: 75.92%
[0.04292608689682091, 0.04429733361806745, 0.04297923240251255]
[3300, 3600, 3900]
-----------------------------------
Val set: Accuracy: 1738/2231 77.90%, 0.036760460663835655
-----------------------------------
-----------------------------------
Test set: Accuracy: 3368/4439 75.87%, 0.04497061416411411
-----------------------------------
Best val: 78.62%, Corres: 74.52%, Best Test: 75.92%
[0.04429733361806745, 0.04297923240251255, 0.036760460663835655]
[3600, 3900, 4200]
-----------------------------------
Val set: Accuracy: 1699/2231 76.15%, 0.04292795335241948
-----------------------------------
-----------------------------------
Test set: Accuracy: 3307/4439 74.50%, 0.04656745657017637
-----------------------------------
Best val: 78.62%, Corres: 74.52%, Best Test: 75.92%
[0.04297923240251255, 0.036760460663835655, 0.04292795335241948]
[3900, 4200, 4500]
-----------------------------------
Val set: Accuracy: 1727/2231 77.41%, 0.04322557294919105
-----------------------------------
-----------------------------------
Test set: Accuracy: 3307/4439 74.50%, 0.052312495079924595
-----------------------------------
Best val: 78.62%, Corres: 74.52%, Best Test: 75.92%
[0.036760460663835655, 0.04292795335241948, 0.04322557294919105]
[4200, 4500, 4800]
-----------------------------------
Val set: Accuracy: 1744/2231 78.17%, 0.04209658239038468
-----------------------------------
-----------------------------------
Test set: Accuracy: 3293/4439 74.18%, 0.05178767612812808
-----------------------------------
Best val: 78.62%, Corres: 74.52%, Best Test: 75.92%
[0.04292795335241948, 0.04322557294919105, 0.04209658239038468]
[4500, 4800, 4999]
-----------------------------------
Test set: Accuracy: 3507/4439 79.00%, 0.03388778198546914
-----------------------------------
-----------------------------------
Test set: SWAD-encoder + Last-protype Accuracy: 3507/4439 1.51%, 0.03388778198546914
-----------------------------------
tensor([[ 0,  0,  0,  ...,  9, 10,  4],
        [ 0,  3,  0,  ...,  6,  1,  5],
        [ 0,  2,  1,  ..., 24,  1, 10]], device='cuda:0', dtype=torch.int32)
tensor([  0,   5,   1,   9,  11,  11,   0,  15,   7,   6,  24,   0,   1,   1,
          2,   6,   7,  50,   2,  38,  14,   2,  29,  10,   0,  45,   8,   9,
          1,   1,  12,   2,   6,   1,  19,   5,   0,   0,  37,   3,  13,  57,
         12,  21,   0,  20,  11,   0,   0,   5,  60,   9,   3,   9,   0,  31,
         17,  70,   8,  17,   0,   0,  45,   2,  13,  50,   2,  55,   7,   3,
          5,   0,   8,  28,   0,   8,  26,   7,  25,   4,  19,   1,   9,   4,
          0,  77,  30,  26,   1,  51,   0,  10,  26,  96,   5,   0,   5,   2,
         12,  30,  92,  38,  35,   7,  29,  25,   2,  56,  73,   8,  10,   0,
          5,  11,   1,   0,   9,   0,  10,   6,  12,   3,   9,  24,   9,  14,
          4,   2,   3,   2, 111,   5,   6,   0,  94,  85,  16,   6,   9,  28,
          1,   8,   7,  13,  23,  42,  11,  14,  34,  18,  39,   2,   3,   1,
          0,  31,  24,   7,  24,  16,  15,   0,   0,   7,   7,   4,  54,   1,
         17,   0,   0,   3,   4,   6,  10,  70,  43,   1,  15,  10,  13,  19,
          2,  25,  57,  88,   1, 107,  15,  10,   1,  10,   1,  39,  19,   5,
          4,   2,   0,  33, 103,  81,   0,   1,   3,   7,  17,   0,  47,  30,
         24,   3,   2,  50,   1,  27,   7,  27,  11,   2,  31,  10,  35,   8,
          1,   2,  57,  16,   3,   1,   5,   4,  31,  18,  45,   2,  89,  20,
         16,   1,   1,   1,   2,   5,   5,  27,   1,   3,  15,  12,   1,   4,
          0,   0,  27,   4,   0,  13,  29,  11,   1,   0,   3,   3,  35,  18,
          0,   1,   4,  24,   1,   1,   4,   3,   1,  76,   3,   0,  66,   0,
         22,  18,   0,   8,  82,   1,  42,  29,   6,   0,   3,   3,  13,  29,
          0,   8,   8,  71,   1,  19,  15,   4,   1,  11,  38,   1,   2,  84,
         41,  14,   7,   5,  15,  28,   5,   0,   2,  53,  22,  28,  11,  52,
         17,   6,   4,   0,  49,  89,  16,   2,  16,  11,  39,   1,  40,  17,
         30,  63,  17,   0,  42,   2,   5,   2,  21,  14,  35,  16,  51,   2,
         32,  58,   3,   0,  19,   0,   3,   4,   4,  45,  82,   1,  19,   2,
          2,   3,   0,  12,  18,   4,   1,  52,   8,   3,  14,  28,   6,   2,
         13,   1,   9,   5,  18,  57,   7,   7,   5,   2,   2,   5,  10,  15,
         15,   0,  23,   7,   9,  15,   4,  12,   6,  12,  57,   0,   5,   1,
         27,   3,  20,   1, 118,   3,   0,  67,  53,  88,   2,  12,   0,   0,
         17,  28,   8,  57,  46,  11,  46,   2,  18,   5,   0,  65,   8,  12,
          0,   0,  24,   1,  16,   2,   9,   1,  31,   4,  14,  15,  21,   7,
          0,  36,  19,   4,   1,   9,  17,  46,   1,   7,  62,   1,  23,   8,
        123,  17,   5,  41,   0,  56,  15,   2,   3,   8,  30,   0,  18,  21,
          5,   2,   6,   6,   8,   0,  43,  16,   8,   4,  16,   6,   5,   1,
         16,   2,   5,   0,  30,  18,  43,   2,  32,   0,   2,   6,  12,   0,
         28,  11,   4,   2,  27,   1,  49,  31,   5,  82,   0,  76,   0,  39,
         12,  19], device='cuda:0', dtype=torch.int32)
fault_map: tensor(6, device='cuda:0')
Train:  0   1941
Train:  1   3492
Train:  2   3551
Val_size:  0.2
Val:  2247
Test:  4357
-----------------------------------
Val set: Accuracy: 1709/2247 76.06%, 0.0289454816359385
-----------------------------------
-----------------------------------
Test set: Accuracy: 3266/4357 74.96%, 0.03123926977590748
-----------------------------------
Best val: 76.06%, Corres: 74.96%, Best Test: 74.96%
[0.0289454816359385]
[300]
-----------------------------------
Val set: Accuracy: 1758/2247 78.24%, 0.029901798633824573
-----------------------------------
-----------------------------------
Test set: Accuracy: 3277/4357 75.21%, 0.0359075591277713
-----------------------------------
Best val: 78.24%, Corres: 75.21%, Best Test: 75.21%
[0.0289454816359385, 0.029901798633824573]
[300, 600]
-----------------------------------
Val set: Accuracy: 1760/2247 78.33%, 0.038676784864142305
-----------------------------------
-----------------------------------
Test set: Accuracy: 3182/4357 73.03%, 0.0485927663661933
-----------------------------------
Best val: 78.33%, Corres: 73.03%, Best Test: 75.21%
[0.0289454816359385, 0.029901798633824573, 0.038676784864142305]
[300, 600, 900]
Model converged at step 300, Start step = 301; Threshold = 0.042260, 
-----------------------------------
Val set: Accuracy: 1772/2247 78.86%, 0.03462532271672924
-----------------------------------
-----------------------------------
Test set: Accuracy: 3274/4357 75.14%, 0.04631479782504386
-----------------------------------
Best val: 78.86%, Corres: 75.14%, Best Test: 75.21%
[0.029901798633824573, 0.038676784864142305, 0.03462532271672924]
[600, 900, 1200]
-----------------------------------
Val set: Accuracy: 1770/2247 78.77%, 0.03893302812340077
-----------------------------------
-----------------------------------
Test set: Accuracy: 3284/4357 75.37%, 0.047677798163220944
-----------------------------------
Best val: 78.86%, Corres: 75.14%, Best Test: 75.37%
[0.038676784864142305, 0.03462532271672924, 0.03893302812340077]
[900, 1200, 1500]
-----------------------------------
Val set: Accuracy: 1775/2247 78.99%, 0.03794491093922415
-----------------------------------
-----------------------------------
Test set: Accuracy: 3229/4357 74.11%, 0.04925060346135963
-----------------------------------
Best val: 78.99%, Corres: 74.11%, Best Test: 75.37%
[0.03462532271672924, 0.03893302812340077, 0.03794491093922415]
[1200, 1500, 1800]
-----------------------------------
Val set: Accuracy: 1779/2247 79.17%, 0.04405457188566367
-----------------------------------
-----------------------------------
Test set: Accuracy: 3319/4357 76.18%, 0.05793947100896701
-----------------------------------
Best val: 79.17%, Corres: 76.18%, Best Test: 76.18%
[0.03893302812340077, 0.03794491093922415, 0.04405457188566367]
[1500, 1800, 2100]
-----------------------------------
Val set: Accuracy: 1797/2247 79.97%, 0.038984749597568986
-----------------------------------
-----------------------------------
Test set: Accuracy: 3317/4357 76.13%, 0.04808025953834846
-----------------------------------
Best val: 79.97%, Corres: 76.13%, Best Test: 76.18%
[0.03794491093922415, 0.04405457188566367, 0.038984749597568986]
[1800, 2100, 2400]
-----------------------------------
Val set: Accuracy: 1833/2247 81.58%, 0.03828011791030725
-----------------------------------
-----------------------------------
Test set: Accuracy: 3370/4357 77.35%, 0.05004456212333924
-----------------------------------
Best val: 81.58%, Corres: 77.35%, Best Test: 77.35%
[0.04405457188566367, 0.038984749597568986, 0.03828011791030725]
[2100, 2400, 2700]
-----------------------------------
Val set: Accuracy: 1823/2247 81.13%, 0.03951962423499659
-----------------------------------
-----------------------------------
Test set: Accuracy: 3315/4357 76.08%, 0.052385536431553865
-----------------------------------
Best val: 81.58%, Corres: 77.35%, Best Test: 77.35%
[0.038984749597568986, 0.03828011791030725, 0.03951962423499659]
[2400, 2700, 3000]
-----------------------------------
Val set: Accuracy: 1830/2247 81.44%, 0.041218848313769874
-----------------------------------
-----------------------------------
Test set: Accuracy: 3393/4357 77.87%, 0.05253924240948822
-----------------------------------
Best val: 81.58%, Corres: 77.35%, Best Test: 77.87%
[0.03828011791030725, 0.03951962423499659, 0.041218848313769874]
[2700, 3000, 3300]
-----------------------------------
Val set: Accuracy: 1780/2247 79.22%, 0.03836795081176
-----------------------------------
-----------------------------------
Test set: Accuracy: 3297/4357 75.67%, 0.04847769573924755
-----------------------------------
Best val: 81.58%, Corres: 77.35%, Best Test: 77.87%
[0.03951962423499659, 0.041218848313769874, 0.03836795081176]
[3000, 3300, 3600]
-----------------------------------
Val set: Accuracy: 1780/2247 79.22%, 0.04099703492935785
-----------------------------------
-----------------------------------
Test set: Accuracy: 3192/4357 73.26%, 0.056881451008519476
-----------------------------------
Best val: 81.58%, Corres: 77.35%, Best Test: 77.87%
[0.041218848313769874, 0.03836795081176, 0.04099703492935785]
[3300, 3600, 3900]
-----------------------------------
Val set: Accuracy: 1783/2247 79.35%, 0.04280126744049838
-----------------------------------
-----------------------------------
Test set: Accuracy: 3310/4357 75.97%, 0.050938671002058025
-----------------------------------
Best val: 81.58%, Corres: 77.35%, Best Test: 77.87%
[0.03836795081176, 0.04099703492935785, 0.04280126744049838]
[3600, 3900, 4200]
-----------------------------------
Val set: Accuracy: 1826/2247 81.26%, 0.036276017380758134
-----------------------------------
-----------------------------------
Test set: Accuracy: 3399/4357 78.01%, 0.04855312748710425
-----------------------------------
Best val: 81.58%, Corres: 77.35%, Best Test: 78.01%
[0.04099703492935785, 0.04280126744049838, 0.036276017380758134]
[3900, 4200, 4500]
-----------------------------------
Val set: Accuracy: 1823/2247 81.13%, 0.03633254448645742
-----------------------------------
-----------------------------------
Test set: Accuracy: 3279/4357 75.26%, 0.05281354295184609
-----------------------------------
Best val: 81.58%, Corres: 77.35%, Best Test: 78.01%
[0.04280126744049838, 0.036276017380758134, 0.03633254448645742]
[4200, 4500, 4800]
-----------------------------------
Val set: Accuracy: 1789/2247 79.62%, 0.04042953638791786
-----------------------------------
-----------------------------------
Test set: Accuracy: 3196/4357 73.35%, 0.05722952720502202
-----------------------------------
Best val: 81.58%, Corres: 77.35%, Best Test: 78.01%
[0.036276017380758134, 0.03633254448645742, 0.04042953638791786]
[4500, 4800, 4999]
-----------------------------------
Test set: Accuracy: 3487/4357 80.03%, 0.03318504469769653
-----------------------------------
-----------------------------------
Test set: SWAD-encoder + Last-protype Accuracy: 3487/4357 1.22%, 0.03318504469769653
-----------------------------------
tensor([[ 0,  2,  0,  ...,  0,  0,  2],
        [ 2,  0,  0,  ...,  8,  0,  1],
        [ 2,  0,  0,  ...,  0,  0, 20]], device='cuda:0', dtype=torch.int32)
tensor([  4,   2,   0,  29,   2,  21,  16,   2,  58,   7,   0,  18,  91,   5,
         10,   0,   5,  17,  23,   0,  29,   2,  19,  13,   5,  34,   5,   0,
          4,   1,   2,   1,  18,   0,  26,  10,  30,  25,  36,   2,   7,  56,
         11,   0,   0,  12,   0,   6,   0,  14,   6,  11,  12,  20,   9,  12,
         16,   2,   2,  11,  22,  12,  21,  88,   7,  13,  10,   5,  18,  26,
          4,  41,  19,  19,  88,   7,   4,   7,   0,   9,   3,   0,  40,   9,
         21,   2,  27,  56,  14,   4,   0,   0,   0,   0,   2,   0,   3,   2,
         20,  66,  34,  37,  98,  63,  17,  21,  43,   8,  29, 119,   3,  19,
         29,   5,  43,   3,   1,   8,   0,   1,   8,  15,  20,  17,   2,   0,
          8,  19,   7,  15,  39,  39,   2,   9,  14,  55,   1,  26,   6,  55,
         90,   3,   7,   2,   1,  39,  16,   1,  25,   6,   5,  37,   0,   5,
          3,   0,   0,   3,   8,   1,  46,  33,  15,   7,   4,   2,  25,  19,
          3,   0,   0,   9,   2,  62,  13,  24,  40, 132,   7,   0,  80,  11,
          2,   4,  41,   0,  71,   6,  59,   0,   3,  14,  15,   2,   0,   3,
         14,  10,   0,   6,   1,  12,  10,  11,   4,   2,  18,   1,   0,   5,
          0,  65,  26,   5,  18,   8,   8,   1,  13,   5,   0,   4,  73,   5,
         26,   3,  43,  36,   2,   1,  82,  36,   2,   1,  50,  20,   9,  13,
         45,   8,  49,  67,   2,  17,  13, 111,   7,   6,  95,   1,   6,  28,
          2,  58,  22,   4,   0,   7,  18,  27,   0,   8,  19,   2,  46,  35,
         48,  31,  17,   4,   4,  28,  32,  72,   9,   2,  15,   8,   0,  12,
          1,  54,   4,   0,  36,   9,   0,  24,  34,  17,   0,  12,  20,   0,
        113,   1,  13,   4,   2,  12,   4,   3,  12,  42,   0,   0,   2,  23,
          4,  98,  18,   2,  52,  14,   6,   5,   0,   1,   7,   3,  20,  67,
          9,   6,  13,   5,   2,   1,  79,  63,  79,   9,   2,   4,  14,   9,
         10,  20,   0,   1,  12,   7,  14,  29,  13,  40,  16,   0,   7,   0,
        124,  17,  27,   0,   0,  58,  17,  13,  13,   8,  51,  31,  25,   6,
          0,  20,   4,   0,  40,  18,  35,   1,   1,   2,   3,  13,  58,   1,
          1,  49,   3,  12,   4,   1,   3,   9,  27, 108,  10,   1,  31,   0,
         10,   5,   5,   6,  27,   3,  15,   2,   4,   4,   0,   2,   3,   3,
         10,  50,  10,  38,   4,   9,   1,   9,   7,  36,  10,   8,   7,  24,
        123,  13,   3,   2,   3,   2,   6,   0,   7,   7,   6,  13,   0,   0,
         22,   4,   0,   2,   4,   0,  15,   2,  37,  32,   8,   3,   4,   8,
          2,   3,  14,   1,  27,  75,   3,  35,   3,  15,   5,   6,   1,   0,
         82,  43,   1,   0,  43,   0,  12,   4,   1,   7,   0,  11,  24,  82,
         24,  20,   2,  15,   9,   8,  50,  79,  51,   0,  38,   1,   3,   0,
          0,   3,   7,   9,  28,  12,  18,  15,   1,  66,  12,  20,  11,  15,
         13,   1,  70,  30,   3,   3,   4,  14,   5,   0,   2,   0,   3,   8,
          0,  23], device='cuda:0', dtype=torch.int32)
fault_map: tensor(5, device='cuda:0')
[36mINFO[0m 07/10 18:18:43 | === Summary ===
[36mINFO[0m 07/10 18:18:43 | Command: train_all.py PACS0 --dataset OfficeHome --deterministic --seed 0 --checkpoint_freq 300 --data_dir /home/shared/data/DomainBed --algorithm BAIR --pretrained
[36mINFO[0m 07/10 18:18:43 | Unique name: 240710_12-15-18_PACS0
[36mINFO[0m 07/10 18:18:43 | Out path: train_output/OfficeHome/240710_12-15-18_PACS0
[36mINFO[0m 07/10 18:18:43 | Algorithm: BAIR
[36mINFO[0m 07/10 18:18:43 | Dataset: OfficeHome
+------------------+---------+---------+---------+-----------+---------+
|    Selection     |   Art   | Clipart | Product | RealWorld |   Avg.  |
+------------------+---------+---------+---------+-----------+---------+
|    prototype     |  1.937% |  0.916% |  1.509% |   1.216%  |  1.395% |
| classifer weight | 67.862% | 57.182% | 79.004% |  80.032%  | 71.020% |
+------------------+---------+---------+---------+-----------+---------+
