Namespace(algorithm='SRA', checkpoint_freq=300, ckpt='', data_dir='/home/shared/data/DomainBed/', dataset='OfficeHome', plotdir='', save_model_dir='', seed=1, start_swad=0.0, target='Product')
Namespace(dataset='OfficeHome', exp_name='OfficeHome_Product', iterations=5000, n_classes=65, n_domain_classes=3, src_data_path='/home/shared/data/DomainBed//OfficeHome/', src_train_meta_filenames=['domainbed/configs/data_list/OfficeHome/Art.txt', 'domainbed/configs/data_list/OfficeHome/Clipart.txt', 'domainbed/configs/data_list/OfficeHome/RealWorld.txt'], target_test_meta_filenames=['domainbed/configs/data_list/OfficeHome/Product.txt'], val_size=0.2)
{'data_augmentation': True, 'val_augment': False, 'resnet18': False, 'resnet_dropout': 0.0, 'class_balanced': False, 'optimizer': 'adam', 'freeze_bn': True, 'pretrained': True, 'lr': 5e-05, 'batch_size': 32, 'weight_decay': 0.0, 'disc_weight': 0.01, 'warm_up': 500, 'maxinfo_weight': 0.0, 'ot_weight': 0.1, 'prototype_per_class': 16, 'pro_weight': 0.01, 'mlp_width': 256, 'mlp_depth': 3, 'mlp_dropout': 0.5}
Train:  0   1941
Train:  1   3492
Train:  2   3485
Val_size:  0.2
Val:  2231
Test:  4439
-----------------------------------
Val Single set: Accuracy: 1001/2231 44.87%, 0.09827763646346793
-----------------------------------
-----------------------------------
Val set: Single-encoder + protype Accuracy: 1001/2231 1.61%, 0.09827763646346793
-----------------------------------
-----------------------------------
Test Single set: Accuracy: 2120/4439 47.76%, 0.03305753224281127
-----------------------------------
-----------------------------------
Test set: Single-encoder + protype Accuracy: 2120/4439 1.51%, 0.03305753224281127
-----------------------------------
Best val: 44.87%, Corres: 47.76%, Best Test: 47.76%
None
[0.09827763646346793]
[300]
[300]
-----------------------------------
Val Single set: Accuracy: 1584/2231 71.00%, 0.03331075020298088
-----------------------------------
-----------------------------------
Val set: Single-encoder + protype Accuracy: 1584/2231 1.17%, 0.03331075020298088
-----------------------------------
-----------------------------------
Test Single set: Accuracy: 3191/4439 71.89%, 0.010577085118058513
-----------------------------------
-----------------------------------
Test set: Single-encoder + protype Accuracy: 3191/4439 1.46%, 0.010577085118058513
-----------------------------------
Best val: 71.00%, Corres: 71.89%, Best Test: 71.89%
None
[0.09827763646346793, 0.03331075020298088]
[300, 600]
[300, 600]
-----------------------------------
Val Single set: Accuracy: 1710/2231 76.65%, 0.028867876032765593
-----------------------------------
-----------------------------------
Val set: Single-encoder + protype Accuracy: 1710/2231 73.24%, 0.028867876032765593
-----------------------------------
-----------------------------------
Test Single set: Accuracy: 3351/4439 75.49%, 0.01034968986680954
-----------------------------------
-----------------------------------
Test set: Single-encoder + protype Accuracy: 3351/4439 72.20%, 0.01034968986680954
-----------------------------------
Best val: 76.65%, Corres: 75.49%, Best Test: 75.49%
None
[0.09827763646346793, 0.03331075020298088, 0.028867876032765593]
[300, 600, 900]
[300, 600, 900]
min_idx:  2
-----------------------------------
Val Single set: Accuracy: 1738/2231 77.90%, 0.028539498008082982
-----------------------------------
-----------------------------------
Val set: Single-encoder + protype Accuracy: 1738/2231 75.53%, 0.028539498008082982
-----------------------------------
-----------------------------------
Test Single set: Accuracy: 3296/4439 74.25%, 0.011363871599517983
-----------------------------------
-----------------------------------
Test set: Single-encoder + protype Accuracy: 3296/4439 73.35%, 0.011363871599517983
-----------------------------------
Best val: 77.90%, Corres: 74.25%, Best Test: 75.49%
None
[0.03331075020298088, 0.028867876032765593, 0.028539498008082982]
[600, 900, 1200]
[300, 600, 900, 1200]
min_idx:  2
-----------------------------------
Val Single set: Accuracy: 1729/2231 77.50%, 0.034536890829159825
-----------------------------------
-----------------------------------
Val set: Single-encoder + protype Accuracy: 1729/2231 76.06%, 0.034536890829159825
-----------------------------------
-----------------------------------
Test Single set: Accuracy: 3229/4439 72.74%, 0.013098614394839322
-----------------------------------
-----------------------------------
Test set: Single-encoder + protype Accuracy: 3229/4439 71.86%, 0.013098614394839322
-----------------------------------
Best val: 77.90%, Corres: 74.25%, Best Test: 75.49%
None
[0.028867876032765593, 0.028539498008082982, 0.034536890829159825]
[900, 1200, 1500]
[300, 600, 900, 1200, 1500]
min_idx:  1
-----------------------------------
Val Single set: Accuracy: 1741/2231 78.04%, 0.03205666469651346
-----------------------------------
-----------------------------------
Val set: Single-encoder + protype Accuracy: 1741/2231 75.93%, 0.03205666469651346
-----------------------------------
-----------------------------------
Test Single set: Accuracy: 3290/4439 74.12%, 0.012386976208980086
-----------------------------------
-----------------------------------
Test set: Single-encoder + protype Accuracy: 3290/4439 72.72%, 0.012386976208980086
-----------------------------------
Best val: 78.04%, Corres: 74.12%, Best Test: 75.49%
None
[0.028539498008082982, 0.034536890829159825, 0.03205666469651346]
[1200, 1500, 1800]
[300, 600, 900, 1200, 1500, 1800]
min_idx:  0
Model converged at step 1200, Start step = 601; Threshold = 0.041224, 
-----------------------------------
Val Single set: Accuracy: 1753/2231 78.57%, 0.03290640244511733
-----------------------------------
-----------------------------------
Val set: Single-encoder + protype Accuracy: 1753/2231 77.01%, 0.03290640244511733
-----------------------------------
-----------------------------------
Test Single set: Accuracy: 3340/4439 75.24%, 0.012823090749459375
-----------------------------------
-----------------------------------
Test set: Single-encoder + protype Accuracy: 3340/4439 74.21%, 0.012823090749459375
-----------------------------------
Best val: 78.57%, Corres: 75.24%, Best Test: 75.49%
0.04122432319796105
[0.034536890829159825, 0.03205666469651346, 0.03290640244511733]
[1500, 1800, 2100]
[600, 900, 1200, 1500, 1800, 2100]
-----------------------------------
Val Single set: Accuracy: 1716/2231 76.92%, 0.03856512009162424
-----------------------------------
-----------------------------------
Val set: Single-encoder + protype Accuracy: 1716/2231 76.29%, 0.03856512009162424
-----------------------------------
-----------------------------------
Test Single set: Accuracy: 3270/4439 73.67%, 0.014023589252700513
-----------------------------------
-----------------------------------
Test set: Single-encoder + protype Accuracy: 3270/4439 73.85%, 0.014023589252700513
-----------------------------------
Best val: 78.57%, Corres: 75.24%, Best Test: 75.49%
0.04122432319796105
[0.03205666469651346, 0.03290640244511733, 0.03856512009162424]
[1800, 2100, 2400]
[900, 1200, 1500, 1800, 2100, 2400]
-----------------------------------
Val Single set: Accuracy: 1721/2231 77.14%, 0.0351277491347451
-----------------------------------
-----------------------------------
Val set: Single-encoder + protype Accuracy: 1721/2231 77.10%, 0.0351277491347451
-----------------------------------
-----------------------------------
Test Single set: Accuracy: 3282/4439 73.94%, 0.013903036455120903
-----------------------------------
-----------------------------------
Test set: Single-encoder + protype Accuracy: 3282/4439 74.18%, 0.013903036455120903
-----------------------------------
Best val: 78.57%, Corres: 75.24%, Best Test: 75.49%
0.04122432319796105
[0.03290640244511733, 0.03856512009162424, 0.0351277491347451]
[2100, 2400, 2700]
[1200, 1500, 1800, 2100, 2400, 2700]
-----------------------------------
Val Single set: Accuracy: 1731/2231 77.59%, 0.03576553029524591
-----------------------------------
-----------------------------------
Val set: Single-encoder + protype Accuracy: 1731/2231 76.24%, 0.03576553029524591
-----------------------------------
-----------------------------------
Test Single set: Accuracy: 3263/4439 73.51%, 0.014751552890941726
-----------------------------------
-----------------------------------
Test set: Single-encoder + protype Accuracy: 3263/4439 72.92%, 0.014751552890941726
-----------------------------------
Best val: 78.57%, Corres: 75.24%, Best Test: 75.49%
0.04122432319796105
[0.03856512009162424, 0.0351277491347451, 0.03576553029524591]
[2400, 2700, 3000]
[1500, 1800, 2100, 2400, 2700, 3000]
-----------------------------------
Val Single set: Accuracy: 1708/2231 76.56%, 0.041443878862420735
-----------------------------------
-----------------------------------
Val set: Single-encoder + protype Accuracy: 1708/2231 75.97%, 0.041443878862420735
-----------------------------------
-----------------------------------
Test Single set: Accuracy: 3312/4439 74.61%, 0.015127732299098723
-----------------------------------
-----------------------------------
Test set: Single-encoder + protype Accuracy: 3312/4439 73.35%, 0.015127732299098723
-----------------------------------
Best val: 78.57%, Corres: 75.24%, Best Test: 75.49%
0.04122432319796105
[0.0351277491347451, 0.03576553029524591, 0.041443878862420735]
[2700, 3000, 3300]
[1800, 2100, 2400, 2700, 3000, 3300]
-----------------------------------
Val Single set: Accuracy: 1720/2231 77.10%, 0.037672805624497624
-----------------------------------
-----------------------------------
Val set: Single-encoder + protype Accuracy: 1720/2231 76.51%, 0.037672805624497624
-----------------------------------
-----------------------------------
Test Single set: Accuracy: 3272/4439 73.71%, 0.014657501346975276
-----------------------------------
-----------------------------------
Test set: Single-encoder + protype Accuracy: 3272/4439 74.00%, 0.014657501346975276
-----------------------------------
Best val: 78.57%, Corres: 75.24%, Best Test: 75.49%
0.04122432319796105
[0.03576553029524591, 0.041443878862420735, 0.037672805624497624]
[3000, 3300, 3600]
[2100, 2400, 2700, 3000, 3300, 3600]
-----------------------------------
Val Single set: Accuracy: 1768/2231 79.25%, 0.042748223828232804
-----------------------------------
-----------------------------------
Val set: Single-encoder + protype Accuracy: 1768/2231 78.35%, 0.042748223828232804
-----------------------------------
-----------------------------------
Test Single set: Accuracy: 3266/4439 73.58%, 0.01757685078455269
-----------------------------------
-----------------------------------
Test set: Single-encoder + protype Accuracy: 3266/4439 73.55%, 0.01757685078455269
-----------------------------------
Best val: 79.25%, Corres: 73.58%, Best Test: 75.49%
0.04122432319796105
[0.041443878862420735, 0.037672805624497624, 0.042748223828232804]
[3300, 3600, 3900]
[2400, 2700, 3000, 3300, 3600, 3900]
-----------------------------------
Val Single set: Accuracy: 1731/2231 77.59%, 0.03849857668874511
-----------------------------------
-----------------------------------
Val set: Single-encoder + protype Accuracy: 1731/2231 76.92%, 0.03849857668874511
-----------------------------------
-----------------------------------
Test Single set: Accuracy: 3237/4439 72.92%, 0.015273495948000463
-----------------------------------
-----------------------------------
Test set: Single-encoder + protype Accuracy: 3237/4439 73.44%, 0.015273495948000463
-----------------------------------
Best val: 79.25%, Corres: 73.58%, Best Test: 75.49%
0.04122432319796105
[0.037672805624497624, 0.042748223828232804, 0.03849857668874511]
[3600, 3900, 4200]
[2700, 3000, 3300, 3600, 3900, 4200]
-----------------------------------
Val Single set: Accuracy: 1714/2231 76.83%, 0.043035494364841484
-----------------------------------
-----------------------------------
Val set: Single-encoder + protype Accuracy: 1714/2231 76.33%, 0.043035494364841484
-----------------------------------
-----------------------------------
Test Single set: Accuracy: 3327/4439 74.95%, 0.014562065589532682
-----------------------------------
-----------------------------------
Test set: Single-encoder + protype Accuracy: 3327/4439 74.39%, 0.014562065589532682
-----------------------------------
Best val: 79.25%, Corres: 73.58%, Best Test: 75.49%
0.04122432319796105
[0.042748223828232804, 0.03849857668874511, 0.043035494364841484]
[3900, 4200, 4500]
[3000, 3300, 3600, 3900, 4200, 4500]
-----------------------------------
Val Single set: Accuracy: 1732/2231 77.63%, 0.04087879416227661
-----------------------------------
-----------------------------------
Val set: Single-encoder + protype Accuracy: 1732/2231 77.63%, 0.04087879416227661
-----------------------------------
-----------------------------------
Test Single set: Accuracy: 3240/4439 72.99%, 0.015968005569648787
-----------------------------------
-----------------------------------
Test set: Single-encoder + protype Accuracy: 3240/4439 72.20%, 0.015968005569648787
-----------------------------------
Best val: 79.25%, Corres: 73.58%, Best Test: 75.49%
0.04122432319796105
[0.03849857668874511, 0.043035494364841484, 0.04087879416227661]
[4200, 4500, 4800]
[3300, 3600, 3900, 4200, 4500, 4800]
-----------------------------------
Val Single set: Accuracy: 1726/2231 77.36%, 0.039852740684735405
-----------------------------------
-----------------------------------
Val set: Single-encoder + protype Accuracy: 1726/2231 76.92%, 0.039852740684735405
-----------------------------------
-----------------------------------
Test Single set: Accuracy: 3264/4439 73.53%, 0.01599552704759427
-----------------------------------
-----------------------------------
Test set: Single-encoder + protype Accuracy: 3264/4439 73.64%, 0.01599552704759427
-----------------------------------
Best val: 79.25%, Corres: 73.58%, Best Test: 75.49%
0.04122432319796105
[0.043035494364841484, 0.04087879416227661, 0.039852740684735405]
[4500, 4800, 4999]
[3600, 3900, 4200, 4500, 4800, 4999]
-----------------------------------
Test SWAD set: Accuracy: 3520/4439 79.30%, 0.010486564249652924
-----------------------------------
-----------------------------------
Test set: SWAD-encoder + protype Accuracy: 3520/4439 77.81%, 0.010486564249652924
-----------------------------------
-----------------------------------
Val SWAD set: Accuracy: 1841/2231 82.52%, 0.026434679688065107
-----------------------------------
-----------------------------------
Val set: SWAD-encoder + protype Accuracy: 1841/2231 81.40%, 0.026434679688065107
-----------------------------------
tensor([[3, 3, 0,  ..., 1, 0, 8],
        [5, 1, 8,  ..., 1, 3, 0],
        [6, 3, 0,  ..., 1, 0, 1]], device='cuda:0', dtype=torch.int32)
tensor([14,  7,  8,  ...,  3,  3,  9], device='cuda:0', dtype=torch.int32)
fault_map: tensor(1, device='cuda:0')
Train:  0   1941
Train:  1   3492
Train:  2   3485
Val_size:  0.2
Val:  2231
Test:  4439
