Namespace(algorithm='SRA', checkpoint_freq=300, ckpt='', data_dir='/home/shared/data/DomainBed/', dataset='OfficeHome', plotdir='', save_model_dir='', seed=1, start_swad=0.0, target='ClipArt')
Namespace(dataset='OfficeHome', exp_name='OfficeHome_Clipart', iterations=5000, n_classes=65, n_domain_classes=3, src_data_path='/home/shared/data/DomainBed//OfficeHome/', src_train_meta_filenames=['domainbed/configs/data_list/OfficeHome/Art.txt', 'domainbed/configs/data_list/OfficeHome/Product.txt', 'domainbed/configs/data_list/OfficeHome/RealWorld.txt'], target_test_meta_filenames=['domainbed/configs/data_list/OfficeHome/Clipart.txt'], val_size=0.2)
{'data_augmentation': True, 'val_augment': False, 'resnet18': False, 'resnet_dropout': 0.0, 'class_balanced': False, 'optimizer': 'adam', 'freeze_bn': True, 'pretrained': True, 'lr': 5e-05, 'batch_size': 32, 'weight_decay': 0.0, 'disc_weight': 0.01, 'warm_up': 500, 'maxinfo_weight': 0.0, 'ot_weight': 0.1, 'prototype_per_class': 16, 'pro_weight': 0.01, 'mlp_width': 256, 'mlp_depth': 3, 'mlp_dropout': 0.5}
Train:  0   1941
Train:  1   3551
Train:  2   3485
Val_size:  0.2
Val:  2246
Test:  4365
-----------------------------------
Val Single set: Accuracy: 1330/2246 59.22%, 0.09099215072706568
-----------------------------------
-----------------------------------
Val set: Single-encoder + protype Accuracy: 1330/2246 1.56%, 0.09099215072706568
-----------------------------------
-----------------------------------
Test Single set: Accuracy: 1587/4365 36.36%, 0.03522206210325401
-----------------------------------
-----------------------------------
Test set: Single-encoder + protype Accuracy: 1587/4365 1.10%, 0.03522206210325401
-----------------------------------
Best val: 59.22%, Corres: 36.36%, Best Test: 36.36%
None
[0.09099215072706568]
[300]
[300]
-----------------------------------
Val Single set: Accuracy: 1777/2246 79.12%, 0.0233548298371974
-----------------------------------
-----------------------------------
Val set: Single-encoder + protype Accuracy: 1777/2246 71.59%, 0.0233548298371974
-----------------------------------
-----------------------------------
Test Single set: Accuracy: 2174/4365 49.81%, 0.022129612628536945
-----------------------------------
-----------------------------------
Test set: Single-encoder + protype Accuracy: 2174/4365 46.80%, 0.022129612628536945
-----------------------------------
Best val: 79.12%, Corres: 49.81%, Best Test: 49.81%
None
[0.09099215072706568, 0.0233548298371974]
[300, 600]
[300, 600]
-----------------------------------
Val Single set: Accuracy: 1838/2246 81.83%, 0.021043492651951705
-----------------------------------
-----------------------------------
Val set: Single-encoder + protype Accuracy: 1838/2246 78.72%, 0.021043492651951705
-----------------------------------
-----------------------------------
Test Single set: Accuracy: 2319/4365 53.13%, 0.023902956460349747
-----------------------------------
-----------------------------------
Test set: Single-encoder + protype Accuracy: 2319/4365 51.84%, 0.023902956460349747
-----------------------------------
Best val: 81.83%, Corres: 53.13%, Best Test: 53.13%
None
[0.09099215072706568, 0.0233548298371974, 0.021043492651951705]
[300, 600, 900]
[300, 600, 900]
min_idx:  2
-----------------------------------
Val Single set: Accuracy: 1842/2246 82.01%, 0.022624466677701377
-----------------------------------
-----------------------------------
Val set: Single-encoder + protype Accuracy: 1842/2246 81.21%, 0.022624466677701377
-----------------------------------
-----------------------------------
Test Single set: Accuracy: 2267/4365 51.94%, 0.026322572843042572
-----------------------------------
-----------------------------------
Test set: Single-encoder + protype Accuracy: 2267/4365 51.48%, 0.026322572843042572
-----------------------------------
Best val: 82.01%, Corres: 51.94%, Best Test: 53.13%
None
[0.0233548298371974, 0.021043492651951705, 0.022624466677701377]
[600, 900, 1200]
[300, 600, 900, 1200]
min_idx:  1
-----------------------------------
Val Single set: Accuracy: 1853/2246 82.50%, 0.02415029005954442
-----------------------------------
-----------------------------------
Val set: Single-encoder + protype Accuracy: 1853/2246 80.94%, 0.02415029005954442
-----------------------------------
-----------------------------------
Test Single set: Accuracy: 2293/4365 52.53%, 0.02877036294849741
-----------------------------------
-----------------------------------
Test set: Single-encoder + protype Accuracy: 2293/4365 51.59%, 0.02877036294849741
-----------------------------------
Best val: 82.50%, Corres: 52.53%, Best Test: 53.13%
None
[0.021043492651951705, 0.022624466677701377, 0.02415029005954442]
[900, 1200, 1500]
[300, 600, 900, 1200, 1500]
min_idx:  0
Model converged at step 900, Start step = 601; Threshold = 0.029388, 
-----------------------------------
Val Single set: Accuracy: 1839/2246 81.88%, 0.027951414155328477
-----------------------------------
-----------------------------------
Val set: Single-encoder + protype Accuracy: 1839/2246 80.81%, 0.027951414155328477
-----------------------------------
-----------------------------------
Test Single set: Accuracy: 2270/4365 52.00%, 0.030123020816095098
-----------------------------------
-----------------------------------
Test set: Single-encoder + protype Accuracy: 2270/4365 52.71%, 0.030123020816095098
-----------------------------------
Best val: 82.50%, Corres: 52.53%, Best Test: 53.13%
0.02938790806865225
[0.022624466677701377, 0.02415029005954442, 0.027951414155328477]
[1200, 1500, 1800]
[300, 600, 900, 1200, 1500, 1800]
-----------------------------------
Val Single set: Accuracy: 1845/2246 82.15%, 0.029151849163395957
-----------------------------------
-----------------------------------
Val set: Single-encoder + protype Accuracy: 1845/2246 80.81%, 0.029151849163395957
-----------------------------------
-----------------------------------
Test Single set: Accuracy: 2199/4365 50.38%, 0.037181031949741324
-----------------------------------
-----------------------------------
Test set: Single-encoder + protype Accuracy: 2199/4365 50.24%, 0.037181031949741324
-----------------------------------
Best val: 82.50%, Corres: 52.53%, Best Test: 53.13%
0.02938790806865225
[0.02415029005954442, 0.027951414155328477, 0.029151849163395957]
[1500, 1800, 2100]
[600, 900, 1200, 1500, 1800, 2100]
-----------------------------------
Val Single set: Accuracy: 1844/2246 82.10%, 0.027548765767786986
-----------------------------------
-----------------------------------
Val set: Single-encoder + protype Accuracy: 1844/2246 81.75%, 0.027548765767786986
-----------------------------------
-----------------------------------
Test Single set: Accuracy: 2321/4365 53.17%, 0.03383908802974128
-----------------------------------
-----------------------------------
Test set: Single-encoder + protype Accuracy: 2321/4365 52.69%, 0.03383908802974128
-----------------------------------
Best val: 82.50%, Corres: 52.53%, Best Test: 53.17%
0.02938790806865225
[0.027951414155328477, 0.029151849163395957, 0.027548765767786986]
[1800, 2100, 2400]
[900, 1200, 1500, 1800, 2100, 2400]
-----------------------------------
Val Single set: Accuracy: 1824/2246 81.21%, 0.028325048959478138
-----------------------------------
-----------------------------------
Val set: Single-encoder + protype Accuracy: 1824/2246 80.50%, 0.028325048959478138
-----------------------------------
-----------------------------------
Test Single set: Accuracy: 2237/4365 51.25%, 0.03126375529091519
-----------------------------------
-----------------------------------
Test set: Single-encoder + protype Accuracy: 2237/4365 51.43%, 0.03126375529091519
-----------------------------------
Best val: 82.50%, Corres: 52.53%, Best Test: 53.17%
0.02938790806865225
[0.029151849163395957, 0.027548765767786986, 0.028325048959478138]
[2100, 2400, 2700]
[1200, 1500, 1800, 2100, 2400, 2700]
-----------------------------------
Val Single set: Accuracy: 1867/2246 83.13%, 0.026726082295763207
-----------------------------------
-----------------------------------
Val set: Single-encoder + protype Accuracy: 1867/2246 82.95%, 0.026726082295763207
-----------------------------------
-----------------------------------
Test Single set: Accuracy: 2295/4365 52.58%, 0.03574685573850984
-----------------------------------
-----------------------------------
Test set: Single-encoder + protype Accuracy: 2295/4365 52.94%, 0.03574685573850984
-----------------------------------
Best val: 83.13%, Corres: 52.58%, Best Test: 53.17%
0.02938790806865225
[0.027548765767786986, 0.028325048959478138, 0.026726082295763207]
[2400, 2700, 3000]
[1500, 1800, 2100, 2400, 2700, 3000]
-----------------------------------
Val Single set: Accuracy: 1856/2246 82.64%, 0.03176671741629817
-----------------------------------
-----------------------------------
Val set: Single-encoder + protype Accuracy: 1856/2246 81.79%, 0.03176671741629817
-----------------------------------
-----------------------------------
Test Single set: Accuracy: 2147/4365 49.19%, 0.039183325305973675
-----------------------------------
-----------------------------------
Test set: Single-encoder + protype Accuracy: 2147/4365 50.38%, 0.039183325305973675
-----------------------------------
Best val: 83.13%, Corres: 52.58%, Best Test: 53.17%
0.02938790806865225
[0.028325048959478138, 0.026726082295763207, 0.03176671741629817]
[2700, 3000, 3300]
[1800, 2100, 2400, 2700, 3000, 3300]
-----------------------------------
Val Single set: Accuracy: 1858/2246 82.72%, 0.03378437403075311
-----------------------------------
-----------------------------------
Val set: Single-encoder + protype Accuracy: 1858/2246 82.10%, 0.03378437403075311
-----------------------------------
-----------------------------------
Test Single set: Accuracy: 2271/4365 52.03%, 0.03871345191613642
-----------------------------------
-----------------------------------
Test set: Single-encoder + protype Accuracy: 2271/4365 52.14%, 0.03871345191613642
-----------------------------------
Best val: 83.13%, Corres: 52.58%, Best Test: 53.17%
0.02938790806865225
[0.026726082295763207, 0.03176671741629817, 0.03378437403075311]
[3000, 3300, 3600]
[2100, 2400, 2700, 3000, 3300, 3600]
-----------------------------------
Val Single set: Accuracy: 1853/2246 82.50%, 0.029921509096612914
-----------------------------------
-----------------------------------
Val set: Single-encoder + protype Accuracy: 1853/2246 82.32%, 0.029921509096612914
-----------------------------------
-----------------------------------
Test Single set: Accuracy: 2219/4365 50.84%, 0.03634299001606333
-----------------------------------
-----------------------------------
Test set: Single-encoder + protype Accuracy: 2219/4365 51.66%, 0.03634299001606333
-----------------------------------
Best val: 83.13%, Corres: 52.58%, Best Test: 53.17%
0.02938790806865225
[0.03176671741629817, 0.03378437403075311, 0.029921509096612914]
[3300, 3600, 3900]
[2400, 2700, 3000, 3300, 3600, 3900]
-----------------------------------
Val Single set: Accuracy: 1835/2246 81.70%, 0.03380998274442455
-----------------------------------
-----------------------------------
Val set: Single-encoder + protype Accuracy: 1835/2246 80.85%, 0.03380998274442455
-----------------------------------
-----------------------------------
Test Single set: Accuracy: 2136/4365 48.93%, 0.042366479079474835
-----------------------------------
-----------------------------------
Test set: Single-encoder + protype Accuracy: 2136/4365 49.21%, 0.042366479079474835
-----------------------------------
Best val: 83.13%, Corres: 52.58%, Best Test: 53.17%
0.02938790806865225
[0.03378437403075311, 0.029921509096612914, 0.03380998274442455]
[3600, 3900, 4200]
[2700, 3000, 3300, 3600, 3900, 4200]
-----------------------------------
Val Single set: Accuracy: 1855/2246 82.59%, 0.028982998317278397
-----------------------------------
-----------------------------------
Val set: Single-encoder + protype Accuracy: 1855/2246 81.70%, 0.028982998317278397
-----------------------------------
-----------------------------------
Test Single set: Accuracy: 2155/4365 49.37%, 0.03419356740763643
-----------------------------------
-----------------------------------
Test set: Single-encoder + protype Accuracy: 2155/4365 50.10%, 0.03419356740763643
-----------------------------------
Best val: 83.13%, Corres: 52.58%, Best Test: 53.17%
0.02938790806865225
[0.029921509096612914, 0.03380998274442455, 0.028982998317278397]
[3900, 4200, 4500]
[3000, 3300, 3600, 3900, 4200, 4500]
-----------------------------------
Val Single set: Accuracy: 1861/2246 82.86%, 0.03321575879833378
-----------------------------------
-----------------------------------
Val set: Single-encoder + protype Accuracy: 1861/2246 82.37%, 0.03321575879833378
-----------------------------------
-----------------------------------
Test Single set: Accuracy: 2355/4365 53.95%, 0.03283637305988343
-----------------------------------
-----------------------------------
Test set: Single-encoder + protype Accuracy: 2355/4365 54.32%, 0.03283637305988343
-----------------------------------
Best val: 83.13%, Corres: 52.58%, Best Test: 53.95%
0.02938790806865225
[0.03380998274442455, 0.028982998317278397, 0.03321575879833378]
[4200, 4500, 4800]
[3300, 3600, 3900, 4200, 4500, 4800]
-----------------------------------
Val Single set: Accuracy: 1845/2246 82.15%, 0.035246784068173
-----------------------------------
-----------------------------------
Val set: Single-encoder + protype Accuracy: 1845/2246 81.39%, 0.035246784068173
-----------------------------------
-----------------------------------
Test Single set: Accuracy: 2248/4365 51.50%, 0.03692423546300584
-----------------------------------
-----------------------------------
Test set: Single-encoder + protype Accuracy: 2248/4365 50.88%, 0.03692423546300584
-----------------------------------
Best val: 83.13%, Corres: 52.58%, Best Test: 53.95%
0.02938790806865225
[0.028982998317278397, 0.03321575879833378, 0.035246784068173]
[4500, 4800, 4999]
[3600, 3900, 4200, 4500, 4800, 4999]
-----------------------------------
Test SWAD set: Accuracy: 2534/4365 58.05%, 0.026410609565649654
-----------------------------------
-----------------------------------
Test set: SWAD-encoder + protype Accuracy: 2534/4365 57.69%, 0.026410609565649654
-----------------------------------
-----------------------------------
Val SWAD set: Accuracy: 1964/2246 87.44%, 0.018302254742036308
-----------------------------------
-----------------------------------
Val set: SWAD-encoder + protype Accuracy: 1964/2246 86.38%, 0.018302254742036308
-----------------------------------
tensor([[ 0,  2,  0,  ...,  4, 21,  4],
        [ 1,  3,  0,  ...,  3,  4,  0],
        [ 4,  2,  0,  ...,  7, 24,  0]], device='cuda:0', dtype=torch.int32)
tensor([ 5,  7,  0,  ..., 14, 49,  4], device='cuda:0', dtype=torch.int32)
fault_map: tensor(1, device='cuda:0')
Train:  0   1941
Train:  1   3551
Train:  2   3485
Val_size:  0.2
Val:  2246
Test:  4365
