[36mINFO[0m 07/10 12:15:18 | Command :: train_all.py PACS0 --dataset OfficeHome --deterministic --seed 2 --checkpoint_freq 300 --data_dir /home/shared/data/DomainBed --algorithm BAIR --pretrained
Environment:
	Python: 3.7.9
	PyTorch: 1.13.1+cu117
	Torchvision: 0.14.1+cu117
	CUDA: 11.7
	CUDNN: 8500
	NumPy: 1.21.6
	PIL: 9.5.0
Args:
	algorithm: BAIR
	checkpoint_freq: 300
	configs: []
	data_dir: /home/shared/data/DomainBed
	dataset: OfficeHome
	debug: False
	deterministic: True
	evalmode: fast
	holdout_fraction: 0.2
	model_save: None
	name: PACS0
	no_swad: False
	out_dir: train_output/OfficeHome/240710_12-15-18_PACS0
	out_root: train_output/OfficeHome
	prebuild_loader: False
	pretrained: True
	run_name: 240710_12-15-18_PACS0
	seed: 2
	show: False
	start_swad: 0.0
	steps: None
	tb_freq: 10
	test_envs: None
	trial_seed: 0
	unique_name: 240710_12-15-18_PACS0
	work_dir: .
HParams:
	data_augmentation: True
	val_augment: False
	resnet18: False
	resnet_dropout: 0.0
	class_balanced: False
	optimizer: adam
	freeze_bn: True
	pretrained: True
	lr: 5e-05
	batch_size: 32
	weight_decay: 0.0
	disc_weight: 0.01
	warm_up: 300
	maxinfo_weight: 0.1
	ot_weight: 0.1
	prototype_per_class: 8
	mlp_width: 256
	mlp_depth: 3
	mlp_dropout: 0.5
	swad: LossValley
	swad_kwargs: 
	  n_converge: 3
	  n_tolerance: 6
	  tolerance_ratio: 0.3
	test_batchsize: 128
	indomain_test: False
Dataset:
	[OfficeHome] #envs=4, #classes=65
	env0: Art (#2427)
	env1: Clipart (#4365)
	env2: Product (#4439)
	env3: RealWorld (#4357)

[36mINFO[0m 07/10 12:15:18 | n_steps = 5001
[36mINFO[0m 07/10 12:15:18 | checkpoint_freq = 300
[36mINFO[0m 07/10 12:15:18 | n_steps is updated to 5001 => 4801 for checkpointing
[36mINFO[0m 07/10 12:15:18 | Target test envs = [[0], [1], [2], [3]]
Train:  0   3492
Train:  1   3551
Train:  2   3485
Val_size:  0.2
Val:  2633
Test:  2427
-----------------------------------
Val set: Accuracy: 2111/2633 80.17%, 0.02332873876177219
-----------------------------------
-----------------------------------
Test set: Accuracy: 1429/2427 58.88%, 0.0536928147762142
-----------------------------------
Best val: 80.17%, Corres: 58.88%, Best Test: 58.88%
[0.02332873876177219]
[300]
-----------------------------------
Val set: Accuracy: 2143/2633 81.39%, 0.022993441460320944
-----------------------------------
-----------------------------------
Test set: Accuracy: 1470/2427 60.57%, 0.05493368522763301
-----------------------------------
Best val: 81.39%, Corres: 60.57%, Best Test: 60.57%
[0.02332873876177219, 0.022993441460320944]
[300, 600]
-----------------------------------
Val set: Accuracy: 2158/2633 81.96%, 0.027299556325154753
-----------------------------------
-----------------------------------
Test set: Accuracy: 1418/2427 58.43%, 0.07858812643831337
-----------------------------------
Best val: 81.96%, Corres: 58.43%, Best Test: 60.57%
[0.02332873876177219, 0.022993441460320944, 0.027299556325154753]
[300, 600, 900]
-----------------------------------
Val set: Accuracy: 2155/2633 81.85%, 0.026103230277440687
-----------------------------------
-----------------------------------
Test set: Accuracy: 1427/2427 58.80%, 0.06960445662271991
-----------------------------------
Best val: 81.96%, Corres: 58.43%, Best Test: 60.57%
[0.022993441460320944, 0.027299556325154753, 0.026103230277440687]
[600, 900, 1200]
Model converged at step 600, Start step = 301; Threshold = 0.033105, 
-----------------------------------
Val set: Accuracy: 2122/2633 80.59%, 0.030941755779333727
-----------------------------------
-----------------------------------
Test set: Accuracy: 1385/2427 57.07%, 0.07794224881909735
-----------------------------------
Best val: 81.96%, Corres: 58.43%, Best Test: 60.57%
[0.027299556325154753, 0.026103230277440687, 0.030941755779333727]
[900, 1200, 1500]
-----------------------------------
Val set: Accuracy: 2224/2633 84.47%, 0.024708953285038023
-----------------------------------
-----------------------------------
Test set: Accuracy: 1474/2427 60.73%, 0.07490930646169834
-----------------------------------
Best val: 84.47%, Corres: 60.73%, Best Test: 60.73%
[0.026103230277440687, 0.030941755779333727, 0.024708953285038023]
[1200, 1500, 1800]
-----------------------------------
Val set: Accuracy: 2184/2633 82.95%, 0.02861686104090097
-----------------------------------
-----------------------------------
Test set: Accuracy: 1454/2427 59.91%, 0.07879528461609743
-----------------------------------
Best val: 84.47%, Corres: 60.73%, Best Test: 60.73%
[0.030941755779333727, 0.024708953285038023, 0.02861686104090097]
[1500, 1800, 2100]
-----------------------------------
Val set: Accuracy: 2196/2633 83.40%, 0.02951937036409191
-----------------------------------
-----------------------------------
Test set: Accuracy: 1537/2427 63.33%, 0.07045195165439845
-----------------------------------
Best val: 84.47%, Corres: 60.73%, Best Test: 63.33%
[0.024708953285038023, 0.02861686104090097, 0.02951937036409191]
[1800, 2100, 2400]
-----------------------------------
Val set: Accuracy: 2203/2633 83.67%, 0.03390785470248355
-----------------------------------
-----------------------------------
Test set: Accuracy: 1456/2427 59.99%, 0.09379818757092653
-----------------------------------
Best val: 84.47%, Corres: 60.73%, Best Test: 63.33%
[0.02861686104090097, 0.02951937036409191, 0.03390785470248355]
[2100, 2400, 2700]
-----------------------------------
Val set: Accuracy: 2207/2633 83.82%, 0.029694052188852828
-----------------------------------
-----------------------------------
Test set: Accuracy: 1473/2427 60.69%, 0.08766963103571987
-----------------------------------
Best val: 84.47%, Corres: 60.73%, Best Test: 63.33%
[0.02951937036409191, 0.03390785470248355, 0.029694052188852828]
[2400, 2700, 3000]
-----------------------------------
Val set: Accuracy: 2195/2633 83.36%, 0.03503675385036262
-----------------------------------
-----------------------------------
Test set: Accuracy: 1438/2427 59.25%, 0.1047258785969863
-----------------------------------
Best val: 84.47%, Corres: 60.73%, Best Test: 63.33%
[0.03390785470248355, 0.029694052188852828, 0.03503675385036262]
[2700, 3000, 3300]
-----------------------------------
Val set: Accuracy: 2222/2633 84.39%, 0.02905184188465055
-----------------------------------
-----------------------------------
Test set: Accuracy: 1563/2427 64.40%, 0.0677694137471789
-----------------------------------
Best val: 84.47%, Corres: 60.73%, Best Test: 64.40%
[0.029694052188852828, 0.03503675385036262, 0.02905184188465055]
[3000, 3300, 3600]
-----------------------------------
Val set: Accuracy: 2224/2633 84.47%, 0.03150811106316035
-----------------------------------
-----------------------------------
Test set: Accuracy: 1502/2427 61.89%, 0.09264756263309316
-----------------------------------
Best val: 84.47%, Corres: 60.73%, Best Test: 64.40%
[0.03503675385036262, 0.02905184188465055, 0.03150811106316035]
[3300, 3600, 3900]
-----------------------------------
Val set: Accuracy: 2174/2633 82.57%, 0.030781173330130026
-----------------------------------
-----------------------------------
Test set: Accuracy: 1480/2427 60.98%, 0.07400940630015494
-----------------------------------
Best val: 84.47%, Corres: 60.73%, Best Test: 64.40%
[0.02905184188465055, 0.03150811106316035, 0.030781173330130026]
[3600, 3900, 4200]
-----------------------------------
Val set: Accuracy: 2208/2633 83.86%, 0.029384120372065652
-----------------------------------
-----------------------------------
Test set: Accuracy: 1508/2427 62.13%, 0.07311361076921949
-----------------------------------
Best val: 84.47%, Corres: 60.73%, Best Test: 64.40%
[0.03150811106316035, 0.030781173330130026, 0.029384120372065652]
[3900, 4200, 4500]
-----------------------------------
Val set: Accuracy: 2194/2633 83.33%, 0.031268869633858894
-----------------------------------
-----------------------------------
Test set: Accuracy: 1440/2427 59.33%, 0.08557921874275116
-----------------------------------
Best val: 84.47%, Corres: 60.73%, Best Test: 64.40%
[0.030781173330130026, 0.029384120372065652, 0.031268869633858894]
[4200, 4500, 4800]
-----------------------------------
Val set: Accuracy: 2225/2633 84.50%, 0.02729161498690377
-----------------------------------
-----------------------------------
Test set: Accuracy: 1469/2427 60.53%, 0.07647611164584983
-----------------------------------
Best val: 84.50%, Corres: 60.53%, Best Test: 64.40%
[0.029384120372065652, 0.031268869633858894, 0.02729161498690377]
[4500, 4800, 4999]
-----------------------------------
Test set: Accuracy: 1672/2427 68.89%, 0.05665193594682104
-----------------------------------
-----------------------------------
Test set: SWAD-encoder + Last-protype Accuracy: 1672/2427 1.94%, 0.05665193594682104
-----------------------------------
tensor([[ 2,  0, 30,  ...,  0,  9,  4],
        [ 2,  0, 22,  ...,  3, 24, 31],
        [ 5,  0, 63,  ...,  1, 16,  3]], device='cuda:0', dtype=torch.int32)
tensor([  9,   0, 115,   0,   0,  53,  13,  10,   2,   8,   2,   2,  14,  21,
          0,   7,   7,  26,  28,   0,  11,   0,   3,   0,   2,   2,   2,  49,
         46, 158,   1,   7,   4,  10,  10,   2,  33,   1,  31,  47,  24,   0,
         44, 113, 133,   5,  13,   4,  13,   0,   1,   4,  11,   9,   9,   0,
          3,   7,   3,  43,  10,  50,   0,   0,   1,  60,  25,  12,   4,  72,
          0,   0,  32, 150,   0,   0,   4,   5,  29,  19,  17, 106,   4,   2,
          1,  11,   2,   1,  10,  12,  55,   0,   6,   1,   0,  13,  21,   1,
          2, 145,  33,   2,  11,   0,   0,   3,   3,  87,  61,  47,   5,   6,
          4,   2,   8,  19,   0,  66,  33,   9,  23,  12,   6,   3,   7,  12,
          0,  17,   0,   7,   1,   2,   2,   0,  33,   1,   0,  98,   1,  29,
         11,   0,  16,  39,   0,  83,  17,  15,   1,  30,   4,   0,   4,  34,
         12,   7,  57,   1,   8,   8,   9,   9,  14,   5,   0,  89,   8,  39,
          7,   0,   1,   2,  32,   6,  15,   3,  16,   2,  10,  10,   9,  62,
         43,   3, 185,  71,   1,   0,  11,   2,   3,   1,   0,  47,   2,   1,
          1,  27,  10,  25,   4,   5,  72,  19,   6,   0,  14,   5,   3,  42,
          1,  25,  10,   1, 119, 111,  58,   4,  86,   3,   5,  18,   7,   0,
          4,   2,  10,   8,   9,   1,   0,   6,   8,  19,  25,   3,  27,  27,
          0,  23,   6,   3,   3,   5,  38,   2,   0,  12,   2,   8,   7,  67,
          3,   3,   0,  35,   0,   3,   9,  26,   0,   0,  10,   8,  23,   3,
         95,  35,   2,  27,  78,  60,  20,  10,  27,  10,   2,  30,   3,  15,
          5,  20,   0,   2,  11,  71,  14,  10,   1,   2,  48,   0,  16,  47,
          0,  44,   7,   4,  20,   0,  11,  58,  53,   6,  97,  39,  14,   1,
          4,   2,   6,  11,   4,  66,  11, 143,  10,   0,   0,   4,   3,   0,
          0,   0,  24,   4,  63,  33,  14,  55,   5,   6,   4,  10,  16,  76,
        211,   4,  21,  36,  23,  16,  23,  25,   8,   0,   0,   8,   1,   1,
          0,  11,  29,   2,  38,  60,  16,   1,   9,   4,   6,  76,   6,  44,
        108,  15,  14, 136,   1,   0,   2,   1,   4,  16,  64,   3,   3,   6,
          3,   2,   1,   0,   9,  59,   9,   2,  29,   6,  68,  45,  13,   3,
         66,   9,   1,   2,  19,  18,   0,   5,   2,   2,   2,  52,  33,  12,
          0,   4,  37,  53,   0,  30,   1,  14,   0,  13,   8,   1,  19,  48,
         17,  45,  36,   5,   7,   5,   0,  31,   8,   2,  15,   0,   0,   8,
          1,  10,  34,   1,   3,  28,   4,  28,  22, 110,  35,   3,  51, 116,
          0,  18,   1,  21,   1,   1,  28,  54,  21,   1,   1,   6,   4,  11,
         22,  80,   0,   3,  60,   6,  35,  30,   3,   4, 162,  48,  90,  24,
          5,  14,   7,   0,   7,  33,   0,   0,   7, 142,   5,   8,  26,  20,
          1,   2,   4,   9,   1,   2,  12,   7,   3,   7,  36,   2,   0,   9,
          2,   0,  23, 125, 110,  70,   0,   7,   5,   7,  20,   2,  27,   4,
         49,  38], device='cuda:0', dtype=torch.int32)
fault_map: tensor(7, device='cuda:0')
Train:  0   1941
Train:  1   3551
Train:  2   3485
Val_size:  0.2
Val:  2246
Test:  4365
-----------------------------------
Val set: Accuracy: 1778/2246 79.16%, 0.024611899478299643
-----------------------------------
-----------------------------------
Test set: Accuracy: 2178/4365 49.90%, 0.08129168137788499
-----------------------------------
Best val: 79.16%, Corres: 49.90%, Best Test: 49.90%
[0.024611899478299643]
[300]
-----------------------------------
Val set: Accuracy: 1824/2246 81.21%, 0.027120681686902407
-----------------------------------
-----------------------------------
Test set: Accuracy: 2161/4365 49.51%, 0.099611932602535
-----------------------------------
Best val: 81.21%, Corres: 49.51%, Best Test: 49.90%
[0.024611899478299643, 0.027120681686902407]
[300, 600]
-----------------------------------
Val set: Accuracy: 1864/2246 82.99%, 0.025905524073981882
-----------------------------------
-----------------------------------
Test set: Accuracy: 2266/4365 51.91%, 0.10819126193807434
-----------------------------------
Best val: 82.99%, Corres: 51.91%, Best Test: 51.91%
[0.024611899478299643, 0.027120681686902407, 0.025905524073981882]
[300, 600, 900]
Model converged at step 300, Start step = 301; Threshold = 0.033643, 
-----------------------------------
Val set: Accuracy: 1865/2246 83.04%, 0.02680461949279875
-----------------------------------
-----------------------------------
Test set: Accuracy: 2284/4365 52.33%, 0.09385845274723136
-----------------------------------
Best val: 83.04%, Corres: 52.33%, Best Test: 52.33%
[0.027120681686902407, 0.025905524073981882, 0.02680461949279875]
[600, 900, 1200]
-----------------------------------
Val set: Accuracy: 1832/2246 81.57%, 0.028202943490587593
-----------------------------------
-----------------------------------
Test set: Accuracy: 2334/4365 53.47%, 0.09471320021398288
-----------------------------------
Best val: 83.04%, Corres: 52.33%, Best Test: 53.47%
[0.025905524073981882, 0.02680461949279875, 0.028202943490587593]
[900, 1200, 1500]
-----------------------------------
Val set: Accuracy: 1813/2246 80.72%, 0.03539756304009727
-----------------------------------
-----------------------------------
Test set: Accuracy: 2342/4365 53.65%, 0.10805874118690229
-----------------------------------
Best val: 83.04%, Corres: 52.33%, Best Test: 53.65%
[0.02680461949279875, 0.028202943490587593, 0.03539756304009727]
[1200, 1500, 1800]
-----------------------------------
Val set: Accuracy: 1843/2246 82.06%, 0.035032593483438686
-----------------------------------
-----------------------------------
Test set: Accuracy: 2266/4365 51.91%, 0.1387855422080314
-----------------------------------
Best val: 83.04%, Corres: 52.33%, Best Test: 53.65%
[0.028202943490587593, 0.03539756304009727, 0.035032593483438686]
[1500, 1800, 2100]
-----------------------------------
Val set: Accuracy: 1872/2246 83.35%, 0.03191483137348106
-----------------------------------
-----------------------------------
Test set: Accuracy: 2374/4365 54.39%, 0.12297949969154043
-----------------------------------
Best val: 83.35%, Corres: 54.39%, Best Test: 54.39%
[0.03539756304009727, 0.035032593483438686, 0.03191483137348106]
[1800, 2100, 2400]
-----------------------------------
Val set: Accuracy: 1887/2246 84.02%, 0.03085669133030973
-----------------------------------
-----------------------------------
Test set: Accuracy: 2321/4365 53.17%, 0.12441476967275347
-----------------------------------
Best val: 84.02%, Corres: 53.17%, Best Test: 54.39%
[0.035032593483438686, 0.03191483137348106, 0.03085669133030973]
[2100, 2400, 2700]
-----------------------------------
Val set: Accuracy: 1895/2246 84.37%, 0.03143505200615478
-----------------------------------
-----------------------------------
Test set: Accuracy: 2416/4365 55.35%, 0.11992861550698165
-----------------------------------
Best val: 84.37%, Corres: 55.35%, Best Test: 55.35%
[0.03191483137348106, 0.03085669133030973, 0.03143505200615478]
[2400, 2700, 3000]
-----------------------------------
Val set: Accuracy: 1891/2246 84.19%, 0.03748819155980131
-----------------------------------
-----------------------------------
Test set: Accuracy: 2239/4365 51.29%, 0.16397414839008284
-----------------------------------
Best val: 84.37%, Corres: 55.35%, Best Test: 55.35%
[0.03085669133030973, 0.03143505200615478, 0.03748819155980131]
[2700, 3000, 3300]
-----------------------------------
Val set: Accuracy: 1875/2246 83.48%, 0.029509050733186323
-----------------------------------
-----------------------------------
Test set: Accuracy: 2387/4365 54.68%, 0.10693898683356255
-----------------------------------
Best val: 84.37%, Corres: 55.35%, Best Test: 55.35%
[0.03143505200615478, 0.03748819155980131, 0.029509050733186323]
[3000, 3300, 3600]
-----------------------------------
Val set: Accuracy: 1867/2246 83.13%, 0.03272500808697189
-----------------------------------
-----------------------------------
Test set: Accuracy: 2328/4365 53.33%, 0.12481861041447005
-----------------------------------
Best val: 84.37%, Corres: 55.35%, Best Test: 55.35%
[0.03748819155980131, 0.029509050733186323, 0.03272500808697189]
[3300, 3600, 3900]
-----------------------------------
Val set: Accuracy: 1832/2246 81.57%, 0.03487228057719394
-----------------------------------
-----------------------------------
Test set: Accuracy: 2334/4365 53.47%, 0.11169257088898248
-----------------------------------
Best val: 84.37%, Corres: 55.35%, Best Test: 55.35%
[0.029509050733186323, 0.03272500808697189, 0.03487228057719394]
[3600, 3900, 4200]
-----------------------------------
Val set: Accuracy: 1870/2246 83.26%, 0.031065858013592892
-----------------------------------
-----------------------------------
Test set: Accuracy: 2299/4365 52.67%, 0.11569566929377914
-----------------------------------
Best val: 84.37%, Corres: 55.35%, Best Test: 55.35%
[0.03272500808697189, 0.03487228057719394, 0.031065858013592892]
[3900, 4200, 4500]
-----------------------------------
Val set: Accuracy: 1864/2246 82.99%, 0.028052284924656744
-----------------------------------
-----------------------------------
Test set: Accuracy: 2323/4365 53.22%, 0.09648321383341481
-----------------------------------
Best val: 84.37%, Corres: 55.35%, Best Test: 55.35%
[0.03487228057719394, 0.031065858013592892, 0.028052284924656744]
[4200, 4500, 4800]
-----------------------------------
Val set: Accuracy: 1872/2246 83.35%, 0.029753825462227986
-----------------------------------
-----------------------------------
Test set: Accuracy: 2269/4365 51.98%, 0.12084648056811347
-----------------------------------
Best val: 84.37%, Corres: 55.35%, Best Test: 55.35%
[0.031065858013592892, 0.028052284924656744, 0.029753825462227986]
[4500, 4800, 4999]
-----------------------------------
Test set: Accuracy: 2536/4365 58.10%, 0.08657801652418926
-----------------------------------
-----------------------------------
Test set: SWAD-encoder + Last-protype Accuracy: 2536/4365 0.92%, 0.08657801652418926
-----------------------------------
tensor([[ 2,  2,  6,  ...,  1,  1,  3],
        [ 8,  5, 32,  ...,  0, 10,  7],
        [ 8,  5, 20,  ...,  3, 11, 14]], device='cuda:0', dtype=torch.int32)
tensor([ 18,  12,  58,   1,   1,   1,  42,  23,   4,   4,  24,   0,  56,  33,
         14,  13,   1,  87,  11,   1,   5,   0,   2,  62,   0,   6,   9, 129,
         12,   0,  54,   7,   0,  14,  17,  31,   3,   9,  44,   1,   1,  15,
        112,  10,   0,   8,   4,  17,   8,  69,  32,   0,   0,   0,  15,   6,
          5,   2,  11,   6,   1,   7,   8,   4,  16,   0,   0,   1,  16,   1,
          0,  42,  21,   6,   1,  23,  13,   5,   5,  36,   1, 108,   7,  96,
          1,  13,  67,   0,   0,   1,   0,   6,   2,   5,  25,   1,  16,   2,
          3,   0, 125,   3,   0,   4,   8,   2,   8,  49,   4,   6,   1,   0,
          1,   7,   9,   0,   2,  81,   0,   1,  43,   3,   9,  21,  30,   1,
          0,  63,   1,   6,  13,   4,  19,   7,   1,   1,   4,  20,   7,  71,
          2,   0,  38,   3,   0,   0,   1,  23,   6,   1,  36,   4,   8,   2,
          1,   8,   9,   5,  69,   3,   6,   4,  18,  21,   2,  21,   0,  12,
         44,  17,  88,   1,  63,   9,   1,   0,  34,  15,   2,   7,  21,  44,
         17,  13,  28,  20,   8,  65,   0,   1,   3,   7,  10,   4,  52,  83,
         11,   1,  60,  28,   5, 116,  39,  94,   9,   0,  11,  26,   1,  12,
          7,  23,  19, 110,  37,  23,   3,  21,   8,   0,   2,   0,  71,  10,
         17,   1,   1,  73,   0,   0,   1,  65,   3,   0, 106,  10, 104,   0,
         49,  25,  49,   0, 117,   4,   2,  13,  33,  16,  53,   0,  52,   1,
          3,   3,  17,   4,  10,   1,   0,   0,  96,   6,  62,   0,   1,  13,
         45,   0,   6,  19,   0,  50,   1,   1,   9,   5,   3,   0,   3,  11,
          7,  13,  16,   1,  12,   1,  45,  45,   2,   1,   9,   2,  18,   0,
          0,  34,  14,  25,   7,  66,   1,   0,  10,   2,  33,   1,   0,   7,
          0,   4,  17,   8,   0,  31,   1,  30,  51,   1,  11,   2,   5,   6,
          3,   0,   3,   3,  20,   1,  28,  63,  58,  60,  15,  49,  72,   4,
         27,  46,  11,   3,   0,  12,   0,  30,   2,   8,  21,   3,   8,   1,
          2,  25,   0,   5,   0,  51,  20,   0,   5,  13,  69,   0,   0,   0,
          5,  61,   2,   1,   3,   6,  56,  11,  30,   4,  54,   0,  21,   1,
          1,  66,  10,   6,   1,  28,   8,   4,   0,   6,  38,   0,   5,   5,
          1,   4,  16,   1,  96,   0,  89,   0,  70,   1,  16,   0,   9,   3,
          5,  25,   1,  23, 135,   0,   0,   1,  67,   0,   3,  14,   8,   7,
          0,   1,   8,   0,  13,  45,   2,  10,   7,   0,   0,  23,   0,  40,
          6,   1,   4,   6,   3,   2,  11, 100,   5, 112,   2,   1,   0,   2,
          6,   0,  11,  26,  67,   8,   1,  14,   3,   0,  35,  12,  10,   1,
         10,   1,   1,   0,   6,  59,  15,   1,   0,   0,  54,   7,   7,   2,
         39,   0,  64,   1,   7,  44,  44,   9,   0,   8,   1,  26,   5,  16,
         83,   0,   4,   3,   0,   8,  35,  26,   0,   2,  53,   1,   8,  17,
          0,   5,   6,   0,   1,   4,  10,   1,   7,   4,  14,   4,  21,   4,
         22,  24], device='cuda:0', dtype=torch.int32)
fault_map: tensor(3, device='cuda:0')
Train:  0   1941
Train:  1   3492
Train:  2   3485
Val_size:  0.2
Val:  2231
Test:  4439
-----------------------------------
Val set: Accuracy: 1685/2231 75.53%, 0.029135497635065948
-----------------------------------
-----------------------------------
Test set: Accuracy: 3274/4439 73.76%, 0.03295359802903369
-----------------------------------
Best val: 75.53%, Corres: 73.76%, Best Test: 73.76%
[0.029135497635065948]
[300]
-----------------------------------
Val set: Accuracy: 1726/2231 77.36%, 0.031089492593042417
-----------------------------------
-----------------------------------
Test set: Accuracy: 3285/4439 74.00%, 0.0366470100094614
-----------------------------------
Best val: 77.36%, Corres: 74.00%, Best Test: 74.00%
[0.029135497635065948, 0.031089492593042417]
[300, 600]
-----------------------------------
Val set: Accuracy: 1741/2231 78.04%, 0.03759690912140693
-----------------------------------
-----------------------------------
Test set: Accuracy: 3256/4439 73.35%, 0.0468432779968755
-----------------------------------
Best val: 78.04%, Corres: 73.35%, Best Test: 74.00%
[0.029135497635065948, 0.031089492593042417, 0.03759690912140693]
[300, 600, 900]
Model converged at step 300, Start step = 301; Threshold = 0.042389, 
-----------------------------------
Val set: Accuracy: 1730/2231 77.54%, 0.033669666611309386
-----------------------------------
-----------------------------------
Test set: Accuracy: 3327/4439 74.95%, 0.03971605071633061
-----------------------------------
Best val: 78.04%, Corres: 73.35%, Best Test: 74.95%
[0.031089492593042417, 0.03759690912140693, 0.033669666611309386]
[600, 900, 1200]
-----------------------------------
Val set: Accuracy: 1727/2231 77.41%, 0.04037147326915053
-----------------------------------
-----------------------------------
Test set: Accuracy: 3298/4439 74.30%, 0.04749618426945516
-----------------------------------
Best val: 78.04%, Corres: 73.35%, Best Test: 74.95%
[0.03759690912140693, 0.033669666611309386, 0.04037147326915053]
[900, 1200, 1500]
-----------------------------------
Val set: Accuracy: 1745/2231 78.22%, 0.03653791160767306
-----------------------------------
-----------------------------------
Test set: Accuracy: 3288/4439 74.07%, 0.0485254540779519
-----------------------------------
Best val: 78.22%, Corres: 74.07%, Best Test: 74.95%
[0.033669666611309386, 0.04037147326915053, 0.03653791160767306]
[1200, 1500, 1800]
-----------------------------------
Val set: Accuracy: 1720/2231 77.10%, 0.03930621143682609
-----------------------------------
-----------------------------------
Test set: Accuracy: 3248/4439 73.17%, 0.050540182606270315
-----------------------------------
Best val: 78.22%, Corres: 74.07%, Best Test: 74.95%
[0.04037147326915053, 0.03653791160767306, 0.03930621143682609]
[1500, 1800, 2100]
-----------------------------------
Val set: Accuracy: 1745/2231 78.22%, 0.040124489107189666
-----------------------------------
-----------------------------------
Test set: Accuracy: 3302/4439 74.39%, 0.049319659032353066
-----------------------------------
Best val: 78.22%, Corres: 74.07%, Best Test: 74.95%
[0.03653791160767306, 0.03930621143682609, 0.040124489107189666]
[1800, 2100, 2400]
-----------------------------------
Val set: Accuracy: 1752/2231 78.53%, 0.04084528760223953
-----------------------------------
-----------------------------------
Test set: Accuracy: 3354/4439 75.56%, 0.04922059410081526
-----------------------------------
Best val: 78.53%, Corres: 75.56%, Best Test: 75.56%
[0.03930621143682609, 0.040124489107189666, 0.04084528760223953]
[2100, 2400, 2700]
-----------------------------------
Val set: Accuracy: 1718/2231 77.01%, 0.04411343530201153
-----------------------------------
-----------------------------------
Test set: Accuracy: 3249/4439 73.19%, 0.052810455058764486
-----------------------------------
Best val: 78.53%, Corres: 75.56%, Best Test: 75.56%
[0.040124489107189666, 0.04084528760223953, 0.04411343530201153]
[2400, 2700, 3000]
-----------------------------------
Val set: Accuracy: 1753/2231 78.57%, 0.04093244842139663
-----------------------------------
-----------------------------------
Test set: Accuracy: 3290/4439 74.12%, 0.05553194468434565
-----------------------------------
Best val: 78.57%, Corres: 74.12%, Best Test: 75.56%
[0.04084528760223953, 0.04411343530201153, 0.04093244842139663]
[2700, 3000, 3300]
-----------------------------------
Val set: Accuracy: 1749/2231 78.40%, 0.03960801855377529
-----------------------------------
-----------------------------------
Test set: Accuracy: 3235/4439 72.88%, 0.05231224796457808
-----------------------------------
Best val: 78.57%, Corres: 74.12%, Best Test: 75.56%
[0.04411343530201153, 0.04093244842139663, 0.03960801855377529]
[3000, 3300, 3600]
-----------------------------------
Val set: Accuracy: 1767/2231 79.20%, 0.036719921877810584
-----------------------------------
-----------------------------------
Test set: Accuracy: 3271/4439 73.69%, 0.051060848410435795
-----------------------------------
Best val: 79.20%, Corres: 73.69%, Best Test: 75.56%
[0.04093244842139663, 0.03960801855377529, 0.036719921877810584]
[3300, 3600, 3900]
-----------------------------------
Val set: Accuracy: 1748/2231 78.35%, 0.04193627573833611
-----------------------------------
-----------------------------------
Test set: Accuracy: 3267/4439 73.60%, 0.04929011067244203
-----------------------------------
Best val: 79.20%, Corres: 73.69%, Best Test: 75.56%
[0.03960801855377529, 0.036719921877810584, 0.04193627573833611]
[3600, 3900, 4200]
-----------------------------------
Val set: Accuracy: 1761/2231 78.93%, 0.04205214802938852
-----------------------------------
-----------------------------------
Test set: Accuracy: 3267/4439 73.60%, 0.0565727573219837
-----------------------------------
Best val: 79.20%, Corres: 73.69%, Best Test: 75.56%
[0.036719921877810584, 0.04193627573833611, 0.04205214802938852]
[3900, 4200, 4500]
-----------------------------------
Val set: Accuracy: 1759/2231 78.84%, 0.03957381626112693
-----------------------------------
-----------------------------------
Test set: Accuracy: 3323/4439 74.86%, 0.0488697085311369
-----------------------------------
Best val: 79.20%, Corres: 73.69%, Best Test: 75.56%
[0.04193627573833611, 0.04205214802938852, 0.03957381626112693]
[4200, 4500, 4800]
-----------------------------------
Val set: Accuracy: 1783/2231 79.92%, 0.03727294980865164
-----------------------------------
-----------------------------------
Test set: Accuracy: 3303/4439 74.41%, 0.05036614521478554
-----------------------------------
Best val: 79.92%, Corres: 74.41%, Best Test: 75.56%
[0.04205214802938852, 0.03957381626112693, 0.03727294980865164]
[4500, 4800, 4999]
-----------------------------------
Test set: Accuracy: 3481/4439 78.42%, 0.03531985758728465
-----------------------------------
-----------------------------------
Test set: SWAD-encoder + Last-protype Accuracy: 3481/4439 1.51%, 0.03531985758728465
-----------------------------------
tensor([[ 1,  3,  1,  ...,  4,  0,  8],
        [ 1,  2,  3,  ..., 14,  0, 58],
        [ 3,  2,  2,  ...,  8,  1, 26]], device='cuda:0', dtype=torch.int32)
tensor([  5,   7,   6,   7,  51,  90,  56,  40,  12,  13,  31,   2,   4,   2,
          6,   5,  11,  15,   1,   1,  60,  23,   5,  13,  32,  20,  12,   8,
         12,   3,   1, 107,  22,  62,  10,  30,  14,   7,  17,  19,  14,   6,
          3,  19,  19,   0,   0,  11,   2,  32,   7,  16,  27,   4,  48,   1,
          4,   1,   8,   2,   8,  13,   3,   1,   2,   1,  68,   2,   1,  17,
          2,   7,   4,   2,   3,  12,  11,   0,  77,  33,   9,   0,  89,  35,
          1,  27,   3,   8,   1,  14,   8,   2,  13,  53,  23, 196,  24,  27,
          1,  16,   1,  48,   3,   0,  17,   3,  21,   3,   1,  44,   1,   2,
         42,   5,   9,   2,  11,   3,   1,   1,   1,  41,   2,  32,  22,  19,
          1,  22,   5,  76,   1,  31,   2,   1,   1,   0,   1,  41,  13,  12,
         39,  17,   5,   0,  67,  45,   0,  11,   1,   0,   2,   9,   5,   4,
          2,  24,   8,   6,   4,   6,   2,  48,   4,  14,  51,  15,   7,   6,
         16,   1,  19,   2,   4,  14,   3,   6,   0,   0,  51,   7,   0,   2,
         41,   3,  25,   0,   1,   0,   0, 113,  13,  62,  24,   0,  19,   1,
          8,  17,  13,   0,  51,  12,   6,   3,  41,   0,  13, 108,  12,   5,
         10,   2,  21,  20,  13,   0,  27,   5,   1,   4,  16,  27,  22,  72,
         32,   0,   3,   0,   8,   0,   2,   1,  56,  37,   0,   0, 103,  99,
         27,   1,   2,  10,  37,  21,   0,   7,   0,   9,   9,  10,   2,  15,
          2,  21,  88,   0,   7,   4,  32,  45,  22,   0,   0,   5,   5,   2,
         47,   9,  14,   0,   3,   0,   1,   0,   5,   0,  27,   1,   1,  23,
         29,   6,  14,  18,  61,   8,   6,  19,   4,  26,  24,  13,   0,   1,
         11,   1,  32,  23,  34,  10,   3,   1,   7,   1,  20,   0,  93,  50,
          0,   3,   4,   0,   0,  15,   8,  14,   3,  24,   4,  18,   1,   2,
          1,  38,   0,   0,   5,  40,   3,  35,   8,   5,  21,   5,   2,   1,
         13,  38,   0,  22,   2,   0,  12,  29,   4,   0,   0,  16,  25,   5,
          0,  10,  59,  14,   5,  14,   5,   0,   4,   4,   4,  12,  12,  13,
          1,   6,  26,   1,   1, 111,   2,  48,   0,  11,   1,   0,  49,  46,
          8,   6, 128,  52,   1,  55,   0,  31,  54,   5,  31,   9,  32,  37,
         34,  10,  90,   0,   1,  19,   2,   5, 139,  25,  21,   7,  55,  31,
         33,   6,   0,  24,   4,   2,  15,  50,   4,  12,   0,  13,  78,   2,
          3,  44,   3,  20,  27,   2,   2,  76,  33,   8,   0,   2,  10,   2,
          0,  50,   9,  25,  19,   6,   9,   6,   6,  22,  41,  16,   2,  23,
          6,   8,   0,   8,   1,  16,   1,  59,  18,   6,   1,   2,  13,  23,
         30,   2,   0,   8,  10,  98,   6,  15,  15,   5,   9,   1,   7,   8,
         47,  12,  22,   5,   2,   0,  91,   0,   9,  12,  95,   8,  68,   8,
         15,   1,  25,   2,   0,  44,   0,   3,  21,  64,  19,   8,   0,  14,
          0,   4,  48,   2,  18,   7,   1,  15,  14,  12,  10,   0,   8,  26,
          1,  92], device='cuda:0', dtype=torch.int32)
fault_map: tensor(4, device='cuda:0')
Train:  0   1941
Train:  1   3492
Train:  2   3551
Val_size:  0.2
Val:  2247
Test:  4357
-----------------------------------
Val set: Accuracy: 1711/2247 76.15%, 0.029055905066228304
-----------------------------------
-----------------------------------
Test set: Accuracy: 3223/4357 73.97%, 0.03155900079659003
-----------------------------------
Best val: 76.15%, Corres: 73.97%, Best Test: 73.97%
[0.029055905066228304]
[300]
-----------------------------------
Val set: Accuracy: 1811/2247 80.60%, 0.029298583928430988
-----------------------------------
-----------------------------------
Test set: Accuracy: 3258/4357 74.78%, 0.0410144231009823
-----------------------------------
Best val: 80.60%, Corres: 74.78%, Best Test: 74.78%
[0.029055905066228304, 0.029298583928430988]
[300, 600]
-----------------------------------
Val set: Accuracy: 1751/2247 77.93%, 0.03651848241428189
-----------------------------------
-----------------------------------
Test set: Accuracy: 3262/4357 74.87%, 0.043197351501253506
-----------------------------------
Best val: 80.60%, Corres: 74.78%, Best Test: 74.87%
[0.029055905066228304, 0.029298583928430988, 0.03651848241428189]
[300, 600, 900]
Model converged at step 300, Start step = 301; Threshold = 0.041112, 
-----------------------------------
Val set: Accuracy: 1796/2247 79.93%, 0.03153808208362336
-----------------------------------
-----------------------------------
Test set: Accuracy: 3267/4357 74.98%, 0.042128447122282954
-----------------------------------
Best val: 80.60%, Corres: 74.78%, Best Test: 74.98%
[0.029298583928430988, 0.03651848241428189, 0.03153808208362336]
[600, 900, 1200]
-----------------------------------
Val set: Accuracy: 1790/2247 79.66%, 0.03705902701358982
-----------------------------------
-----------------------------------
Test set: Accuracy: 3277/4357 75.21%, 0.04745630820665842
-----------------------------------
Best val: 80.60%, Corres: 74.78%, Best Test: 75.21%
[0.03651848241428189, 0.03153808208362336, 0.03705902701358982]
[900, 1200, 1500]
-----------------------------------
Val set: Accuracy: 1840/2247 81.89%, 0.035346970234014854
-----------------------------------
-----------------------------------
Test set: Accuracy: 3319/4357 76.18%, 0.049862037806422
-----------------------------------
Best val: 81.89%, Corres: 76.18%, Best Test: 76.18%
[0.03153808208362336, 0.03705902701358982, 0.035346970234014854]
[1200, 1500, 1800]
-----------------------------------
Val set: Accuracy: 1821/2247 81.04%, 0.037431486730157504
-----------------------------------
-----------------------------------
Test set: Accuracy: 3284/4357 75.37%, 0.04855120756186015
-----------------------------------
Best val: 81.89%, Corres: 76.18%, Best Test: 76.18%
[0.03705902701358982, 0.035346970234014854, 0.037431486730157504]
[1500, 1800, 2100]
-----------------------------------
Val set: Accuracy: 1819/2247 80.95%, 0.03484385975225798
-----------------------------------
-----------------------------------
Test set: Accuracy: 3312/4357 76.02%, 0.047697031328620056
-----------------------------------
Best val: 81.89%, Corres: 76.18%, Best Test: 76.18%
[0.035346970234014854, 0.037431486730157504, 0.03484385975225798]
[1800, 2100, 2400]
-----------------------------------
Val set: Accuracy: 1796/2247 79.93%, 0.045640247009784106
-----------------------------------
-----------------------------------
Test set: Accuracy: 3214/4357 73.77%, 0.060831776624352844
-----------------------------------
Best val: 81.89%, Corres: 76.18%, Best Test: 76.18%
[0.037431486730157504, 0.03484385975225798, 0.045640247009784106]
[2100, 2400, 2700]
-----------------------------------
Val set: Accuracy: 1799/2247 80.06%, 0.038277577852534356
-----------------------------------
-----------------------------------
Test set: Accuracy: 3307/4357 75.90%, 0.04869508968401568
-----------------------------------
Best val: 81.89%, Corres: 76.18%, Best Test: 76.18%
[0.03484385975225798, 0.045640247009784106, 0.038277577852534356]
[2400, 2700, 3000]
-----------------------------------
Val set: Accuracy: 1812/2247 80.64%, 0.04199292497816328
-----------------------------------
-----------------------------------
Test set: Accuracy: 3282/4357 75.33%, 0.05797415713472679
-----------------------------------
Best val: 81.89%, Corres: 76.18%, Best Test: 76.18%
[0.045640247009784106, 0.038277577852534356, 0.04199292497816328]
[2700, 3000, 3300]
-----------------------------------
Val set: Accuracy: 1818/2247 80.91%, 0.03644799562788668
-----------------------------------
-----------------------------------
Test set: Accuracy: 3313/4357 76.04%, 0.04795914259266458
-----------------------------------
Best val: 81.89%, Corres: 76.18%, Best Test: 76.18%
[0.038277577852534356, 0.04199292497816328, 0.03644799562788668]
[3000, 3300, 3600]
-----------------------------------
Val set: Accuracy: 1801/2247 80.15%, 0.038283124711972955
-----------------------------------
-----------------------------------
Test set: Accuracy: 3227/4357 74.06%, 0.05532468847506043
-----------------------------------
Best val: 81.89%, Corres: 76.18%, Best Test: 76.18%
[0.04199292497816328, 0.03644799562788668, 0.038283124711972955]
[3300, 3600, 3900]
-----------------------------------
Val set: Accuracy: 1837/2247 81.75%, 0.036144462575316165
-----------------------------------
-----------------------------------
Test set: Accuracy: 3368/4357 77.30%, 0.048934922770716996
-----------------------------------
Best val: 81.89%, Corres: 76.18%, Best Test: 77.30%
[0.03644799562788668, 0.038283124711972955, 0.036144462575316165]
[3600, 3900, 4200]
-----------------------------------
Val set: Accuracy: 1840/2247 81.89%, 0.033045567641748444
-----------------------------------
-----------------------------------
Test set: Accuracy: 3287/4357 75.44%, 0.04958717430463314
-----------------------------------
Best val: 81.89%, Corres: 76.18%, Best Test: 77.30%
[0.038283124711972955, 0.036144462575316165, 0.033045567641748444]
[3900, 4200, 4500]
-----------------------------------
Val set: Accuracy: 1822/2247 81.09%, 0.03626477392411094
-----------------------------------
-----------------------------------
Test set: Accuracy: 3324/4357 76.29%, 0.049276327685039756
-----------------------------------
Best val: 81.89%, Corres: 76.18%, Best Test: 77.30%
[0.036144462575316165, 0.033045567641748444, 0.03626477392411094]
[4200, 4500, 4800]
-----------------------------------
Val set: Accuracy: 1823/2247 81.13%, 0.0359643337279094
-----------------------------------
-----------------------------------
Test set: Accuracy: 3354/4357 76.98%, 0.04648406373181923
-----------------------------------
Best val: 81.89%, Corres: 76.18%, Best Test: 77.30%
[0.033045567641748444, 0.03626477392411094, 0.0359643337279094]
[4500, 4800, 4999]
-----------------------------------
Test set: Accuracy: 3522/4357 80.84%, 0.03215238102528711
-----------------------------------
-----------------------------------
Test set: SWAD-encoder + Last-protype Accuracy: 3522/4357 1.51%, 0.03215238102528711
-----------------------------------
tensor([[ 2,  6,  0,  ...,  6,  0,  0],
        [ 3, 10,  0,  ...,  1,  1,  0],
        [ 0,  9,  2,  ...,  0,  0,  1]], device='cuda:0', dtype=torch.int32)
tensor([  5,  25,   2,  49,   9,   0,   9,  14,   0,   1,  10,   7,  11,   0,
          1,   4,  41,  33,  20,  17,  19,   1,   2,  20,   1,  11,  19,  77,
          7,   3,  11,   0,   1,   9,  21,  64,   5,  12,  13,   5,   1,   5,
          5,   6,  31,   1,  17,  23,  12,   8,  11,   2,  11,  19,   7, 119,
          2,  10,  58,   6,   0,  25,  50,   1,  63,   3,   3,   2,   0,  24,
         53,  33,   1,   3,   0,   3,   0,   3,  15,  12,   0,   1,  20,   7,
         58,   2,  21,   2,  40,  43,   0,  10,   1,  34,  29,  16,  11,   0,
          0,  45,   4,   0,   4,  10,   0,  57,  12,   0,   7,  16,   0,   3,
          3,   1,  46,   4,  13,   3,   5,   3,  70,  17,  26,  21,  45,   1,
          2,   1,   7,   1,   0,  30,  10,   1,   0,  44,   1,   3,  10,  23,
         58,   9,   4,   2,  10,  18,  46,  46,  26,  51,   3,  84,  38,  14,
         43,   2,   4,   2,   1,  10,   2,   7,   3,   3,   0,  54,   2,   3,
          1,   5,  11,  33,   4,  27,   1,  43,  26,  48,  54,  23,   2,   0,
          4,  15,   4,   3,   2,   0,   3,  33,  22,   3,  35,  55,  12,  15,
          1,  13,  16,  80,   2,   1,  88,  11,   0,   3,  10,   4,   1,   4,
          4,   3,   3,   0,  17,   0,   8,   3,  15,   2,   7,  12,  47,  69,
          6,   0,   4,  78,  15,   1,   2,  10,   8,   2,  13,   0,   2,   0,
          0,  25,   8,  46,   7,  28,   2,   0, 106,   6,  88,   6,   3,   7,
         39,  19,   3,  49,   0,   5,   1,  10,   3,   2,   0,   1,  19,   1,
          1,  18,  33,   1,  23,   9,   4,  38,  18,   7,   8,   0,  65,   1,
          5,   3, 104,  31,   5,   0,  79,   4,  16,  11,  24,   3,   0,  16,
         15,  15,   7,  59,   0,  22,  29,  58,  17,   3,  19,  12,  49,   8,
          2,   4,   8,   9,   9,   5,  15,  42,   0,  33,  76,  10,   3,   2,
          0,   6,   0,   5,   2,   4,   4,  21,  10,   4,   7,   3,  14,   3,
          9,   3,  10,  29,   2,  13,  13,   8,   5,  31,   1,   8,  30,   8,
          7,   2,  27,  95,  70,   0,  34,   2,  22,  24,  82,   2,   0,   1,
          5,   5,  89,  47,   5,  17,   3,   2,   0,  19,   1,  16,  11,   5,
         15,   1,   7,  20,   0,   5,  26,   3,   4,  12,   0,   4,   1,   6,
          1,   1,  55,  11,   1,   5,  14,   3,   0,   0,  27,   2,   2,  10,
         21,  12,  24,  24,   4,  22,  30, 102,   2,  79,   7,   6,  10,   5,
         17,  45,   2,  37,  10,  21,   1,   4,   1,   0,  24,   7,  19,  34,
         19,  39,   7,   7,  28, 102,  11,   1,  70,   0,  96,  89,   6,  44,
         11,   4,   1,  44,  21,   7,   4,   6,  11,  58,   7,   8,   2,   6,
         12,  52,  43,   4,  66,  25,  13,   1,  68,  39,  16,   5,  41,  38,
         11,  18,   0,   0,  10,   1,  81,  22,   2,   1,   0,  11,  21,   2,
          0,  17,  24,   1,  11,   8, 114,  13, 109,  15,  75,  25,  54,   7,
         15,   5, 119,  58,   6,   5,   0,  14,   6,  56,   2,   1,   8,   7,
          1,   1], device='cuda:0', dtype=torch.int32)
fault_map: tensor(3, device='cuda:0')
[36mINFO[0m 07/10 18:18:09 | === Summary ===
[36mINFO[0m 07/10 18:18:09 | Command: train_all.py PACS0 --dataset OfficeHome --deterministic --seed 2 --checkpoint_freq 300 --data_dir /home/shared/data/DomainBed --algorithm BAIR --pretrained
[36mINFO[0m 07/10 18:18:09 | Unique name: 240710_12-15-18_PACS0
[36mINFO[0m 07/10 18:18:09 | Out path: train_output/OfficeHome/240710_12-15-18_PACS0
[36mINFO[0m 07/10 18:18:09 | Algorithm: BAIR
[36mINFO[0m 07/10 18:18:09 | Dataset: OfficeHome
+------------------+---------+---------+---------+-----------+---------+
|    Selection     |   Art   | Clipart | Product | RealWorld |   Avg.  |
+------------------+---------+---------+---------+-----------+---------+
|    prototype     |  1.937% |  0.916% |  1.509% |   1.515%  |  1.469% |
| classifer weight | 68.892% | 58.099% | 78.419% |  80.835%  | 71.561% |
+------------------+---------+---------+---------+-----------+---------+
