Namespace(algorithm='SRA', checkpoint_freq=300, ckpt='', data_dir='/home/shared/data/DomainBed/', dataset='OfficeHome', plotdir='', save_model_dir='', seed=1, start_swad=0.0, target='RealWorld')
Namespace(dataset='OfficeHome', exp_name='OfficeHome_RealWorld', iterations=5000, n_classes=65, n_domain_classes=3, src_data_path='/home/shared/data/DomainBed//OfficeHome/', src_train_meta_filenames=['domainbed/configs/data_list/OfficeHome/Art.txt', 'domainbed/configs/data_list/OfficeHome/Clipart.txt', 'domainbed/configs/data_list/OfficeHome/Product.txt'], target_test_meta_filenames=['domainbed/configs/data_list/OfficeHome/RealWorld.txt'], val_size=0.2)
{'data_augmentation': True, 'val_augment': False, 'resnet18': False, 'resnet_dropout': 0.0, 'class_balanced': False, 'optimizer': 'adam', 'freeze_bn': True, 'pretrained': True, 'lr': 5e-05, 'batch_size': 32, 'weight_decay': 0.0, 'disc_weight': 0.01, 'warm_up': 500, 'maxinfo_weight': 0.0, 'ot_weight': 0.1, 'prototype_per_class': 16, 'pro_weight': 0.01, 'mlp_width': 256, 'mlp_depth': 3, 'mlp_dropout': 0.5}
Train:  0   1941
Train:  1   3492
Train:  2   3551
Val_size:  0.2
Val:  2247
Test:  4357
-----------------------------------
Val Single set: Accuracy: 1082/2247 48.15%, 0.09946927846035111
-----------------------------------
-----------------------------------
Val set: Single-encoder + protype Accuracy: 1082/2247 1.34%, 0.09946927846035111
-----------------------------------
-----------------------------------
Test Single set: Accuracy: 2318/4357 53.20%, 0.031700399946887364
-----------------------------------
-----------------------------------
Test set: Single-encoder + protype Accuracy: 2318/4357 1.17%, 0.031700399946887364
-----------------------------------
Best val: 48.15%, Corres: 53.20%, Best Test: 53.20%
None
[0.09946927846035111]
[300]
[300]
-----------------------------------
Val Single set: Accuracy: 1603/2247 71.34%, 0.03121380659809206
-----------------------------------
-----------------------------------
Val set: Single-encoder + protype Accuracy: 1603/2247 1.25%, 0.03121380659809206
-----------------------------------
-----------------------------------
Test Single set: Accuracy: 3243/4357 74.43%, 0.009234550754657874
-----------------------------------
-----------------------------------
Test set: Single-encoder + protype Accuracy: 3243/4357 1.22%, 0.009234550754657874
-----------------------------------
Best val: 71.34%, Corres: 74.43%, Best Test: 74.43%
None
[0.09946927846035111, 0.03121380659809206]
[300, 600]
[300, 600]
-----------------------------------
Val Single set: Accuracy: 1757/2247 78.19%, 0.02615116308822492
-----------------------------------
-----------------------------------
Val set: Single-encoder + protype Accuracy: 1757/2247 75.34%, 0.02615116308822492
-----------------------------------
-----------------------------------
Test Single set: Accuracy: 3341/4357 76.68%, 0.00963580735422806
-----------------------------------
-----------------------------------
Test set: Single-encoder + protype Accuracy: 3341/4357 74.89%, 0.00963580735422806
-----------------------------------
Best val: 78.19%, Corres: 76.68%, Best Test: 76.68%
None
[0.09946927846035111, 0.03121380659809206, 0.02615116308822492]
[300, 600, 900]
[300, 600, 900]
min_idx:  2
-----------------------------------
Val Single set: Accuracy: 1830/2247 81.44%, 0.02357281823064361
-----------------------------------
-----------------------------------
Val set: Single-encoder + protype Accuracy: 1830/2247 78.15%, 0.02357281823064361
-----------------------------------
-----------------------------------
Test Single set: Accuracy: 3448/4357 79.14%, 0.009073735008498028
-----------------------------------
-----------------------------------
Test set: Single-encoder + protype Accuracy: 3448/4357 77.81%, 0.009073735008498028
-----------------------------------
Best val: 81.44%, Corres: 79.14%, Best Test: 79.14%
None
[0.03121380659809206, 0.02615116308822492, 0.02357281823064361]
[600, 900, 1200]
[300, 600, 900, 1200]
min_idx:  2
-----------------------------------
Val Single set: Accuracy: 1798/2247 80.02%, 0.026824467305241555
-----------------------------------
-----------------------------------
Val set: Single-encoder + protype Accuracy: 1798/2247 78.19%, 0.026824467305241555
-----------------------------------
-----------------------------------
Test Single set: Accuracy: 3336/4357 76.57%, 0.010888491745030138
-----------------------------------
-----------------------------------
Test set: Single-encoder + protype Accuracy: 3336/4357 76.11%, 0.010888491745030138
-----------------------------------
Best val: 81.44%, Corres: 79.14%, Best Test: 79.14%
None
[0.02615116308822492, 0.02357281823064361, 0.026824467305241555]
[900, 1200, 1500]
[300, 600, 900, 1200, 1500]
min_idx:  1
-----------------------------------
Val Single set: Accuracy: 1801/2247 80.15%, 0.029685145120489156
-----------------------------------
-----------------------------------
Val set: Single-encoder + protype Accuracy: 1801/2247 79.08%, 0.029685145120489156
-----------------------------------
-----------------------------------
Test Single set: Accuracy: 3313/4357 76.04%, 0.012847084380192086
-----------------------------------
-----------------------------------
Test set: Single-encoder + protype Accuracy: 3313/4357 76.25%, 0.012847084380192086
-----------------------------------
Best val: 81.44%, Corres: 79.14%, Best Test: 79.14%
None
[0.02357281823064361, 0.026824467305241555, 0.029685145120489156]
[1200, 1500, 1800]
[300, 600, 900, 1200, 1500, 1800]
min_idx:  0
Model converged at step 1200, Start step = 601; Threshold = 0.034702, 
-----------------------------------
Val Single set: Accuracy: 1821/2247 81.04%, 0.031634352031911166
-----------------------------------
-----------------------------------
Val set: Single-encoder + protype Accuracy: 1821/2247 80.28%, 0.031634352031911166
-----------------------------------
-----------------------------------
Test Single set: Accuracy: 3325/4357 76.31%, 0.013292472509443692
-----------------------------------
-----------------------------------
Test set: Single-encoder + protype Accuracy: 3325/4357 76.86%, 0.013292472509443692
-----------------------------------
Best val: 81.44%, Corres: 79.14%, Best Test: 79.14%
0.03470238661776221
[0.026824467305241555, 0.029685145120489156, 0.031634352031911166]
[1500, 1800, 2100]
[600, 900, 1200, 1500, 1800, 2100]
-----------------------------------
Val Single set: Accuracy: 1811/2247 80.60%, 0.03279852397900703
-----------------------------------
-----------------------------------
Val set: Single-encoder + protype Accuracy: 1811/2247 79.80%, 0.03279852397900703
-----------------------------------
-----------------------------------
Test Single set: Accuracy: 3370/4357 77.35%, 0.013519437441126535
-----------------------------------
-----------------------------------
Test set: Single-encoder + protype Accuracy: 3370/4357 76.96%, 0.013519437441126535
-----------------------------------
Best val: 81.44%, Corres: 79.14%, Best Test: 79.14%
0.03470238661776221
[0.029685145120489156, 0.031634352031911166, 0.03279852397900703]
[1800, 2100, 2400]
[900, 1200, 1500, 1800, 2100, 2400]
-----------------------------------
Val Single set: Accuracy: 1812/2247 80.64%, 0.03218490080547349
-----------------------------------
-----------------------------------
Val set: Single-encoder + protype Accuracy: 1812/2247 79.53%, 0.03218490080547349
-----------------------------------
-----------------------------------
Test Single set: Accuracy: 3300/4357 75.74%, 0.014417344457599202
-----------------------------------
-----------------------------------
Test set: Single-encoder + protype Accuracy: 3300/4357 75.30%, 0.014417344457599202
-----------------------------------
Best val: 81.44%, Corres: 79.14%, Best Test: 79.14%
0.03470238661776221
[0.031634352031911166, 0.03279852397900703, 0.03218490080547349]
[2100, 2400, 2700]
[1200, 1500, 1800, 2100, 2400, 2700]
-----------------------------------
Val Single set: Accuracy: 1779/2247 79.17%, 0.03339420464702206
-----------------------------------
-----------------------------------
Val set: Single-encoder + protype Accuracy: 1779/2247 79.13%, 0.03339420464702206
-----------------------------------
-----------------------------------
Test Single set: Accuracy: 3257/4357 74.75%, 0.014478976269065991
-----------------------------------
-----------------------------------
Test set: Single-encoder + protype Accuracy: 3257/4357 74.96%, 0.014478976269065991
-----------------------------------
Best val: 81.44%, Corres: 79.14%, Best Test: 79.14%
0.03470238661776221
[0.03279852397900703, 0.03218490080547349, 0.03339420464702206]
[2400, 2700, 3000]
[1500, 1800, 2100, 2400, 2700, 3000]
-----------------------------------
Val Single set: Accuracy: 1800/2247 80.11%, 0.03240380048731936
-----------------------------------
-----------------------------------
Val set: Single-encoder + protype Accuracy: 1800/2247 79.53%, 0.03240380048731936
-----------------------------------
-----------------------------------
Test Single set: Accuracy: 3333/4357 76.50%, 0.013431739952139058
-----------------------------------
-----------------------------------
Test set: Single-encoder + protype Accuracy: 3333/4357 76.11%, 0.013431739952139058
-----------------------------------
Best val: 81.44%, Corres: 79.14%, Best Test: 79.14%
0.03470238661776221
[0.03218490080547349, 0.03339420464702206, 0.03240380048731936]
[2700, 3000, 3300]
[1800, 2100, 2400, 2700, 3000, 3300]
-----------------------------------
Val Single set: Accuracy: 1803/2247 80.24%, 0.04089337422561794
-----------------------------------
-----------------------------------
Val set: Single-encoder + protype Accuracy: 1803/2247 80.33%, 0.04089337422561794
-----------------------------------
-----------------------------------
Test Single set: Accuracy: 3295/4357 75.63%, 0.017601394054127417
-----------------------------------
-----------------------------------
Test set: Single-encoder + protype Accuracy: 3295/4357 75.53%, 0.017601394054127417
-----------------------------------
Best val: 81.44%, Corres: 79.14%, Best Test: 79.14%
0.03470238661776221
[0.03339420464702206, 0.03240380048731936, 0.04089337422561794]
[3000, 3300, 3600]
[2100, 2400, 2700, 3000, 3300, 3600]
-----------------------------------
Val Single set: Accuracy: 1800/2247 80.11%, 0.03702542914594074
-----------------------------------
-----------------------------------
Val set: Single-encoder + protype Accuracy: 1800/2247 80.77%, 0.03702542914594074
-----------------------------------
-----------------------------------
Test Single set: Accuracy: 3333/4357 76.50%, 0.015624882110850046
-----------------------------------
-----------------------------------
Test set: Single-encoder + protype Accuracy: 3333/4357 76.93%, 0.015624882110850046
-----------------------------------
Best val: 81.44%, Corres: 79.14%, Best Test: 79.14%
0.03470238661776221
[0.03240380048731936, 0.04089337422561794, 0.03702542914594074]
[3300, 3600, 3900]
[2400, 2700, 3000, 3300, 3600, 3900]
-----------------------------------
Val Single set: Accuracy: 1824/2247 81.17%, 0.035030336709859694
-----------------------------------
-----------------------------------
Val set: Single-encoder + protype Accuracy: 1824/2247 80.28%, 0.035030336709859694
-----------------------------------
-----------------------------------
Test Single set: Accuracy: 3358/4357 77.07%, 0.013895805443758699
-----------------------------------
-----------------------------------
Test set: Single-encoder + protype Accuracy: 3358/4357 76.80%, 0.013895805443758699
-----------------------------------
Best val: 81.44%, Corres: 79.14%, Best Test: 79.14%
0.03470238661776221
[0.04089337422561794, 0.03702542914594074, 0.035030336709859694]
[3600, 3900, 4200]
[2700, 3000, 3300, 3600, 3900, 4200]
-----------------------------------
Val Single set: Accuracy: 1789/2247 79.62%, 0.03426066688566565
-----------------------------------
-----------------------------------
Val set: Single-encoder + protype Accuracy: 1789/2247 79.48%, 0.03426066688566565
-----------------------------------
-----------------------------------
Test Single set: Accuracy: 3236/4357 74.27%, 0.015797463563540837
-----------------------------------
-----------------------------------
Test set: Single-encoder + protype Accuracy: 3236/4357 75.56%, 0.015797463563540837
-----------------------------------
Best val: 81.44%, Corres: 79.14%, Best Test: 79.14%
0.03470238661776221
[0.03702542914594074, 0.035030336709859694, 0.03426066688566565]
[3900, 4200, 4500]
[3000, 3300, 3600, 3900, 4200, 4500]
-----------------------------------
Val Single set: Accuracy: 1819/2247 80.95%, 0.03624035549421787
-----------------------------------
-----------------------------------
Val set: Single-encoder + protype Accuracy: 1819/2247 80.86%, 0.03624035549421787
-----------------------------------
-----------------------------------
Test Single set: Accuracy: 3389/4357 77.78%, 0.01400526908660444
-----------------------------------
-----------------------------------
Test set: Single-encoder + protype Accuracy: 3389/4357 78.08%, 0.01400526908660444
-----------------------------------
Best val: 81.44%, Corres: 79.14%, Best Test: 79.14%
0.03470238661776221
[0.035030336709859694, 0.03426066688566565, 0.03624035549421787]
[4200, 4500, 4800]
[3300, 3600, 3900, 4200, 4500, 4800]
