[36mINFO[0m 07/10 12:15:18 | Command :: train_all.py PACS0 --dataset PACS --deterministic --seed 0 --checkpoint_freq 300 --data_dir /home/shared/data/DomainBed --algorithm BAIR --pretrained
Environment:
	Python: 3.7.9
	PyTorch: 1.13.1+cu117
	Torchvision: 0.14.1+cu117
	CUDA: 11.7
	CUDNN: 8500
	NumPy: 1.21.6
	PIL: 9.5.0
Args:
	algorithm: BAIR
	checkpoint_freq: 300
	configs: []
	data_dir: /home/shared/data/DomainBed
	dataset: PACS
	debug: False
	deterministic: True
	evalmode: fast
	holdout_fraction: 0.2
	model_save: None
	name: PACS0
	no_swad: False
	out_dir: train_output/PACS/240710_12-15-18_PACS0
	out_root: train_output/PACS
	prebuild_loader: False
	pretrained: True
	run_name: 240710_12-15-18_PACS0
	seed: 0
	show: False
	start_swad: 0.0
	steps: None
	tb_freq: 10
	test_envs: None
	trial_seed: 0
	unique_name: 240710_12-15-18_PACS0
	work_dir: .
HParams:
	data_augmentation: True
	val_augment: False
	resnet18: False
	resnet_dropout: 0.0
	class_balanced: False
	optimizer: adam
	freeze_bn: True
	pretrained: True
	lr: 5e-05
	batch_size: 32
	weight_decay: 0.0
	disc_weight: 0.01
	warm_up: 300
	maxinfo_weight: 0.1
	ot_weight: 0.1
	prototype_per_class: 16
	mlp_width: 256
	mlp_depth: 3
	mlp_dropout: 0.5
	swad: LossValley
	swad_kwargs: 
	  n_converge: 3
	  n_tolerance: 6
	  tolerance_ratio: 0.3
	test_batchsize: 128
	indomain_test: False
Dataset:
	[PACS] #envs=4, #classes=7
	env0: art_painting (#2048)
	env1: cartoon (#2344)
	env2: photo (#1670)
	env3: sketch (#3929)

[36mINFO[0m 07/10 12:15:20 | n_steps = 5001
[36mINFO[0m 07/10 12:15:20 | checkpoint_freq = 300
[36mINFO[0m 07/10 12:15:20 | n_steps is updated to 5001 => 4801 for checkpointing
[36mINFO[0m 07/10 12:15:20 | Target test envs = [[0], [1], [2], [3]]
Train:  0   1336
Train:  1   1875
Train:  2   3143
Val_size:  0.2
Val:  1589
Test:  2048
-----------------------------------
Val set: Accuracy: 1514/1589 95.28%, 0.004437839185459746
-----------------------------------
-----------------------------------
Test set: Accuracy: 1712/2048 83.59%, 0.019857814861097722
-----------------------------------
Best val: 95.28%, Corres: 83.59%, Best Test: 83.59%
[0.004437839185459746]
[300]
-----------------------------------
Val set: Accuracy: 1518/1589 95.53%, 0.00480111724094518
-----------------------------------
-----------------------------------
Test set: Accuracy: 1713/2048 83.64%, 0.02269726496160729
-----------------------------------
Best val: 95.53%, Corres: 83.64%, Best Test: 83.64%
[0.004437839185459746, 0.00480111724094518]
[300, 600]
-----------------------------------
Val set: Accuracy: 1527/1589 96.10%, 0.006552398850232764
-----------------------------------
-----------------------------------
Test set: Accuracy: 1769/2048 86.38%, 0.023305024276475073
-----------------------------------
Best val: 96.10%, Corres: 86.38%, Best Test: 86.38%
[0.004437839185459746, 0.00480111724094518, 0.006552398850232764]
[300, 600, 900]
Model converged at step 300, Start step = 301; Threshold = 0.006843, 
-----------------------------------
Val set: Accuracy: 1531/1589 96.35%, 0.00574078328347909
-----------------------------------
-----------------------------------
Test set: Accuracy: 1759/2048 85.89%, 0.025864893467087313
-----------------------------------
Best val: 96.35%, Corres: 85.89%, Best Test: 86.38%
[0.00480111724094518, 0.006552398850232764, 0.00574078328347909]
[600, 900, 1200]
-----------------------------------
Val set: Accuracy: 1520/1589 95.66%, 0.006649084790299201
-----------------------------------
-----------------------------------
Test set: Accuracy: 1704/2048 83.20%, 0.024934251536706142
-----------------------------------
Best val: 96.35%, Corres: 85.89%, Best Test: 86.38%
[0.006552398850232764, 0.00574078328347909, 0.006649084790299201]
[900, 1200, 1500]
-----------------------------------
Val set: Accuracy: 1534/1589 96.54%, 0.005115254064084172
-----------------------------------
-----------------------------------
Test set: Accuracy: 1761/2048 85.99%, 0.019672420941333257
-----------------------------------
Best val: 96.54%, Corres: 85.99%, Best Test: 86.38%
[0.00574078328347909, 0.006649084790299201, 0.005115254064084172]
[1200, 1500, 1800]
-----------------------------------
Val set: Accuracy: 1530/1589 96.29%, 0.004961722932865984
-----------------------------------
-----------------------------------
Test set: Accuracy: 1693/2048 82.67%, 0.03300443558055122
-----------------------------------
Best val: 96.54%, Corres: 85.99%, Best Test: 86.38%
[0.006649084790299201, 0.005115254064084172, 0.004961722932865984]
[1500, 1800, 2100]
-----------------------------------
Val set: Accuracy: 1515/1589 95.34%, 0.005123461012722944
-----------------------------------
-----------------------------------
Test set: Accuracy: 1766/2048 86.23%, 0.017296886622226282
-----------------------------------
Best val: 96.54%, Corres: 85.99%, Best Test: 86.38%
[0.005115254064084172, 0.004961722932865984, 0.005123461012722944]
[1800, 2100, 2400]
-----------------------------------
Val set: Accuracy: 1533/1589 96.48%, 0.004562737120109261
-----------------------------------
-----------------------------------
Test set: Accuracy: 1750/2048 85.45%, 0.01830887478195109
-----------------------------------
Best val: 96.54%, Corres: 85.99%, Best Test: 86.38%
[0.004961722932865984, 0.005123461012722944, 0.004562737120109261]
[2100, 2400, 2700]
-----------------------------------
Val set: Accuracy: 1536/1589 96.66%, 0.004221031494699868
-----------------------------------
-----------------------------------
Test set: Accuracy: 1788/2048 87.30%, 0.01372446904406388
-----------------------------------
Best val: 96.66%, Corres: 87.30%, Best Test: 87.30%
[0.005123461012722944, 0.004562737120109261, 0.004221031494699868]
[2400, 2700, 3000]
-----------------------------------
Val set: Accuracy: 1520/1589 95.66%, 0.005862191447903002
-----------------------------------
-----------------------------------
Test set: Accuracy: 1758/2048 85.84%, 0.01830529076505627
-----------------------------------
Best val: 96.66%, Corres: 87.30%, Best Test: 87.30%
[0.004562737120109261, 0.004221031494699868, 0.005862191447903002]
[2700, 3000, 3300]
-----------------------------------
Val set: Accuracy: 1507/1589 94.84%, 0.006413171236925507
-----------------------------------
-----------------------------------
Test set: Accuracy: 1670/2048 81.54%, 0.01837371291958334
-----------------------------------
Best val: 96.66%, Corres: 87.30%, Best Test: 87.30%
[0.004221031494699868, 0.005862191447903002, 0.006413171236925507]
[3000, 3300, 3600]
-----------------------------------
Val set: Accuracy: 1524/1589 95.91%, 0.005805254410648653
-----------------------------------
-----------------------------------
Test set: Accuracy: 1765/2048 86.18%, 0.018734814434992586
-----------------------------------
Best val: 96.66%, Corres: 87.30%, Best Test: 87.30%
[0.005862191447903002, 0.006413171236925507, 0.005805254410648653]
[3300, 3600, 3900]
-----------------------------------
Val set: Accuracy: 1522/1589 95.78%, 0.005441806677152969
-----------------------------------
-----------------------------------
Test set: Accuracy: 1688/2048 82.42%, 0.01979933863367478
-----------------------------------
Best val: 96.66%, Corres: 87.30%, Best Test: 87.30%
[0.006413171236925507, 0.005805254410648653, 0.005441806677152969]
[3600, 3900, 4200]
-----------------------------------
Val set: Accuracy: 1518/1589 95.53%, 0.005249633262811946
-----------------------------------
-----------------------------------
Test set: Accuracy: 1763/2048 86.08%, 0.0163285993039608
-----------------------------------
Best val: 96.66%, Corres: 87.30%, Best Test: 87.30%
[0.005805254410648653, 0.005441806677152969, 0.005249633262811946]
[3900, 4200, 4500]
-----------------------------------
Val set: Accuracy: 1520/1589 95.66%, 0.0049559020911560765
-----------------------------------
-----------------------------------
Test set: Accuracy: 1703/2048 83.15%, 0.02062060491880402
-----------------------------------
Best val: 96.66%, Corres: 87.30%, Best Test: 87.30%
[0.005441806677152969, 0.005249633262811946, 0.0049559020911560765]
[4200, 4500, 4800]
-----------------------------------
Val set: Accuracy: 1536/1589 96.66%, 0.003986396754934714
-----------------------------------
-----------------------------------
Test set: Accuracy: 1779/2048 86.87%, 0.01545504002024245
-----------------------------------
Best val: 96.66%, Corres: 87.30%, Best Test: 87.30%
[0.005249633262811946, 0.0049559020911560765, 0.003986396754934714]
[4500, 4800, 4999]
-----------------------------------
Test set: Accuracy: 1868/2048 91.21%, 0.011429868248312047
-----------------------------------
-----------------------------------
Test set: SWAD-encoder + Last-protype Accuracy: 1868/2048 91.65%, 0.011429868248312047
-----------------------------------
tensor([[  1,  24,   0,  17,   0,   9,   0,   6,  15,   9,  22,  41,   0,   2,
          45,  72,  21,   0,   0,   0,   4,  34,   0,   2,   1,  29,   9,   0,
           3,  44,   9,   0,   3,   0,  21,   1,   7,   9,   0,   2,  34,   0,
          58,   0,   6,   0,  11,  13,   3,   8,   0,   0,   1,   2,  25,   0,
           5,  72,   1,  12,   8,   6,   0,   0,  19,   0,   0,   1,   3,   8,
           0,   0,  21,  28,   1,  62,  17,  25,   1,   7,   0,   0,   9,  16,
           4,  24,  12,   0,  17,   0,   0,   6,  34,   7,  60,   4,   0,   0,
          37,   0,   2,   7,  32,   8,   0,   0,   0,  37,   4,  57,   0,  15],
        [  1,  21,   2,  44,   4,  22,   0,  11,  31,  27,  34,  90,   0,   2,
          26,  47,  40,   0,   0,   1,   1,  55,   0,   8,   1,  44,  18,   1,
          28,  39,   0,   1,   3,   7,  35,   4,   9,   4,   0,   1,  42,   0,
          65,  24,  10,   0,  19,  48,   5,   6,   0,   0,   1,  10,  29,   0,
          18,  25,   2,  12,  27,  47,   2,   0,  15,   5,   0,   5,   5,  13,
           0,   0,  70,   3,   2,  47,  21,  33,   0,  38,   0,   1,   7,  91,
          20,  30,  12,   0,  26,   3,   0,   2,  12,  12,  34,  26,   4,   0,
          67,   0,   0,  22,  24,   9,   3,   2,   5,  14,  10,  63,   3,  43],
        [  1,  69,   5,  50,   0,  51,   2,  18,  75,  97,  30,  93,   0,   0,
         125,   8,  36,   2,   1,   7,   2,  20,   3,   1,   9,  64,  50,   0,
          38,   7,   0,   1,  22,  24,  33,  16,  36,   0,   1,   0, 115,   1,
          27,  40,  41,   0,  30,  67,  29,  13,   0,   0,   0,   2,  27,   0,
          56,   0,   8,  53,  45,  24,   2,   0,   0,   9,   0,  14,  31,  18,
           0,   0, 111,   0,   2,   6, 126,  75,  11,  74,   0,   0,   0,  53,
          26, 102,  23,   0,  92,   1,   0,  19,   3,  43, 235,  81,   3,   1,
          21,   0,  32,  41,  48,  40,   2,   0,  13,  86,  32,  44,  10,  31]],
       device='cuda:0', dtype=torch.int32)
tensor([  3, 114,   7, 111,   4,  82,   2,  35, 121, 133,  86, 224,   0,   4,
        196, 127,  97,   2,   1,   8,   7, 109,   3,  11,  11, 137,  77,   1,
         69,  90,   9,   2,  28,  31,  89,  21,  52,  13,   1,   3, 191,   1,
        150,  64,  57,   0,  60, 128,  37,  27,   0,   0,   2,  14,  81,   0,
         79,  97,  11,  77,  80,  77,   4,   0,  34,  14,   0,  20,  39,  39,
          0,   0, 202,  31,   5, 115, 164, 133,  12, 119,   0,   1,  16, 160,
         50, 156,  47,   0, 135,   4,   0,  27,  49,  62, 329, 111,   7,   1,
        125,   0,  34,  70, 104,  57,   5,   2,  18, 137,  46, 164,  13,  89],
       device='cuda:0', dtype=torch.int32)
fault_map: tensor(0, device='cuda:0')
Train:  0   1336
Train:  1   1638
Train:  2   3143
Val_size:  0.2
Val:  1530
Test:  2344
-----------------------------------
Val set: Accuracy: 1436/1530 93.86%, 0.007079486167240961
-----------------------------------
-----------------------------------
Test set: Accuracy: 1788/2344 76.28%, 0.034309816827305044
-----------------------------------
Best val: 93.86%, Corres: 76.28%, Best Test: 76.28%
[0.007079486167240961]
[300]
-----------------------------------
Val set: Accuracy: 1448/1530 94.64%, 0.007920690941433833
-----------------------------------
-----------------------------------
Test set: Accuracy: 1748/2344 74.57%, 0.05199136756699242
-----------------------------------
Best val: 94.64%, Corres: 74.57%, Best Test: 76.28%
[0.007079486167240961, 0.007920690941433833]
[300, 600]
-----------------------------------
Val set: Accuracy: 1467/1530 95.88%, 0.006868999353748762
-----------------------------------
-----------------------------------
Test set: Accuracy: 1854/2344 79.10%, 0.04139576524985123
-----------------------------------
Best val: 95.88%, Corres: 79.10%, Best Test: 79.10%
[0.007079486167240961, 0.007920690941433833, 0.006868999353748762]
[300, 600, 900]
-----------------------------------
Val set: Accuracy: 1463/1530 95.62%, 0.007624769345407568
-----------------------------------
-----------------------------------
Test set: Accuracy: 1858/2344 79.27%, 0.0454051776288597
-----------------------------------
Best val: 95.88%, Corres: 79.10%, Best Test: 79.27%
[0.007920690941433833, 0.006868999353748762, 0.007624769345407568]
[600, 900, 1200]
-----------------------------------
Val set: Accuracy: 1465/1530 95.75%, 0.0071219169075150785
-----------------------------------
-----------------------------------
Test set: Accuracy: 1863/2344 79.48%, 0.04142738262950547
-----------------------------------
Best val: 95.88%, Corres: 79.10%, Best Test: 79.48%
[0.006868999353748762, 0.007624769345407568, 0.0071219169075150785]
[900, 1200, 1500]
Model converged at step 900, Start step = 301; Threshold = 0.009367, 
-----------------------------------
Val set: Accuracy: 1473/1530 96.27%, 0.0058119522012942135
-----------------------------------
-----------------------------------
Test set: Accuracy: 1886/2344 80.46%, 0.034861102399319215
-----------------------------------
Best val: 96.27%, Corres: 80.46%, Best Test: 80.46%
[0.007624769345407568, 0.0071219169075150785, 0.0058119522012942135]
[1200, 1500, 1800]
-----------------------------------
Val set: Accuracy: 1450/1530 94.77%, 0.007773696089200896
-----------------------------------
-----------------------------------
Test set: Accuracy: 1808/2344 77.13%, 0.04351294430218405
-----------------------------------
Best val: 96.27%, Corres: 80.46%, Best Test: 80.46%
[0.0071219169075150785, 0.0058119522012942135, 0.007773696089200896]
[1500, 1800, 2100]
-----------------------------------
Val set: Accuracy: 1455/1530 95.10%, 0.009301123087770143
-----------------------------------
-----------------------------------
Test set: Accuracy: 1794/2344 76.54%, 0.04822370241522904
-----------------------------------
Best val: 96.27%, Corres: 80.46%, Best Test: 80.46%
[0.0058119522012942135, 0.007773696089200896, 0.009301123087770143]
[1800, 2100, 2400]
-----------------------------------
Val set: Accuracy: 1467/1530 95.88%, 0.006481013423061776
-----------------------------------
-----------------------------------
Test set: Accuracy: 1855/2344 79.14%, 0.03165227101246241
-----------------------------------
Best val: 96.27%, Corres: 80.46%, Best Test: 80.46%
[0.007773696089200896, 0.009301123087770143, 0.006481013423061776]
[2100, 2400, 2700]
-----------------------------------
Val set: Accuracy: 1431/1530 93.53%, 0.009820281782832752
-----------------------------------
-----------------------------------
Test set: Accuracy: 1901/2344 81.10%, 0.03327487925377554
-----------------------------------
Best val: 96.27%, Corres: 80.46%, Best Test: 81.10%
[0.009301123087770143, 0.006481013423061776, 0.009820281782832752]
[2400, 2700, 3000]
-----------------------------------
Val set: Accuracy: 1474/1530 96.34%, 0.0056219277510535905
-----------------------------------
-----------------------------------
Test set: Accuracy: 1942/2344 82.85%, 0.03259709681519673
-----------------------------------
Best val: 96.34%, Corres: 82.85%, Best Test: 82.85%
[0.006481013423061776, 0.009820281782832752, 0.0056219277510535905]
[2700, 3000, 3300]
-----------------------------------
Val set: Accuracy: 1452/1530 94.90%, 0.005807049456413902
-----------------------------------
-----------------------------------
Test set: Accuracy: 1949/2344 83.15%, 0.02802957109751623
-----------------------------------
Best val: 96.34%, Corres: 82.85%, Best Test: 83.15%
[0.009820281782832752, 0.0056219277510535905, 0.005807049456413902]
[3000, 3300, 3600]
-----------------------------------
Val set: Accuracy: 1462/1530 95.56%, 0.005247701270160725
-----------------------------------
-----------------------------------
Test set: Accuracy: 1852/2344 79.01%, 0.032156674825795
-----------------------------------
Best val: 96.34%, Corres: 82.85%, Best Test: 83.15%
[0.0056219277510535905, 0.005807049456413902, 0.005247701270160725]
[3300, 3600, 3900]
-----------------------------------
Val set: Accuracy: 1464/1530 95.69%, 0.005498359451883433
-----------------------------------
-----------------------------------
Test set: Accuracy: 1908/2344 81.40%, 0.024487669924378036
-----------------------------------
Best val: 96.34%, Corres: 82.85%, Best Test: 83.15%
[0.005807049456413902, 0.005247701270160725, 0.005498359451883433]
[3600, 3900, 4200]
-----------------------------------
Val set: Accuracy: 1461/1530 95.49%, 0.007682681459232745
-----------------------------------
-----------------------------------
Test set: Accuracy: 1838/2344 78.41%, 0.04260673125900941
-----------------------------------
Best val: 96.34%, Corres: 82.85%, Best Test: 83.15%
[0.005247701270160725, 0.005498359451883433, 0.007682681459232745]
[3900, 4200, 4500]
-----------------------------------
Val set: Accuracy: 1461/1530 95.49%, 0.0055685061987805606
-----------------------------------
-----------------------------------
Test set: Accuracy: 1900/2344 81.06%, 0.030728448640137275
-----------------------------------
Best val: 96.34%, Corres: 82.85%, Best Test: 83.15%
[0.005498359451883433, 0.007682681459232745, 0.0055685061987805606]
[4200, 4500, 4800]
-----------------------------------
Val set: Accuracy: 1447/1530 94.58%, 0.007156311813057126
-----------------------------------
-----------------------------------
Test set: Accuracy: 1891/2344 80.67%, 0.02583429508960666
-----------------------------------
Best val: 96.34%, Corres: 82.85%, Best Test: 83.15%
[0.007682681459232745, 0.0055685061987805606, 0.007156311813057126]
[4500, 4800, 4999]
-----------------------------------
Test set: Accuracy: 1966/2344 83.87%, 0.02708395929616576
-----------------------------------
-----------------------------------
Test set: SWAD-encoder + Last-protype Accuracy: 1966/2344 83.96%, 0.02708395929616576
-----------------------------------
tensor([[  1,  44,  10,   1,  11,   2,  29,  24,   1,  36,  21,   0,  31,   0,
           1,   0,  19,   0,   1,  21,   4,  58,   1,   1,   6,   0,  28,   4,
           1,   7,   0,   1,   5,   9,   1,   2,  25,   1,   0,   0,   8,  35,
          60,   0,   0,  95,  15,  13,   0,   3,   9,   1,   3,   0,  20,   0,
           2,   0,   4,   2,  32,   6,  17,   0,   8,  15,  51,  25,  15,   3,
           0,   0,   8,   3,  12,  27,   1,   2,   0,  12,   0,   0,   0, 101,
           3,   5,  22,  12,   1,   0,  28,  12,  19,   1,  58,   0,   3,   3,
           1,   0,   5,   0,   1,   6,   0,   0,   0,  15,   6,  92,   4,   0],
        [  3, 128,  35,   3,  20,   4,  20,  21,   2,  29,  34,   2,  29,   0,
           1,   1,  43,   0,   4,   7,   3,  63,   1,   4,  21,   0,  33,   3,
           1,  12,   6,  12,  20,  12,   2,   7,  12,   5,   9,   0,   3,   9,
          53,   0,   5,  95,  26,  23,   1,   2,   6,   2,   8,   0,  36,   0,
           9,   0,   6,   4,  31,   4,  45,   2,  36,  19,  66,  31,  39,   2,
           0,   4,  39,   2,   1,  13,   0,   7,   1,  27,   1,   0,   0,  72,
           2,   3,  12,  18,   3,   1,  19,   4,  11,   5,  44,   0,   9,   3,
           2,   0,   7,   9,   5,  17,   1,   1,   2,   4,   3,  95,  10,   0],
        [  1, 221,  39,   0,   0,  14, 104, 131,  18, 100,  72,   0,   9,   0,
           0,   0,  60,   0,   0,  89,   1,  30,   1,  12,  10,   1,  94,   0,
           3,  78,   1,   0,  48,  27,   4,   0, 107,   6,   8,   0,  81,   1,
           5,   0,   0,  31, 157,  72,   3,  22,  22,  10,   0,   0,  11,   0,
           8,   0,   4,   4,  52,  13,   7,  17,   6,  96, 110,  83,  78,  29,
           0,   0,  76,   0,  27,   8,   1,  22,   0,  45,   1,   0,   0,  32,
          18,  33,  47,  64,  25,   1, 118,  19,   2,  12, 152,   7,  13,   2,
           0,   0,  34,  15,   9,  22,   0,   0,   0,  25,   3,  59,  32,   1]],
       device='cuda:0', dtype=torch.int32)
tensor([  5, 393,  84,   4,  31,  20, 153, 176,  21, 165, 127,   2,  69,   0,
          2,   1, 122,   0,   5, 117,   8, 151,   3,  17,  37,   1, 155,   7,
          5,  97,   7,  13,  73,  48,   7,   9, 144,  12,  17,   0,  92,  45,
        118,   0,   5, 221, 198, 108,   4,  27,  37,  13,  11,   0,  67,   0,
         19,   0,  14,  10, 115,  23,  69,  19,  50, 130, 227, 139, 132,  34,
          0,   4, 123,   5,  40,  48,   2,  31,   1,  84,   2,   0,   0, 205,
         23,  41,  81,  94,  29,   2, 165,  35,  32,  18, 254,   7,  25,   8,
          3,   0,  46,  24,  15,  45,   1,   1,   2,  44,  12, 246,  46,   1],
       device='cuda:0', dtype=torch.int32)
fault_map: tensor(0, device='cuda:0')
Train:  0   1638
Train:  1   1875
Train:  2   3143
Val_size:  0.2
Val:  1665
Test:  1670
-----------------------------------
Val set: Accuracy: 1556/1665 93.45%, 0.006632893126634126
-----------------------------------
-----------------------------------
Test set: Accuracy: 1627/1670 97.43%, 0.003288003178714347
-----------------------------------
Best val: 93.45%, Corres: 97.43%, Best Test: 97.43%
[0.006632893126634126]
[300]
-----------------------------------
Val set: Accuracy: 1582/1665 95.02%, 0.00749138424907835
-----------------------------------
-----------------------------------
Test set: Accuracy: 1622/1670 97.13%, 0.0040662905019654885
-----------------------------------
Best val: 95.02%, Corres: 97.13%, Best Test: 97.43%
[0.006632893126634126, 0.00749138424907835]
[300, 600]
-----------------------------------
Val set: Accuracy: 1581/1665 94.95%, 0.010174939179681654
-----------------------------------
-----------------------------------
Test set: Accuracy: 1607/1670 96.23%, 0.005899199306176041
-----------------------------------
Best val: 95.02%, Corres: 97.13%, Best Test: 97.43%
[0.006632893126634126, 0.00749138424907835, 0.010174939179681654]
[300, 600, 900]
Model converged at step 300, Start step = 301; Threshold = 0.010530, 
-----------------------------------
Val set: Accuracy: 1578/1665 94.77%, 0.008012515950509055
-----------------------------------
-----------------------------------
Test set: Accuracy: 1616/1670 96.77%, 0.005508224386654318
-----------------------------------
Best val: 95.02%, Corres: 97.13%, Best Test: 97.43%
[0.00749138424907835, 0.010174939179681654, 0.008012515950509055]
[600, 900, 1200]
-----------------------------------
Val set: Accuracy: 1562/1665 93.81%, 0.00893193389716549
-----------------------------------
-----------------------------------
Test set: Accuracy: 1585/1670 94.91%, 0.008629247646630341
-----------------------------------
Best val: 95.02%, Corres: 97.13%, Best Test: 97.43%
[0.010174939179681654, 0.008012515950509055, 0.00893193389716549]
[900, 1200, 1500]
-----------------------------------
Val set: Accuracy: 1577/1665 94.71%, 0.0074101832589902284
-----------------------------------
-----------------------------------
Test set: Accuracy: 1613/1670 96.59%, 0.004768280580488301
-----------------------------------
Best val: 95.02%, Corres: 97.13%, Best Test: 97.43%
[0.008012515950509055, 0.00893193389716549, 0.0074101832589902284]
[1200, 1500, 1800]
-----------------------------------
Val set: Accuracy: 1582/1665 95.02%, 0.006776780479906795
-----------------------------------
-----------------------------------
Test set: Accuracy: 1599/1670 95.75%, 0.0067285117654598
-----------------------------------
Best val: 95.02%, Corres: 97.13%, Best Test: 97.43%
[0.00893193389716549, 0.0074101832589902284, 0.006776780479906795]
[1500, 1800, 2100]
-----------------------------------
Val set: Accuracy: 1583/1665 95.08%, 0.006482138600742812
-----------------------------------
-----------------------------------
Test set: Accuracy: 1578/1670 94.49%, 0.007972255999167614
-----------------------------------
Best val: 95.08%, Corres: 94.49%, Best Test: 97.43%
[0.0074101832589902284, 0.006776780479906795, 0.006482138600742812]
[1800, 2100, 2400]
-----------------------------------
Val set: Accuracy: 1571/1665 94.35%, 0.00772526394682461
-----------------------------------
-----------------------------------
Test set: Accuracy: 1586/1670 94.97%, 0.006828800303179537
-----------------------------------
Best val: 95.08%, Corres: 94.49%, Best Test: 97.43%
[0.006776780479906795, 0.006482138600742812, 0.00772526394682461]
[2100, 2400, 2700]
-----------------------------------
Val set: Accuracy: 1557/1665 93.51%, 0.009333559606481108
-----------------------------------
-----------------------------------
Test set: Accuracy: 1575/1670 94.31%, 0.009253738251361238
-----------------------------------
Best val: 95.08%, Corres: 94.49%, Best Test: 97.43%
[0.006482138600742812, 0.00772526394682461, 0.009333559606481108]
[2400, 2700, 3000]
-----------------------------------
Val set: Accuracy: 1589/1665 95.44%, 0.006480436309186746
-----------------------------------
-----------------------------------
Test set: Accuracy: 1584/1670 94.85%, 0.0063682608266089095
-----------------------------------
Best val: 95.44%, Corres: 94.85%, Best Test: 97.43%
[0.00772526394682461, 0.009333559606481108, 0.006480436309186746]
[2700, 3000, 3300]
-----------------------------------
Val set: Accuracy: 1590/1665 95.50%, 0.005775165098173755
-----------------------------------
-----------------------------------
Test set: Accuracy: 1600/1670 95.81%, 0.005309075733513852
-----------------------------------
Best val: 95.50%, Corres: 95.81%, Best Test: 97.43%
[0.009333559606481108, 0.006480436309186746, 0.005775165098173755]
[3000, 3300, 3600]
-----------------------------------
Val set: Accuracy: 1572/1665 94.41%, 0.0072997419671197465
-----------------------------------
-----------------------------------
Test set: Accuracy: 1587/1670 95.03%, 0.006847345848516674
-----------------------------------
Best val: 95.50%, Corres: 95.81%, Best Test: 97.43%
[0.006480436309186746, 0.005775165098173755, 0.0072997419671197465]
[3300, 3600, 3900]
-----------------------------------
Val set: Accuracy: 1586/1665 95.26%, 0.00569507188076561
-----------------------------------
-----------------------------------
Test set: Accuracy: 1593/1670 95.39%, 0.005873958213609523
-----------------------------------
Best val: 95.50%, Corres: 95.81%, Best Test: 97.43%
[0.005775165098173755, 0.0072997419671197465, 0.00569507188076561]
[3600, 3900, 4200]
-----------------------------------
Val set: Accuracy: 1596/1665 95.86%, 0.005423991891273015
-----------------------------------
-----------------------------------
Test set: Accuracy: 1600/1670 95.81%, 0.004681282935341459
-----------------------------------
Best val: 95.86%, Corres: 95.81%, Best Test: 97.43%
[0.0072997419671197465, 0.00569507188076561, 0.005423991891273015]
[3900, 4200, 4500]
-----------------------------------
Val set: Accuracy: 1589/1665 95.44%, 0.006301591599111196
-----------------------------------
-----------------------------------
Test set: Accuracy: 1599/1670 95.75%, 0.006691672693060154
-----------------------------------
Best val: 95.86%, Corres: 95.81%, Best Test: 97.43%
[0.00569507188076561, 0.005423991891273015, 0.006301591599111196]
[4200, 4500, 4800]
-----------------------------------
Val set: Accuracy: 1587/1665 95.32%, 0.006144745573800918
-----------------------------------
-----------------------------------
Test set: Accuracy: 1581/1670 94.67%, 0.008343625713741665
-----------------------------------
Best val: 95.86%, Corres: 95.81%, Best Test: 97.43%
[0.005423991891273015, 0.006301591599111196, 0.006144745573800918]
[4500, 4800, 4999]
-----------------------------------
Test set: Accuracy: 1629/1670 97.54%, 0.0030165480759359684
-----------------------------------
-----------------------------------
Test set: SWAD-encoder + Last-protype Accuracy: 1629/1670 97.54%, 0.0030165480759359684
-----------------------------------
tensor([[  1,  42,   4,  24,   5,   4,   0,   1,   5,  32,  23,   0,  66,   1,
           3,   7,  10,   0,   9,   5,   1, 181,   0,   8,   0,  25,   9,   4,
           0,   0,   2,   6,  14,   2,  12,  31,   1,   1,   1,   6,  25,  27,
          27,   0,  12,   2,   6,   6,  15,   5,   8, 130,   0,  13,  20,   6,
           9,  54,  18,  25,  23,  18,   5,   2,  16,  22,   1,   8,   6,   0,
           0,   1,  25,   7,   4,   5,  30,   0,   1,  21,   0,   6,   1,  14,
           2,  11,   0,   0,   0,  11,   9,   7,   1,   0,  42,  11,   4,   3,
          83,  31,   2,  40,  57,   6,  83,   2,   2,   0,  32,   0,   7,  16],
        [  1,  40,   2,  16,   5,   6,   0,   1,  12,  29,  26,   0,  51,   1,
           5,   3,  29,   1,   7,   2,   0, 194,   1,   5,   0,  52,  12,  20,
           2,   0,   5,  15,  14,   0,  13,  51,   2,   1,   2,   3,  48,  13,
          19,   4,   7,   0,  16,  18,  21,  35,  24, 110,   0,   6,  36,   1,
          23,  48,  33,  30,  17,  23,   2,   3,  17,  20,   2,  12,  14,  10,
           0,   0,  31,  16,   6,  11,  29,   2,   0,  62,   0,  51,   0,   5,
          30,  28,   0,   2,   1,   6,  26,  13,   2,   4,  12,  19,   4,   4,
          55,  30,   1,  56,  32,   7,  33,   0,   4,   4,  18,   0,   7,   4],
        [ 10,  77,   8,  42,   0,  40,   0,   0,  35,  34,  65,   0,  13,   7,
           4,   0,  57,   0,  30,  22,   0,  59,   5,  15,   0,  54,  33,   4,
           0,   0,   0,  31,  62,   2,  23,  96,   0,   4,   1,  13,  87,  47,
           2,   0,  52,   0,  27,  23,  89,  28,  47,  84,   0,  21,  64,   0,
          50,  63,  32,  79,  26,  39,   0,   8,   5,  35,   7,  24,  63,  11,
           0,   0,  65,  38,   9,   0,  30,   5,   0, 135,   0,  40,   0,   1,
          50,  48,   1,   9,   0,   1,  39,  40,   0,   1,  73,  56,  44,   1,
           4,   8,   0, 132, 240,  37,  58,   0,  20,   1,  64,   3,  11,  13]],
       device='cuda:0', dtype=torch.int32)
tensor([ 12, 159,  14,  82,  10,  50,   0,   2,  52,  95, 114,   0, 130,   9,
         12,  10,  96,   1,  46,  29,   1, 434,   6,  28,   0, 131,  54,  28,
          2,   0,   7,  52,  90,   4,  48, 178,   3,   6,   4,  22, 160,  87,
         48,   4,  71,   2,  49,  47, 125,  68,  79, 324,   0,  40, 120,   7,
         82, 165,  83, 134,  66,  80,   7,  13,  38,  77,  10,  44,  83,  21,
          0,   1, 121,  61,  19,  16,  89,   7,   1, 218,   0,  97,   1,  20,
         82,  87,   1,  11,   1,  18,  74,  60,   3,   5, 127,  86,  52,   8,
        142,  69,   3, 228, 329,  50, 174,   2,  26,   5, 114,   3,  25,  33],
       device='cuda:0', dtype=torch.int32)
fault_map: tensor(0, device='cuda:0')
Train:  0   1336
Train:  1   1638
Train:  2   1875
Val_size:  0.2
Val:  1213
Test:  3929
-----------------------------------
Val set: Accuracy: 1149/1213 94.72%, 0.006350801769444531
-----------------------------------
-----------------------------------
Test set: Accuracy: 3146/3929 80.07%, 0.023420914228498967
-----------------------------------
Best val: 94.72%, Corres: 80.07%, Best Test: 80.07%
[0.006350801769444531]
[300]
-----------------------------------
Val set: Accuracy: 1138/1213 93.82%, 0.01009820210212491
-----------------------------------
-----------------------------------
Test set: Accuracy: 2791/3929 71.04%, 0.03627668022358025
-----------------------------------
Best val: 94.72%, Corres: 80.07%, Best Test: 80.07%
[0.006350801769444531, 0.01009820210212491]
[300, 600]
-----------------------------------
Val set: Accuracy: 1166/1213 96.13%, 0.005985625006891952
-----------------------------------
-----------------------------------
Test set: Accuracy: 3177/3929 80.86%, 0.027749434945861684
-----------------------------------
Best val: 96.13%, Corres: 80.86%, Best Test: 80.86%
[0.006350801769444531, 0.01009820210212491, 0.005985625006891952]
[300, 600, 900]
-----------------------------------
Val set: Accuracy: 1170/1213 96.46%, 0.006557083510170355
-----------------------------------
-----------------------------------
Test set: Accuracy: 3120/3929 79.41%, 0.03240610075142146
-----------------------------------
Best val: 96.46%, Corres: 79.41%, Best Test: 80.86%
[0.01009820210212491, 0.005985625006891952, 0.006557083510170355]
[600, 900, 1200]
-----------------------------------
Val set: Accuracy: 1162/1213 95.80%, 0.005995647384287099
-----------------------------------
-----------------------------------
Test set: Accuracy: 2717/3929 69.15%, 0.05124926210619788
-----------------------------------
Best val: 96.46%, Corres: 79.41%, Best Test: 80.86%
[0.005985625006891952, 0.006557083510170355, 0.005995647384287099]
[900, 1200, 1500]
Model converged at step 900, Start step = 901; Threshold = 0.008033, 
-----------------------------------
Val set: Accuracy: 1160/1213 95.63%, 0.008266678802353827
-----------------------------------
-----------------------------------
Test set: Accuracy: 2694/3929 68.57%, 0.05623516807011656
-----------------------------------
Best val: 96.46%, Corres: 79.41%, Best Test: 80.86%
[0.006557083510170355, 0.005995647384287099, 0.008266678802353827]
[1200, 1500, 1800]
-----------------------------------
Val set: Accuracy: 1165/1213 96.04%, 0.007473943773324278
-----------------------------------
-----------------------------------
Test set: Accuracy: 3124/3929 79.51%, 0.03292167064047637
-----------------------------------
Best val: 96.46%, Corres: 79.41%, Best Test: 80.86%
[0.005995647384287099, 0.008266678802353827, 0.007473943773324278]
[1500, 1800, 2100]
-----------------------------------
Val set: Accuracy: 1155/1213 95.22%, 0.008610321942050832
-----------------------------------
-----------------------------------
Test set: Accuracy: 3121/3929 79.43%, 0.029635483072246938
-----------------------------------
Best val: 96.46%, Corres: 79.41%, Best Test: 80.86%
[0.008266678802353827, 0.007473943773324278, 0.008610321942050832]
[1800, 2100, 2400]
-----------------------------------
Val set: Accuracy: 1163/1213 95.88%, 0.0052086339683130815
-----------------------------------
-----------------------------------
Test set: Accuracy: 3033/3929 77.20%, 0.033087273901836856
-----------------------------------
Best val: 96.46%, Corres: 79.41%, Best Test: 80.86%
[0.007473943773324278, 0.008610321942050832, 0.0052086339683130815]
[2100, 2400, 2700]
-----------------------------------
Val set: Accuracy: 1156/1213 95.30%, 0.005835129907673103
-----------------------------------
-----------------------------------
Test set: Accuracy: 3211/3929 81.73%, 0.02187633224254305
-----------------------------------
Best val: 96.46%, Corres: 79.41%, Best Test: 81.73%
[0.008610321942050832, 0.0052086339683130815, 0.005835129907673103]
[2400, 2700, 3000]
-----------------------------------
Val set: Accuracy: 1167/1213 96.21%, 0.005410367252443543
-----------------------------------
-----------------------------------
Test set: Accuracy: 2914/3929 74.17%, 0.03820011248489945
-----------------------------------
Best val: 96.46%, Corres: 79.41%, Best Test: 81.73%
[0.0052086339683130815, 0.005835129907673103, 0.005410367252443543]
[2700, 3000, 3300]
-----------------------------------
Val set: Accuracy: 1168/1213 96.29%, 0.004622887739123371
-----------------------------------
-----------------------------------
Test set: Accuracy: 3020/3929 76.86%, 0.03127566903176416
-----------------------------------
Best val: 96.46%, Corres: 79.41%, Best Test: 81.73%
[0.005835129907673103, 0.005410367252443543, 0.004622887739123371]
[3000, 3300, 3600]
-----------------------------------
Val set: Accuracy: 1169/1213 96.37%, 0.005537984680499517
-----------------------------------
-----------------------------------
Test set: Accuracy: 3020/3929 76.86%, 0.036463065907284764
-----------------------------------
Best val: 96.46%, Corres: 79.41%, Best Test: 81.73%
[0.005410367252443543, 0.004622887739123371, 0.005537984680499517]
[3300, 3600, 3900]
-----------------------------------
Val set: Accuracy: 1163/1213 95.88%, 0.004971500548404004
-----------------------------------
-----------------------------------
Test set: Accuracy: 3159/3929 80.40%, 0.025182566930289373
-----------------------------------
Best val: 96.46%, Corres: 79.41%, Best Test: 81.73%
[0.004622887739123371, 0.005537984680499517, 0.004971500548404004]
[3600, 3900, 4200]
-----------------------------------
Val set: Accuracy: 1159/1213 95.55%, 0.00607848137678432
-----------------------------------
-----------------------------------
Test set: Accuracy: 3035/3929 77.25%, 0.03626499547573342
-----------------------------------
Best val: 96.46%, Corres: 79.41%, Best Test: 81.73%
[0.005537984680499517, 0.004971500548404004, 0.00607848137678432]
[3900, 4200, 4500]
-----------------------------------
Val set: Accuracy: 1164/1213 95.96%, 0.005643201113586003
-----------------------------------
-----------------------------------
Test set: Accuracy: 3118/3929 79.36%, 0.0334715092279228
-----------------------------------
Best val: 96.46%, Corres: 79.41%, Best Test: 81.73%
[0.004971500548404004, 0.00607848137678432, 0.005643201113586003]
[4200, 4500, 4800]
-----------------------------------
Val set: Accuracy: 1152/1213 94.97%, 0.006711947875429365
-----------------------------------
-----------------------------------
Test set: Accuracy: 2875/3929 73.17%, 0.042613160681388915
-----------------------------------
Best val: 96.46%, Corres: 79.41%, Best Test: 81.73%
[0.00607848137678432, 0.005643201113586003, 0.006711947875429365]
[4500, 4800, 4999]
-----------------------------------
Test set: Accuracy: 3293/3929 83.81%, 0.02369523843128044
-----------------------------------
-----------------------------------
Test set: SWAD-encoder + Last-protype Accuracy: 3293/3929 83.41%, 0.02369523843128044
-----------------------------------
tensor([[  0,  16,  11,  13,   6,   0,   0,   3,   0,   7,  20,   5,  12,  29,
          26,   0,   6,  19,  15,  38,  52,   6,   0,   1,   1,   8,   4,  69,
           3,  18,   1,   1,   0,  15,   2,   0,  22,   5,  12,  11,  42,   0,
          45,   0,   4,   7,   3,   7,   0,   8,  46,  20,  16,   0,  55,   1,
           1,   4,   1,  10,   9,   6,   3,   0,   9,   4,   1,   1,  16,   2,
           2,  34,  11,   0,   9,  10,   1,   2,   0,  13,   0,   1,  83,   2,
           4,  10,   5,   0,   0,   8,   1,  20,  61,   1,  35,   0,   0,   0,
           5,   4,   3,  69,  33,   8,   0,  33,   4,  10,   7,   8,  12,  25],
        [  3,  11,  26,   6,  21,   2,   0,   0,   1,  13,  37,   3,  16,  31,
           5,   1,  24,   7,  38,  29,  60,  13,   0,  14,   1,  18,   9,  25,
          11,  22,   2,   2,   6,  15,   3,   0,  39,  18,  39,  21,  34,   3,
          26,   0,   4,   7,   3,   3,   0,   7,  62,  28,  10,   0,  40,   6,
           5,  16,  10,  10,  22,   9,   7,   1,  16,  33,   2,   2,  33,   8,
           1,  33,   8,   0,   4,  56,   3,   5,   2,   3,   0,   5,  26,   0,
           0,  37,   1,   0,   0,   5,   6,  49,  30,   0,  20,   0,   2,   4,
          20,   4,  14,  70,  32,  17,   1,  35,  19,  19,   7,  21,  19,  55],
        [  0,  22,  41,  19,  17,   7,   0,   1,   0,  14,  27,   0,  15,  17,
           2,   0,  17,  33,  21,  47, 134,  19,   0,  40,   0,  11,   1,  24,
           5,  31,   7,   1,   4,  29,   1,   0,  42,  14,  19,   1,  48,   3,
          44,   0,   0,  21,  12,  13,   0,   9, 138,   7,  12,   0,  83,   8,
           0,   9,   5,   6,  26,  21,   5,   0,  11,  15,   0,   7,  26,   4,
           1,  33,  19,   0,  23,  56,   5,   3,   0,   4,   0,   0,  20,   1,
           5,  22,   9,   0,   0,   2,  10,  36,  40,   1,  43,   0,   2,   2,
          11,  23,  15,  27,  31,  31,   2,  43,   8,  18,  18,  20,  20,  36]],
       device='cuda:0', dtype=torch.int32)
tensor([  3,  49,  78,  38,  44,   9,   0,   4,   1,  34,  84,   8,  43,  77,
         33,   1,  47,  59,  74, 114, 246,  38,   0,  55,   2,  37,  14, 118,
         19,  71,  10,   4,  10,  59,   6,   0, 103,  37,  70,  33, 124,   6,
        115,   0,   8,  35,  18,  23,   0,  24, 246,  55,  38,   0, 178,  15,
          6,  29,  16,  26,  57,  36,  15,   1,  36,  52,   3,  10,  75,  14,
          4, 100,  38,   0,  36, 122,   9,  10,   2,  20,   0,   6, 129,   3,
          9,  69,  15,   0,   0,  15,  17, 105, 131,   2,  98,   0,   4,   6,
         36,  31,  32, 166,  96,  56,   3, 111,  31,  47,  32,  49,  51, 116],
       device='cuda:0', dtype=torch.int32)
fault_map: tensor(0, device='cuda:0')
[36mINFO[0m 07/10 17:06:15 | === Summary ===
[36mINFO[0m 07/10 17:06:15 | Command: train_all.py PACS0 --dataset PACS --deterministic --seed 0 --checkpoint_freq 300 --data_dir /home/shared/data/DomainBed --algorithm BAIR --pretrained
[36mINFO[0m 07/10 17:06:15 | Unique name: 240710_12-15-18_PACS0
[36mINFO[0m 07/10 17:06:15 | Out path: train_output/PACS/240710_12-15-18_PACS0
[36mINFO[0m 07/10 17:06:15 | Algorithm: BAIR
[36mINFO[0m 07/10 17:06:15 | Dataset: PACS
+------------------+--------------+---------+---------+---------+---------+
|    Selection     | art_painting | cartoon |  photo  |  sketch |   Avg.  |
+------------------+--------------+---------+---------+---------+---------+
|    prototype     |   91.650%    | 83.959% | 97.545% | 83.405% | 89.140% |
| classifer weight |   91.211%    | 83.874% | 97.545% | 83.813% | 89.111% |
+------------------+--------------+---------+---------+---------+---------+
