[36mINFO[0m 07/10 12:15:18 | Command :: train_all.py PACS0 --dataset PACS --deterministic --seed 1 --checkpoint_freq 300 --data_dir /home/shared/data/DomainBed --algorithm BAIR --pretrained
Environment:
	Python: 3.7.9
	PyTorch: 1.13.1+cu117
	Torchvision: 0.14.1+cu117
	CUDA: 11.7
	CUDNN: 8500
	NumPy: 1.21.6
	PIL: 9.5.0
Args:
	algorithm: BAIR
	checkpoint_freq: 300
	configs: []
	data_dir: /home/shared/data/DomainBed
	dataset: PACS
	debug: False
	deterministic: True
	evalmode: fast
	holdout_fraction: 0.2
	model_save: None
	name: PACS0
	no_swad: False
	out_dir: train_output/PACS/240710_12-15-18_PACS0
	out_root: train_output/PACS
	prebuild_loader: False
	pretrained: True
	run_name: 240710_12-15-18_PACS0
	seed: 1
	show: False
	start_swad: 0.0
	steps: None
	tb_freq: 10
	test_envs: None
	trial_seed: 0
	unique_name: 240710_12-15-18_PACS0
	work_dir: .
HParams:
	data_augmentation: True
	val_augment: False
	resnet18: False
	resnet_dropout: 0.0
	class_balanced: False
	optimizer: adam
	freeze_bn: True
	pretrained: True
	lr: 5e-05
	batch_size: 32
	weight_decay: 0.0
	disc_weight: 0.01
	warm_up: 300
	maxinfo_weight: 0.1
	ot_weight: 0.1
	prototype_per_class: 16
	mlp_width: 256
	mlp_depth: 3
	mlp_dropout: 0.5
	swad: LossValley
	swad_kwargs: 
	  n_converge: 3
	  n_tolerance: 6
	  tolerance_ratio: 0.3
	test_batchsize: 128
	indomain_test: False
Dataset:
	[PACS] #envs=4, #classes=7
	env0: art_painting (#2048)
	env1: cartoon (#2344)
	env2: photo (#1670)
	env3: sketch (#3929)

[36mINFO[0m 07/10 12:15:20 | n_steps = 5001
[36mINFO[0m 07/10 12:15:20 | checkpoint_freq = 300
[36mINFO[0m 07/10 12:15:20 | n_steps is updated to 5001 => 4801 for checkpointing
[36mINFO[0m 07/10 12:15:20 | Target test envs = [[0], [1], [2], [3]]
Train:  0   1336
Train:  1   1875
Train:  2   3143
Val_size:  0.2
Val:  1589
Test:  2048
-----------------------------------
Val set: Accuracy: 1513/1589 95.22%, 0.006132702076156775
-----------------------------------
-----------------------------------
Test set: Accuracy: 1694/2048 82.71%, 0.025775712934319017
-----------------------------------
Best val: 95.22%, Corres: 82.71%, Best Test: 82.71%
[0.006132702076156775]
[300]
-----------------------------------
Val set: Accuracy: 1526/1589 96.04%, 0.005355163751462506
-----------------------------------
-----------------------------------
Test set: Accuracy: 1680/2048 82.03%, 0.033637158445202875
-----------------------------------
Best val: 96.04%, Corres: 82.03%, Best Test: 82.71%
[0.006132702076156775, 0.005355163751462506]
[300, 600]
-----------------------------------
Val set: Accuracy: 1525/1589 95.97%, 0.0061768235417772824
-----------------------------------
-----------------------------------
Test set: Accuracy: 1765/2048 86.18%, 0.022085767245371812
-----------------------------------
Best val: 96.04%, Corres: 82.03%, Best Test: 86.18%
[0.006132702076156775, 0.005355163751462506, 0.0061768235417772824]
[300, 600, 900]
-----------------------------------
Val set: Accuracy: 1539/1589 96.85%, 0.0041040121135514545
-----------------------------------
-----------------------------------
Test set: Accuracy: 1776/2048 86.72%, 0.020898373382635782
-----------------------------------
Best val: 96.85%, Corres: 86.72%, Best Test: 86.72%
[0.005355163751462506, 0.0061768235417772824, 0.0041040121135514545]
[600, 900, 1200]
-----------------------------------
Val set: Accuracy: 1497/1589 94.21%, 0.00781595029200236
-----------------------------------
-----------------------------------
Test set: Accuracy: 1617/2048 78.96%, 0.029444572915963363
-----------------------------------
Best val: 96.85%, Corres: 86.72%, Best Test: 86.72%
[0.0061768235417772824, 0.0041040121135514545, 0.00781595029200236]
[900, 1200, 1500]
-----------------------------------
Val set: Accuracy: 1536/1589 96.66%, 0.0040284582271711885
-----------------------------------
-----------------------------------
Test set: Accuracy: 1756/2048 85.74%, 0.021857578347322715
-----------------------------------
Best val: 96.85%, Corres: 86.72%, Best Test: 86.72%
[0.0041040121135514545, 0.00781595029200236, 0.0040284582271711885]
[1200, 1500, 1800]
-----------------------------------
Val set: Accuracy: 1521/1589 95.72%, 0.0062072977738518486
-----------------------------------
-----------------------------------
Test set: Accuracy: 1655/2048 80.81%, 0.03044541105472831
-----------------------------------
Best val: 96.85%, Corres: 86.72%, Best Test: 86.72%
[0.00781595029200236, 0.0040284582271711885, 0.0062072977738518486]
[1500, 1800, 2100]
-----------------------------------
Val set: Accuracy: 1537/1589 96.73%, 0.003772325063334711
-----------------------------------
-----------------------------------
Test set: Accuracy: 1790/2048 87.40%, 0.016725984272852656
-----------------------------------
Best val: 96.85%, Corres: 86.72%, Best Test: 87.40%
[0.0040284582271711885, 0.0062072977738518486, 0.003772325063334711]
[1800, 2100, 2400]
-----------------------------------
Val set: Accuracy: 1529/1589 96.22%, 0.004747194967241452
-----------------------------------
-----------------------------------
Test set: Accuracy: 1729/2048 84.42%, 0.01941935871991518
-----------------------------------
Best val: 96.85%, Corres: 86.72%, Best Test: 87.40%
[0.0062072977738518486, 0.003772325063334711, 0.004747194967241452]
[2100, 2400, 2700]
-----------------------------------
Val set: Accuracy: 1524/1589 95.91%, 0.0048641102026731765
-----------------------------------
-----------------------------------
Test set: Accuracy: 1683/2048 82.18%, 0.02196812894089817
-----------------------------------
Best val: 96.85%, Corres: 86.72%, Best Test: 87.40%
[0.003772325063334711, 0.004747194967241452, 0.0048641102026731765]
[2400, 2700, 3000]
Model converged at step 2400, Start step = -1; Threshold = 0.005800, 
-----------------------------------
Val set: Accuracy: 1539/1589 96.85%, 0.004019857064683256
-----------------------------------
-----------------------------------
Test set: Accuracy: 1669/2048 81.49%, 0.022769829573007883
-----------------------------------
Best val: 96.85%, Corres: 86.72%, Best Test: 87.40%
[0.004747194967241452, 0.0048641102026731765, 0.004019857064683256]
[2700, 3000, 3300]
-----------------------------------
Val set: Accuracy: 1540/1589 96.92%, 0.004049801262889341
-----------------------------------
-----------------------------------
Test set: Accuracy: 1727/2048 84.33%, 0.018783146727855637
-----------------------------------
Best val: 96.92%, Corres: 84.33%, Best Test: 87.40%
[0.0048641102026731765, 0.004019857064683256, 0.004049801262889341]
[3000, 3300, 3600]
-----------------------------------
Val set: Accuracy: 1512/1589 95.15%, 0.006599711726494063
-----------------------------------
-----------------------------------
Test set: Accuracy: 1694/2048 82.71%, 0.021645711016258673
-----------------------------------
Best val: 96.92%, Corres: 84.33%, Best Test: 87.40%
[0.004019857064683256, 0.004049801262889341, 0.006599711726494063]
[3300, 3600, 3900]
-----------------------------------
Val set: Accuracy: 1542/1589 97.04%, 0.003692982857933331
-----------------------------------
-----------------------------------
Test set: Accuracy: 1709/2048 83.45%, 0.018792030856275233
-----------------------------------
Best val: 97.04%, Corres: 83.45%, Best Test: 87.40%
[0.004049801262889341, 0.006599711726494063, 0.003692982857933331]
[3600, 3900, 4200]
-----------------------------------
Val set: Accuracy: 1542/1589 97.04%, 0.003708181324066597
-----------------------------------
-----------------------------------
Test set: Accuracy: 1689/2048 82.47%, 0.020690796733106254
-----------------------------------
Best val: 97.04%, Corres: 83.45%, Best Test: 87.40%
[0.006599711726494063, 0.003692982857933331, 0.003708181324066597]
[3900, 4200, 4500]
-----------------------------------
Val set: Accuracy: 1543/1589 97.11%, 0.0034794877511865087
-----------------------------------
-----------------------------------
Test set: Accuracy: 1755/2048 85.69%, 0.016656094353947992
-----------------------------------
Best val: 97.11%, Corres: 85.69%, Best Test: 87.40%
[0.003692982857933331, 0.003708181324066597, 0.0034794877511865087]
[4200, 4500, 4800]
-----------------------------------
Val set: Accuracy: 1541/1589 96.98%, 0.003191344037432871
-----------------------------------
-----------------------------------
Test set: Accuracy: 1737/2048 84.81%, 0.01794027235428075
-----------------------------------
Best val: 97.11%, Corres: 85.69%, Best Test: 87.40%
[0.003708181324066597, 0.0034794877511865087, 0.003191344037432871]
[4500, 4800, 4999]
-----------------------------------
Test set: Accuracy: 1829/2048 89.31%, 0.012763166552076655
-----------------------------------
-----------------------------------
Test set: SWAD-encoder + Last-protype Accuracy: 1829/2048 89.55%, 0.012763166552076655
-----------------------------------
tensor([[  0,   0,   0,   2,   3,   2,   0,  27,  14,  10,  56,   2,   0,   0,
          88,   1,   1,  21,   0,   3,  31,   7,   0,  33,  12,   8,  11,   0,
           1,  11,  10,   0,   1,  25,   0,  48,  13,  14,  19,  15,  16,   6,
           0,  22,   0,  39,  12,   2,   8,   0,   0,   0,   0,   4,  41,  10,
           1,   0,  12,  10,   6,   8,  18,   7,   2, 115,   9,   0,   2,   5,
          26,  48,   0,   3,  18,  11,  41,   0,  27,   0,   7,  10,  10,  26,
           8,  13,  24,  14,   0,   3,   0,   0,   0,   6,   0,  25,   0,  15,
           5,   0,   3,  15,   2,   0,  35,  57,   0,   0,   1,  12,   1,   2],
        [  3,   0,   2,  12,   3,  16,   1,   9,   9,  21,   3,   6,   0,   0,
          55,   0,  10,  34,   0,   5,  75,  33,   1,  75,   9,  21,  20,   0,
           2,  13,  29,   0,   1,  22,   1,  71,  30,  23,  21,  38,   1,  23,
           0,  17,   1,  39,  18,   1,  19,   1,   0,   1,   6,   1,  27,  15,
           8,   1,   7,  17,  17,  18,  36,  17,   9, 119,  11,   8,  12,  16,
          15,  95,   0,   3,  24,   9,  35,   0,  17,   1,  53,  39,   0,  24,
           3,  33,  70,  27,   0,  17,   0,   1,   0,   3,   1,  24,   2,  39,
          13,   0,  17,  13,   1,   0,  46,  45,   1,   0,   0,  44,   0,   1],
        [ 14,   6,   2,  13,   0,  37,   0,  53, 141,  32,   0,  30,   1,   0,
           6,   4,  38,  50,   0,   7,  88,   2,   0,  96,   1,  33,   0,   0,
           1,  56,  25,   1,   1,  44,   1, 103,  43,  66,  78,  25,   0,  41,
           1,  46,   0,  74,  32,   3,  25,   0,   0,   1,   1,   1, 145,  94,
          14,   7,   7,  51,  69,  29,  67, 120,   0,  53,  48,  18,   8,  54,
           0,  93,   0,   0,  45,  37,   0,   1,  59,   1,  70,  31,  55,   5,
          26,  62,  72,   0,   0,  70,   0,   0,   0,   0,   0,  56,  30,  37,
          47,   0,  54,  63,   5,   0,  62,  11,   0,   1,   7,  17,   0,  12]],
       device='cuda:0', dtype=torch.int32)
tensor([ 17,   6,   4,  27,   6,  55,   1,  89, 164,  63,  59,  38,   1,   0,
        149,   5,  49, 105,   0,  15, 194,  42,   1, 204,  22,  62,  31,   0,
          4,  80,  64,   1,   3,  91,   2, 222,  86, 103, 118,  78,  17,  70,
          1,  85,   1, 152,  62,   6,  52,   1,   0,   2,   7,   6, 213, 119,
         23,   8,  26,  78,  92,  55, 121, 144,  11, 287,  68,  26,  22,  75,
         41, 236,   0,   6,  87,  57,  76,   1, 103,   2, 130,  80,  65,  55,
         37, 108, 166,  41,   0,  90,   0,   1,   0,   9,   1, 105,  32,  91,
         65,   0,  74,  91,   8,   0, 143, 113,   1,   1,   8,  73,   1,  15],
       device='cuda:0', dtype=torch.int32)
fault_map: tensor(0, device='cuda:0')
Train:  0   1336
Train:  1   1638
Train:  2   3143
Val_size:  0.2
Val:  1530
Test:  2344
-----------------------------------
Val set: Accuracy: 1456/1530 95.16%, 0.005391574840501158
-----------------------------------
-----------------------------------
Test set: Accuracy: 1791/2344 76.41%, 0.03506226807640087
-----------------------------------
Best val: 95.16%, Corres: 76.41%, Best Test: 76.41%
[0.005391574840501158]
[300]
-----------------------------------
Val set: Accuracy: 1482/1530 96.86%, 0.004024028115448091
-----------------------------------
-----------------------------------
Test set: Accuracy: 1884/2344 80.38%, 0.03801781065590944
-----------------------------------
Best val: 96.86%, Corres: 80.38%, Best Test: 80.38%
[0.005391574840501158, 0.004024028115448091]
[300, 600]
-----------------------------------
Val set: Accuracy: 1475/1530 96.41%, 0.005106471379164813
-----------------------------------
-----------------------------------
Test set: Accuracy: 1901/2344 81.10%, 0.04459759235568822
-----------------------------------
Best val: 96.86%, Corres: 80.38%, Best Test: 81.10%
[0.005391574840501158, 0.004024028115448091, 0.005106471379164813]
[300, 600, 900]
-----------------------------------
Val set: Accuracy: 1481/1530 96.80%, 0.004827676570433203
-----------------------------------
-----------------------------------
Test set: Accuracy: 1927/2344 82.21%, 0.0326350972725485
-----------------------------------
Best val: 96.86%, Corres: 80.38%, Best Test: 82.21%
[0.004024028115448091, 0.005106471379164813, 0.004827676570433203]
[600, 900, 1200]
Model converged at step 600, Start step = 301; Threshold = 0.006049, 
-----------------------------------
Val set: Accuracy: 1481/1530 96.80%, 0.004860853271726544
-----------------------------------
-----------------------------------
Test set: Accuracy: 1829/2344 78.03%, 0.04564527605504927
-----------------------------------
Best val: 96.86%, Corres: 80.38%, Best Test: 82.21%
[0.005106471379164813, 0.004827676570433203, 0.004860853271726544]
[900, 1200, 1500]
-----------------------------------
Val set: Accuracy: 1464/1530 95.69%, 0.005912431540718602
-----------------------------------
-----------------------------------
Test set: Accuracy: 1939/2344 82.72%, 0.028058591571950516
-----------------------------------
Best val: 96.86%, Corres: 80.38%, Best Test: 82.72%
[0.004827676570433203, 0.004860853271726544, 0.005912431540718602]
[1200, 1500, 1800]
-----------------------------------
Val set: Accuracy: 1472/1530 96.21%, 0.004242739011472776
-----------------------------------
-----------------------------------
Test set: Accuracy: 1887/2344 80.50%, 0.02455758092061779
-----------------------------------
Best val: 96.86%, Corres: 80.38%, Best Test: 82.72%
[0.004860853271726544, 0.005912431540718602, 0.004242739011472776]
[1500, 1800, 2100]
-----------------------------------
Val set: Accuracy: 1484/1530 96.99%, 0.003948332746102667
-----------------------------------
-----------------------------------
Test set: Accuracy: 1928/2344 82.25%, 0.028724610607190813
-----------------------------------
Best val: 96.99%, Corres: 82.25%, Best Test: 82.72%
[0.005912431540718602, 0.004242739011472776, 0.003948332746102667]
[1800, 2100, 2400]
-----------------------------------
Val set: Accuracy: 1472/1530 96.21%, 0.005323125361526472
-----------------------------------
-----------------------------------
Test set: Accuracy: 1909/2344 81.44%, 0.03186151697244664
-----------------------------------
Best val: 96.99%, Corres: 82.25%, Best Test: 82.72%
[0.004242739011472776, 0.003948332746102667, 0.005323125361526472]
[2100, 2400, 2700]
-----------------------------------
Val set: Accuracy: 1442/1530 94.25%, 0.00762888268328704
-----------------------------------
-----------------------------------
Test set: Accuracy: 1687/2344 71.97%, 0.054557563050279576
-----------------------------------
Best val: 96.99%, Corres: 82.25%, Best Test: 82.72%
[0.003948332746102667, 0.005323125361526472, 0.00762888268328704]
[2400, 2700, 3000]
-----------------------------------
Val set: Accuracy: 1469/1530 96.01%, 0.005695109827733997
-----------------------------------
-----------------------------------
Test set: Accuracy: 1807/2344 77.09%, 0.03933664591214366
-----------------------------------
Best val: 96.99%, Corres: 82.25%, Best Test: 82.72%
[0.005323125361526472, 0.00762888268328704, 0.005695109827733997]
[2700, 3000, 3300]
-----------------------------------
Val set: Accuracy: 1445/1530 94.44%, 0.008327530566039892
-----------------------------------
-----------------------------------
Test set: Accuracy: 1821/2344 77.69%, 0.03399229250676756
-----------------------------------
Best val: 96.99%, Corres: 82.25%, Best Test: 82.72%
[0.00762888268328704, 0.005695109827733997, 0.008327530566039892]
[3000, 3300, 3600]
-----------------------------------
Val set: Accuracy: 1472/1530 96.21%, 0.005791038800201504
-----------------------------------
-----------------------------------
Test set: Accuracy: 1880/2344 80.20%, 0.036971173378413456
-----------------------------------
Best val: 96.99%, Corres: 82.25%, Best Test: 82.72%
[0.005695109827733997, 0.008327530566039892, 0.005791038800201504]
[3300, 3600, 3900]
-----------------------------------
Val set: Accuracy: 1463/1530 95.62%, 0.005734098934014279
-----------------------------------
-----------------------------------
Test set: Accuracy: 1838/2344 78.41%, 0.033492115224962406
-----------------------------------
Best val: 96.99%, Corres: 82.25%, Best Test: 82.72%
[0.008327530566039892, 0.005791038800201504, 0.005734098934014279]
[3600, 3900, 4200]
-----------------------------------
Val set: Accuracy: 1471/1530 96.14%, 0.004955749691279665
-----------------------------------
-----------------------------------
Test set: Accuracy: 1910/2344 81.48%, 0.027823098373496818
-----------------------------------
Best val: 96.99%, Corres: 82.25%, Best Test: 82.72%
[0.005791038800201504, 0.005734098934014279, 0.004955749691279665]
[3900, 4200, 4500]
-----------------------------------
Val set: Accuracy: 1471/1530 96.14%, 0.006618798528424482
-----------------------------------
-----------------------------------
Test set: Accuracy: 1683/2344 71.80%, 0.0621438538924444
-----------------------------------
Best val: 96.99%, Corres: 82.25%, Best Test: 82.72%
[0.005734098934014279, 0.004955749691279665, 0.006618798528424482]
[4200, 4500, 4800]
-----------------------------------
Val set: Accuracy: 1474/1530 96.34%, 0.005294024218854401
-----------------------------------
-----------------------------------
Test set: Accuracy: 1820/2344 77.65%, 0.03594408118607642
-----------------------------------
Best val: 96.99%, Corres: 82.25%, Best Test: 82.72%
[0.004955749691279665, 0.006618798528424482, 0.005294024218854401]
[4500, 4800, 4999]
-----------------------------------
Test set: Accuracy: 1973/2344 84.17%, 0.025889619893234874
-----------------------------------
-----------------------------------
Test set: SWAD-encoder + Last-protype Accuracy: 1973/2344 84.47%, 0.025889619893234874
-----------------------------------
tensor([[  1,  10,  49,   0,   0,   0,  17,   9,  14,  37,   3,  16,   0,   0,
           2,   5,   0,  12,   2,   0,   1,   0,   0,   1,  24,  42,   1,  20,
          83,  41,  22,   0,   7,  12,   9,   0,   6,   2,   1,  22,   0,   0,
           0,   1,   0,  55,  24,  21,  16,  53,   0,  17,   0,  55,  47,   2,
           1,   1,  10,   0,   0,  10,  16,   5,  49,  44,  18,   0,   0,   0,
           0,  38,   0,  66,  14,  15,  12,  25,   0,  15,  10,  15,   0,   0,
           1,  13,   0,  55,   1,  20,   0,  10,   2,   2,   0,  14,  13,   6,
           0,   0,   0,   0,   5,   0,   1,  41,   0,   0,   0,   1,   0,   1],
        [  2,   1,  80,   0,   0,   3,   1,  40,   7,  18,  13,  20,   0,   1,
           2,  15,   2,  32,   3,   0,   4,   0,   2,   0,   4,  47,   1,  28,
          83,  32,  21,   0,   8,  19,   3,   0,  20,   4,   2,  35,   1,   4,
           0,   3,   0,  44,  21,   9,  33,  39,   0,   7,   0,  63,  55,   2,
           3,  12,   4,   6,   0,   6,  17,  31,  41,  63,  20,   0,   2,   0,
           0,  57,   0,  82,  12,  32,  54,  45,   0,  10,   2,   3,   0,   0,
           0,  15,   2,  54,   0,  50,   0,  19,   0,   1,   4,  55,  23,  20,
           3,   0,   1,   0,   5,   0,   0,  33,   0,   0,   0,   1,   5,   5],
        [ 38,   0, 153,   0,   0,  16,  67,  70,  57, 147,   1,  58,   0,   0,
          10,  30,  27,  16,   4,   0,   3,   0,   0,   3,   0,  72,   0,  65,
           9,  95, 129,   0,  17,  71,  50,   0,  43,  17,  11,  72,   0,  26,
           0,   7,   1, 121,  66,  76,  10,   1,   0,  56,   8,  18, 173,  17,
           9,  52,  31,   7,   0,  54,  30,  17,  21,  46,  74,  19,   1,   0,
           0,  45,   3,  35,  68,  35,  12,  45,   0,  42,   0,  31,   0,   0,
           0,  33,  11,  13,   0, 107,   0, 107,   6,   0,   4,  55,  50,  74,
          12,   0,   1,   1,  13,   0,   5,   0,   0,   0,   3,   1,  25,   7]],
       device='cuda:0', dtype=torch.int32)
tensor([ 41,  11, 282,   0,   0,  19,  85, 119,  78, 202,  17,  94,   0,   1,
         14,  50,  29,  60,   9,   0,   8,   0,   2,   4,  28, 161,   2, 113,
        175, 168, 172,   0,  32, 102,  62,   0,  69,  23,  14, 129,   1,  30,
          0,  11,   1, 220, 111, 106,  59,  93,   0,  80,   8, 136, 275,  21,
         13,  65,  45,  13,   0,  70,  63,  53, 111, 153, 112,  19,   3,   0,
          0, 140,   3, 183,  94,  82,  78, 115,   0,  67,  12,  49,   0,   0,
          1,  61,  13, 122,   1, 177,   0, 136,   8,   3,   8, 124,  86, 100,
         15,   0,   2,   1,  23,   0,   6,  74,   0,   0,   3,   3,  30,  13],
       device='cuda:0', dtype=torch.int32)
fault_map: tensor(0, device='cuda:0')
Train:  0   1638
Train:  1   1875
Train:  2   3143
Val_size:  0.2
Val:  1665
Test:  1670
-----------------------------------
Val set: Accuracy: 1548/1665 92.97%, 0.00721741812723177
-----------------------------------
-----------------------------------
Test set: Accuracy: 1639/1670 98.14%, 0.0017817773939318997
-----------------------------------
Best val: 92.97%, Corres: 98.14%, Best Test: 98.14%
[0.00721741812723177]
[300]
-----------------------------------
Val set: Accuracy: 1573/1665 94.47%, 0.008540598959707463
-----------------------------------
-----------------------------------
Test set: Accuracy: 1627/1670 97.43%, 0.004135563045888444
-----------------------------------
Best val: 94.47%, Corres: 97.43%, Best Test: 98.14%
[0.00721741812723177, 0.008540598959707463]
[300, 600]
-----------------------------------
Val set: Accuracy: 1585/1665 95.20%, 0.0061112973214298184
-----------------------------------
-----------------------------------
Test set: Accuracy: 1615/1670 96.71%, 0.004701343604833869
-----------------------------------
Best val: 95.20%, Corres: 96.71%, Best Test: 98.14%
[0.00721741812723177, 0.008540598959707463, 0.0061112973214298184]
[300, 600, 900]
-----------------------------------
Val set: Accuracy: 1569/1665 94.23%, 0.006230161351966496
-----------------------------------
-----------------------------------
Test set: Accuracy: 1598/1670 95.69%, 0.005418083585136851
-----------------------------------
Best val: 95.20%, Corres: 96.71%, Best Test: 98.14%
[0.008540598959707463, 0.0061112973214298184, 0.006230161351966496]
[600, 900, 1200]
-----------------------------------
Val set: Accuracy: 1594/1665 95.74%, 0.006328455087894507
-----------------------------------
-----------------------------------
Test set: Accuracy: 1624/1670 97.25%, 0.003273946787861679
-----------------------------------
Best val: 95.74%, Corres: 97.25%, Best Test: 98.14%
[0.0061112973214298184, 0.006230161351966496, 0.006328455087894507]
[900, 1200, 1500]
Model converged at step 900, Start step = 901; Threshold = 0.008090, 
-----------------------------------
Val set: Accuracy: 1592/1665 95.62%, 0.005680439882636157
-----------------------------------
-----------------------------------
Test set: Accuracy: 1618/1670 96.89%, 0.004678117828713281
-----------------------------------
Best val: 95.74%, Corres: 97.25%, Best Test: 98.14%
[0.006230161351966496, 0.006328455087894507, 0.005680439882636157]
[1200, 1500, 1800]
-----------------------------------
Val set: Accuracy: 1566/1665 94.05%, 0.008351121723743317
-----------------------------------
-----------------------------------
Test set: Accuracy: 1594/1670 95.45%, 0.005825562057840721
-----------------------------------
Best val: 95.74%, Corres: 97.25%, Best Test: 98.14%
[0.006328455087894507, 0.005680439882636157, 0.008351121723743317]
[1500, 1800, 2100]
-----------------------------------
Val set: Accuracy: 1580/1665 94.89%, 0.008018589620048448
-----------------------------------
-----------------------------------
Test set: Accuracy: 1605/1670 96.11%, 0.007020555792345411
-----------------------------------
Best val: 95.74%, Corres: 97.25%, Best Test: 98.14%
[0.005680439882636157, 0.008351121723743317, 0.008018589620048448]
[1800, 2100, 2400]
-----------------------------------
Val set: Accuracy: 1568/1665 94.17%, 0.007274756700432556
-----------------------------------
-----------------------------------
Test set: Accuracy: 1590/1670 95.21%, 0.007067194811833523
-----------------------------------
Best val: 95.74%, Corres: 97.25%, Best Test: 98.14%
[0.008351121723743317, 0.008018589620048448, 0.007274756700432556]
[2100, 2400, 2700]
-----------------------------------
Val set: Accuracy: 1589/1665 95.44%, 0.005152490980014533
-----------------------------------
-----------------------------------
Test set: Accuracy: 1598/1670 95.69%, 0.004939607071155484
-----------------------------------
Best val: 95.74%, Corres: 97.25%, Best Test: 98.14%
[0.008018589620048448, 0.007274756700432556, 0.005152490980014533]
[2400, 2700, 3000]
-----------------------------------
Val set: Accuracy: 1585/1665 95.20%, 0.005975672780825974
-----------------------------------
-----------------------------------
Test set: Accuracy: 1607/1670 96.23%, 0.00459223602249589
-----------------------------------
Best val: 95.74%, Corres: 97.25%, Best Test: 98.14%
[0.007274756700432556, 0.005152490980014533, 0.005975672780825974]
[2700, 3000, 3300]
-----------------------------------
Val set: Accuracy: 1585/1665 95.20%, 0.005734637841494812
-----------------------------------
-----------------------------------
Test set: Accuracy: 1592/1670 95.33%, 0.005819622684562994
-----------------------------------
Best val: 95.74%, Corres: 97.25%, Best Test: 98.14%
[0.005152490980014533, 0.005975672780825974, 0.005734637841494812]
[3000, 3300, 3600]
-----------------------------------
Val set: Accuracy: 1588/1665 95.38%, 0.006211157837412782
-----------------------------------
-----------------------------------
Test set: Accuracy: 1598/1670 95.69%, 0.005513674664723875
-----------------------------------
Best val: 95.74%, Corres: 97.25%, Best Test: 98.14%
[0.005975672780825974, 0.005734637841494812, 0.006211157837412782]
[3300, 3600, 3900]
-----------------------------------
Val set: Accuracy: 1560/1665 93.69%, 0.008081345483464925
-----------------------------------
-----------------------------------
Test set: Accuracy: 1595/1670 95.51%, 0.005713765972659232
-----------------------------------
Best val: 95.74%, Corres: 97.25%, Best Test: 98.14%
[0.005734637841494812, 0.006211157837412782, 0.008081345483464925]
[3600, 3900, 4200]
-----------------------------------
Val set: Accuracy: 1597/1665 95.92%, 0.005386395731931645
-----------------------------------
-----------------------------------
Test set: Accuracy: 1586/1670 94.97%, 0.00658113756907107
-----------------------------------
Best val: 95.92%, Corres: 94.97%, Best Test: 98.14%
[0.006211157837412782, 0.008081345483464925, 0.005386395731931645]
[3900, 4200, 4500]
-----------------------------------
Val set: Accuracy: 1596/1665 95.86%, 0.004648121765328959
-----------------------------------
-----------------------------------
Test set: Accuracy: 1592/1670 95.33%, 0.0056642474045317855
-----------------------------------
Best val: 95.92%, Corres: 94.97%, Best Test: 98.14%
[0.008081345483464925, 0.005386395731931645, 0.004648121765328959]
[4200, 4500, 4800]
-----------------------------------
Val set: Accuracy: 1589/1665 95.44%, 0.005475463285533901
-----------------------------------
-----------------------------------
Test set: Accuracy: 1588/1670 95.09%, 0.006876773202262136
-----------------------------------
Best val: 95.92%, Corres: 94.97%, Best Test: 98.14%
[0.005386395731931645, 0.004648121765328959, 0.005475463285533901]
[4500, 4800, 4999]
-----------------------------------
Test set: Accuracy: 1634/1670 97.84%, 0.0026910051506025814
-----------------------------------
-----------------------------------
Test set: SWAD-encoder + Last-protype Accuracy: 1634/1670 97.72%, 0.0026910051506025814
-----------------------------------
tensor([[ 20,   0,   5,  46,   2,   2,  13,   1,   0,   5,   1,   8,  19,   0,
           3,   2,  24,  12,   0,   1,   5,  82,  12,  69,   4,  20,   0,   0,
           2,  18,  11,  10,  10,   5,  15,   5,  10,   1,  19,  13,   0,   3,
           1,  42,   1,  33,  23,   7,   1,   0,   0,  23,  21,  17,  12,   1,
           3,  44,   0,   1,  14,   0,   1,   2,  52,   0,  13,  11,   4,  29,
         183,   8,   0,   1,  48,  23,  61,   0,  38,   2,   4,   9,  41,   0,
          17,   2,  23,   1,   0,  22,   1,  21,   0,  22,   0,  28,  41,   8,
           2,   0,  13,   8,   0,   2,   4,   1,   6,   0,  31, 106,  13,   8],
        [ 17,   3,  17,  34,   1,   4,  30,   3,   0,   5,   1,  10,  26,   0,
           3,   6,  31,  23,   0,   6,   3,  58,  17,  31,  36,  24,   1,   1,
           1,  26,  13,  46,  16,   8,  15,  29,   2,   5,   6,  42,   0,  18,
           2,  64,   0,  38,  29,  11,   0,   1,   0,  29,  33,  23,  11,   1,
          22,  33,   6,   4,  18,   3,   2,   0,  47,   0,  33,   7,   0,  14,
         161,  16,   0,   2,  46,  10,  60,   0,  36,   5,   5,  25,  12,   0,
           8,   9,  24,   1,   0,  17,   0,  13,   0,  28,   3,  22,  58,  39,
           5,   0,   1,   6,   0,   3,  12,   1,  22,   4,  30,  76,  47,   0],
        [  6,   0,  56, 213,   0,  15,  47,   4,   0,  53,   1,  20,  23,   0,
          13,   0,  32,  29,   0,   0,  47,  15,  26,  64,  30,  30,   0,   0,
           1, 113,  69,  94,   1,  19,  17,  45,  49,   2,  35,  42,   0,  19,
           1,  16,   0, 147,  39,   7,   1,   0,   0,  73,  55,   6,  32,   5,
          38,  77,   4,  12,  81,   1,   5,   4,  18,   0, 127,  28,  13,  21,
          48,   2,   2,   0,  97,  51,  14,   2,  73,  34,   0,  22,  31,   0,
          16,  21,  30,   0,   0,  34,   0,  37,   1,  53,  22,  56, 115,  46,
           3,   0,  28,   0,   0,   0,  57,   0,  24,   0,  54,  74,  48,   0]],
       device='cuda:0', dtype=torch.int32)
tensor([ 43,   3,  78, 293,   3,  21,  90,   8,   0,  63,   3,  38,  68,   0,
         19,   8,  87,  64,   0,   7,  55, 155,  55, 164,  70,  74,   1,   1,
          4, 157,  93, 150,  27,  32,  47,  79,  61,   8,  60,  97,   0,  40,
          4, 122,   1, 218,  91,  25,   2,   1,   0, 125, 109,  46,  55,   7,
         63, 154,  10,  17, 113,   4,   8,   6, 117,   0, 173,  46,  17,  64,
        392,  26,   2,   3, 191,  84, 135,   2, 147,  41,   9,  56,  84,   0,
         41,  32,  77,   2,   0,  73,   1,  71,   1, 103,  25, 106, 214,  93,
         10,   0,  42,  14,   0,   5,  73,   2,  52,   4, 115, 256, 108,   8],
       device='cuda:0', dtype=torch.int32)
fault_map: tensor(0, device='cuda:0')
Train:  0   1336
Train:  1   1638
Train:  2   1875
Val_size:  0.2
Val:  1213
Test:  3929
-----------------------------------
Val set: Accuracy: 1170/1213 96.46%, 0.004851100669977032
-----------------------------------
-----------------------------------
Test set: Accuracy: 2980/3929 75.85%, 0.029627938924931402
-----------------------------------
Best val: 96.46%, Corres: 75.85%, Best Test: 75.85%
[0.004851100669977032]
[300]
-----------------------------------
Val set: Accuracy: 1173/1213 96.70%, 0.00425077593640945
-----------------------------------
-----------------------------------
Test set: Accuracy: 2859/3929 72.77%, 0.04021168305055274
-----------------------------------
Best val: 96.70%, Corres: 72.77%, Best Test: 75.85%
[0.004851100669977032, 0.00425077593640945]
[300, 600]
-----------------------------------
Val set: Accuracy: 1184/1213 97.61%, 0.00509662002984215
-----------------------------------
-----------------------------------
Test set: Accuracy: 2912/3929 74.12%, 0.061162118738974466
-----------------------------------
Best val: 97.61%, Corres: 74.12%, Best Test: 75.85%
[0.004851100669977032, 0.00425077593640945, 0.00509662002984215]
[300, 600, 900]
-----------------------------------
Val set: Accuracy: 1165/1213 96.04%, 0.00570996885835934
-----------------------------------
-----------------------------------
Test set: Accuracy: 2729/3929 69.46%, 0.04525615049625177
-----------------------------------
Best val: 97.61%, Corres: 74.12%, Best Test: 75.85%
[0.00425077593640945, 0.00509662002984215, 0.00570996885835934]
[600, 900, 1200]
Model converged at step 600, Start step = 301; Threshold = 0.006525, 
-----------------------------------
Val set: Accuracy: 1161/1213 95.71%, 0.0066795823201947655
-----------------------------------
-----------------------------------
Test set: Accuracy: 2416/3929 61.49%, 0.07153344900793059
-----------------------------------
Best val: 97.61%, Corres: 74.12%, Best Test: 75.85%
[0.00509662002984215, 0.00570996885835934, 0.0066795823201947655]
[900, 1200, 1500]
-----------------------------------
Val set: Accuracy: 1172/1213 96.62%, 0.005177256608644126
-----------------------------------
-----------------------------------
Test set: Accuracy: 3023/3929 76.94%, 0.031648781423884345
-----------------------------------
Best val: 97.61%, Corres: 74.12%, Best Test: 76.94%
[0.00570996885835934, 0.0066795823201947655, 0.005177256608644126]
[1200, 1500, 1800]
-----------------------------------
Val set: Accuracy: 1182/1213 97.44%, 0.003793201308215232
-----------------------------------
-----------------------------------
Test set: Accuracy: 2980/3929 75.85%, 0.035591327913361
-----------------------------------
Best val: 97.61%, Corres: 74.12%, Best Test: 76.94%
[0.0066795823201947655, 0.005177256608644126, 0.003793201308215232]
[1500, 1800, 2100]
-----------------------------------
Val set: Accuracy: 1169/1213 96.37%, 0.006169075876773222
-----------------------------------
-----------------------------------
Test set: Accuracy: 3119/3929 79.38%, 0.029424791459990836
-----------------------------------
Best val: 97.61%, Corres: 74.12%, Best Test: 79.38%
[0.005177256608644126, 0.003793201308215232, 0.006169075876773222]
[1800, 2100, 2400]
-----------------------------------
Val set: Accuracy: 1181/1213 97.36%, 0.004246609907506717
-----------------------------------
-----------------------------------
Test set: Accuracy: 2683/3929 68.29%, 0.05029089668290166
-----------------------------------
Best val: 97.61%, Corres: 74.12%, Best Test: 79.38%
[0.003793201308215232, 0.006169075876773222, 0.004246609907506717]
[2100, 2400, 2700]
-----------------------------------
Val set: Accuracy: 1162/1213 95.80%, 0.004770473163403778
-----------------------------------
-----------------------------------
Test set: Accuracy: 3034/3929 77.22%, 0.02266868030224313
-----------------------------------
Best val: 97.61%, Corres: 74.12%, Best Test: 79.38%
[0.006169075876773222, 0.004246609907506717, 0.004770473163403778]
[2400, 2700, 3000]
-----------------------------------
Val set: Accuracy: 1177/1213 97.03%, 0.0033226680346641335
-----------------------------------
-----------------------------------
Test set: Accuracy: 3114/3929 79.26%, 0.02215479473505711
-----------------------------------
Best val: 97.61%, Corres: 74.12%, Best Test: 79.38%
[0.004246609907506717, 0.004770473163403778, 0.0033226680346641335]
[2700, 3000, 3300]
-----------------------------------
Val set: Accuracy: 1176/1213 96.95%, 0.004564156057181122
-----------------------------------
-----------------------------------
Test set: Accuracy: 2927/3929 74.50%, 0.032162861158034524
-----------------------------------
Best val: 97.61%, Corres: 74.12%, Best Test: 79.38%
[0.004770473163403778, 0.0033226680346641335, 0.004564156057181122]
[3000, 3300, 3600]
-----------------------------------
Val set: Accuracy: 1165/1213 96.04%, 0.005861722878723532
-----------------------------------
-----------------------------------
Test set: Accuracy: 2834/3929 72.13%, 0.03686829277568974
-----------------------------------
Best val: 97.61%, Corres: 74.12%, Best Test: 79.38%
[0.0033226680346641335, 0.004564156057181122, 0.005861722878723532]
[3300, 3600, 3900]
-----------------------------------
Val set: Accuracy: 1179/1213 97.20%, 0.003970572375309285
-----------------------------------
-----------------------------------
Test set: Accuracy: 3155/3929 80.30%, 0.025758809813829962
-----------------------------------
Best val: 97.61%, Corres: 74.12%, Best Test: 80.30%
[0.004564156057181122, 0.005861722878723532, 0.003970572375309285]
[3600, 3900, 4200]
-----------------------------------
Val set: Accuracy: 1183/1213 97.53%, 0.0034279291640392203
-----------------------------------
-----------------------------------
Test set: Accuracy: 3055/3929 77.76%, 0.025023936761102736
-----------------------------------
Best val: 97.61%, Corres: 74.12%, Best Test: 80.30%
[0.005861722878723532, 0.003970572375309285, 0.0034279291640392203]
[3900, 4200, 4500]
-----------------------------------
Val set: Accuracy: 1173/1213 96.70%, 0.004653824244941456
-----------------------------------
-----------------------------------
Test set: Accuracy: 3215/3929 81.83%, 0.020729022656733202
-----------------------------------
Best val: 97.61%, Corres: 74.12%, Best Test: 81.83%
[0.003970572375309285, 0.0034279291640392203, 0.004653824244941456]
[4200, 4500, 4800]
-----------------------------------
Val set: Accuracy: 1176/1213 96.95%, 0.0037640533426613063
-----------------------------------
-----------------------------------
Test set: Accuracy: 3145/3929 80.05%, 0.024868952152163216
-----------------------------------
Best val: 97.61%, Corres: 74.12%, Best Test: 81.83%
[0.0034279291640392203, 0.004653824244941456, 0.0037640533426613063]
[4500, 4800, 4999]
-----------------------------------
Test set: Accuracy: 3235/3929 82.34%, 0.023599545513325958
-----------------------------------
-----------------------------------
Test set: SWAD-encoder + Last-protype Accuracy: 3235/3929 82.13%, 0.023599545513325958
-----------------------------------
tensor([[  0,   0,   8,  11,   0,   0,  28,   0,   0,   2,  41,  24,  84,  85,
          15,   0,   5,   0,   2,  51,   5,   0,   0,   0,  17,  19,   1,   0,
           0,   0,  27,   3,   1,  13,  29,   1,  12,   0,  35,  18,   3,  19,
           4,  24,  17,   1,  11,  73,   1,  13,   3,  14,   0,   6,  29,   1,
           4,   5,   2,   0,   0,   9,  11,  14,  10,  58,  10,   6,   9,   5,
           0,   6,   0,  12,   9,  14,   4,   2,   0,  13,   2,  36,  11,   0,
           9,   4,   6,   0,  36,  22,   1,   1,   1,   2,   0,  19,   1,  11,
          21,   0,   0,  23,   0,   0,   0,   2,   6,   0,   4,  33, 102,   0],
        [  2,   6,  20,   5,   2,   4,  13,   3,   1,   2,  68,  18,  44,  96,
          15,   1,   2,   0,   2,  33,   7,   1,   1,   1,  41,  60,   0,   2,
           0,   3,  20,   5,   2,  11,  11,   3,  21,   1,  63,  33,   4,  65,
           2,  52,  14,   2,  13,  68,   6,  16,   7,  11,   1,  13,  22,   0,
           5,  24,   7,   0,   0,  10,   7,   6,  14,  51,   9,   6,  10,  22,
           1,   1,   0,  24,  16,  41,   1,  11,   1,   9,   2,  53,   6,   2,
           5,  18,   9,   3,  30,  33,  12,   1,   0,  13,   1,  47,   1,   7,
           6,   0,   0,  30,   1,   1,   1,  10,   6,   2,   7,  16, 114,   0],
        [  0,   2,  15,   4,   1,   1,  27,   3,   0,   1,  55,  15,  22,  56,
          24,   1,   3,  12,   0,  36,  16,   1,   1,   1,  45,  40,   2,   0,
           0,   0,  48,  41,   6,  20,   7,   4,  29,   3,  70,  11,   3,  23,
           4,  58,  41,   1,  29, 111,  15,  19,   7,  36,   1,  13,  55,   3,
           9,  18,   7,   2,   1,   3,  15,  25,  17,  56,  19,   3,   1,  17,
           1,   7,   1,  22,  11,  41,   8,  26,   8,  17,   7,  88,  14,   3,
          12,  35,   7,   3,  19,  28,   9,   3,   0,   7,   3,  34,   7,  10,
          24,   0,   0,   7,   3,   1,   1,  15,  24,   4,   6,  34,  71,   0]],
       device='cuda:0', dtype=torch.int32)
tensor([  2,   8,  43,  20,   3,   5,  68,   6,   1,   5, 164,  57, 150, 237,
         54,   2,  10,  12,   4, 120,  28,   2,   2,   2, 103, 119,   3,   2,
          0,   3,  95,  49,   9,  44,  47,   8,  62,   4, 168,  62,  10, 107,
         10, 134,  72,   4,  53, 252,  22,  48,  17,  61,   2,  32, 106,   4,
         18,  47,  16,   2,   1,  22,  33,  45,  41, 165,  38,  15,  20,  44,
          2,  14,   1,  58,  36,  96,  13,  39,   9,  39,  11, 177,  31,   5,
         26,  57,  22,   6,  85,  83,  22,   5,   1,  22,   4, 100,   9,  28,
         51,   0,   0,  60,   4,   2,   2,  27,  36,   6,  17,  83, 287,   0],
       device='cuda:0', dtype=torch.int32)
fault_map: tensor(0, device='cuda:0')
[36mINFO[0m 07/10 17:05:59 | === Summary ===
[36mINFO[0m 07/10 17:05:59 | Command: train_all.py PACS0 --dataset PACS --deterministic --seed 1 --checkpoint_freq 300 --data_dir /home/shared/data/DomainBed --algorithm BAIR --pretrained
[36mINFO[0m 07/10 17:05:59 | Unique name: 240710_12-15-18_PACS0
[36mINFO[0m 07/10 17:05:59 | Out path: train_output/PACS/240710_12-15-18_PACS0
[36mINFO[0m 07/10 17:05:59 | Algorithm: BAIR
[36mINFO[0m 07/10 17:05:59 | Dataset: PACS
+------------------+--------------+---------+---------+---------+---------+
|    Selection     | art_painting | cartoon |  photo  |  sketch |   Avg.  |
+------------------+--------------+---------+---------+---------+---------+
|    prototype     |   89.551%    | 84.471% | 97.725% | 82.133% | 88.470% |
| classifer weight |   89.307%    | 84.172% | 97.844% | 82.336% | 88.415% |
+------------------+--------------+---------+---------+---------+---------+
