Namespace(algorithm='SRA', checkpoint_freq=300, ckpt='', data_dir='/home/shared/data/DomainBed/', dataset='PACS', plotdir='', save_model_dir='', seed=1, start_swad=0.0, target='sketch')
Namespace(dataset='PACS', exp_name='PACS_sketch', iterations=5000, n_classes=7, n_domain_classes=3, src_data_path='/home/shared/data/DomainBed//PACS/', src_train_meta_filenames=['domainbed/configs/data_list/PACS/photo_test_kfold.txt', 'domainbed/configs/data_list/PACS/art_painting_test_kfold.txt', 'domainbed/configs/data_list/PACS/cartoon_test_kfold.txt'], target_test_meta_filenames=['domainbed/configs/data_list/PACS/sketch_test_kfold.txt'], val_size=0.2)
{'data_augmentation': True, 'val_augment': False, 'resnet18': False, 'resnet_dropout': 0.0, 'class_balanced': False, 'optimizer': 'adam', 'freeze_bn': True, 'pretrained': True, 'lr': 5e-05, 'batch_size': 32, 'weight_decay': 0.0, 'disc_weight': 0.01, 'warm_up': 500, 'maxinfo_weight': 0.0, 'ot_weight': 0.1, 'prototype_per_class': 16, 'pro_weight': 0.01, 'mlp_width': 256, 'mlp_depth': 3, 'mlp_dropout': 0.5}
Train:  0   1336
Train:  1   1638
Train:  2   1875
Val_size:  0.2
Val:  1213
Test:  3929
-----------------------------------
Val Single set: Accuracy: 957/1213 78.90%, 0.032862552413248564
-----------------------------------
-----------------------------------
Val set: Single-encoder + protype Accuracy: 957/1213 67.11%, 0.032862552413248564
-----------------------------------
-----------------------------------
Test Single set: Accuracy: 1109/3929 28.23%, 0.018057473684637625
-----------------------------------
-----------------------------------
Test set: Single-encoder + protype Accuracy: 1109/3929 27.18%, 0.018057473684637625
-----------------------------------
Best val: 78.90%, Corres: 28.23%, Best Test: 28.23%
None
[0.032862552413248564]
[300]
[300]
-----------------------------------
Val Single set: Accuracy: 1121/1213 92.42%, 0.006943222212371772
-----------------------------------
-----------------------------------
Val set: Single-encoder + protype Accuracy: 1121/1213 92.42%, 0.006943222212371772
-----------------------------------
-----------------------------------
Test Single set: Accuracy: 3068/3929 78.09%, 0.006404650312976152
-----------------------------------
-----------------------------------
Test set: Single-encoder + protype Accuracy: 3068/3929 75.92%, 0.006404650312976152
-----------------------------------
Best val: 92.42%, Corres: 78.09%, Best Test: 78.09%
None
[0.032862552413248564, 0.006943222212371772]
[300, 600]
[300, 600]
-----------------------------------
Val Single set: Accuracy: 1170/1213 96.46%, 0.0036692483268871527
-----------------------------------
-----------------------------------
Val set: Single-encoder + protype Accuracy: 1170/1213 96.04%, 0.0036692483268871527
-----------------------------------
-----------------------------------
Test Single set: Accuracy: 3135/3929 79.79%, 0.007558703851111216
-----------------------------------
-----------------------------------
Test set: Single-encoder + protype Accuracy: 3135/3929 80.15%, 0.007558703851111216
-----------------------------------
Best val: 96.46%, Corres: 79.79%, Best Test: 79.79%
None
[0.032862552413248564, 0.006943222212371772, 0.0036692483268871527]
[300, 600, 900]
[300, 600, 900]
min_idx:  2
-----------------------------------
Val Single set: Accuracy: 1164/1213 95.96%, 0.004292182019181927
-----------------------------------
-----------------------------------
Val set: Single-encoder + protype Accuracy: 1164/1213 95.88%, 0.004292182019181927
-----------------------------------
-----------------------------------
Test Single set: Accuracy: 2999/3929 76.33%, 0.009001680542438745
-----------------------------------
-----------------------------------
Test set: Single-encoder + protype Accuracy: 2999/3929 76.30%, 0.009001680542438745
-----------------------------------
Best val: 96.46%, Corres: 79.79%, Best Test: 79.79%
None
[0.006943222212371772, 0.0036692483268871527, 0.004292182019181927]
[600, 900, 1200]
[300, 600, 900, 1200]
min_idx:  1
-----------------------------------
Val Single set: Accuracy: 1158/1213 95.47%, 0.004599532662884709
-----------------------------------
-----------------------------------
Val set: Single-encoder + protype Accuracy: 1158/1213 94.81%, 0.004599532662884709
-----------------------------------
-----------------------------------
Test Single set: Accuracy: 3065/3929 78.01%, 0.007835626539120726
-----------------------------------
-----------------------------------
Test set: Single-encoder + protype Accuracy: 3065/3929 77.53%, 0.007835626539120726
-----------------------------------
Best val: 96.46%, Corres: 79.79%, Best Test: 79.79%
None
[0.0036692483268871527, 0.004292182019181927, 0.004599532662884709]
[900, 1200, 1500]
[300, 600, 900, 1200, 1500]
min_idx:  0
Model converged at step 900, Start step = 901; Threshold = 0.005443, 
-----------------------------------
Val Single set: Accuracy: 1160/1213 95.63%, 0.005603382689959921
-----------------------------------
-----------------------------------
Val set: Single-encoder + protype Accuracy: 1160/1213 95.80%, 0.005603382689959921
-----------------------------------
-----------------------------------
Test Single set: Accuracy: 2944/3929 74.93%, 0.009666975598036105
-----------------------------------
-----------------------------------
Test set: Single-encoder + protype Accuracy: 2944/3929 76.10%, 0.009666975598036105
-----------------------------------
Best val: 96.46%, Corres: 79.79%, Best Test: 79.79%
0.005443083970546642
[0.004292182019181927, 0.004599532662884709, 0.005603382689959921]
[1200, 1500, 1800]
[300, 600, 900, 1200, 1500, 1800]
-----------------------------------
Val Single set: Accuracy: 1180/1213 97.28%, 0.004190918334367434
-----------------------------------
-----------------------------------
Val set: Single-encoder + protype Accuracy: 1180/1213 96.62%, 0.004190918334367434
-----------------------------------
-----------------------------------
Test Single set: Accuracy: 2817/3929 71.70%, 0.011684685069536679
-----------------------------------
-----------------------------------
Test set: Single-encoder + protype Accuracy: 2817/3929 71.82%, 0.011684685069536679
-----------------------------------
Best val: 97.28%, Corres: 71.70%, Best Test: 79.79%
0.005443083970546642
[0.004599532662884709, 0.005603382689959921, 0.004190918334367434]
[1500, 1800, 2100]
[600, 900, 1200, 1500, 1800, 2100]
-----------------------------------
Val Single set: Accuracy: 1148/1213 94.64%, 0.0060752183624306925
-----------------------------------
-----------------------------------
Val set: Single-encoder + protype Accuracy: 1148/1213 94.39%, 0.0060752183624306925
-----------------------------------
-----------------------------------
Test Single set: Accuracy: 2745/3929 69.87%, 0.014465486494381978
-----------------------------------
-----------------------------------
Test set: Single-encoder + protype Accuracy: 2745/3929 70.25%, 0.014465486494381978
-----------------------------------
Best val: 97.28%, Corres: 71.70%, Best Test: 79.79%
0.005443083970546642
[0.005603382689959921, 0.004190918334367434, 0.0060752183624306925]
[1800, 2100, 2400]
[900, 1200, 1500, 1800, 2100, 2400]
-----------------------------------
Val Single set: Accuracy: 1161/1213 95.71%, 0.005501678739691425
-----------------------------------
-----------------------------------
Val set: Single-encoder + protype Accuracy: 1161/1213 95.96%, 0.005501678739691425
-----------------------------------
-----------------------------------
Test Single set: Accuracy: 3166/3929 80.58%, 0.007627952121175422
-----------------------------------
-----------------------------------
Test set: Single-encoder + protype Accuracy: 3166/3929 80.50%, 0.007627952121175422
-----------------------------------
Best val: 97.28%, Corres: 71.70%, Best Test: 80.58%
0.005443083970546642
[0.004190918334367434, 0.0060752183624306925, 0.005501678739691425]
[2100, 2400, 2700]
[1200, 1500, 1800, 2100, 2400, 2700]
-----------------------------------
Val Single set: Accuracy: 1156/1213 95.30%, 0.005449597609442158
-----------------------------------
-----------------------------------
Val set: Single-encoder + protype Accuracy: 1156/1213 95.63%, 0.005449597609442158
-----------------------------------
-----------------------------------
Test Single set: Accuracy: 3067/3929 78.06%, 0.010130913789720898
-----------------------------------
-----------------------------------
Test set: Single-encoder + protype Accuracy: 3067/3929 76.61%, 0.010130913789720898
-----------------------------------
Best val: 97.28%, Corres: 71.70%, Best Test: 80.58%
0.005443083970546642
[0.0060752183624306925, 0.005501678739691425, 0.005449597609442158]
[2400, 2700, 3000]
[1500, 1800, 2100, 2400, 2700, 3000]
-----------------------------------
Val Single set: Accuracy: 1158/1213 95.47%, 0.0053270275386939825
-----------------------------------
-----------------------------------
Val set: Single-encoder + protype Accuracy: 1158/1213 95.71%, 0.0053270275386939825
-----------------------------------
-----------------------------------
Test Single set: Accuracy: 3033/3929 77.20%, 0.01094044114921226
-----------------------------------
-----------------------------------
Test set: Single-encoder + protype Accuracy: 3033/3929 76.66%, 0.01094044114921226
-----------------------------------
Best val: 97.28%, Corres: 71.70%, Best Test: 80.58%
0.005443083970546642
[0.005501678739691425, 0.005449597609442158, 0.0053270275386939825]
[2700, 3000, 3300]
[1800, 2100, 2400, 2700, 3000, 3300]
-----------------------------------
Val Single set: Accuracy: 1156/1213 95.30%, 0.006104056788533573
-----------------------------------
-----------------------------------
Val set: Single-encoder + protype Accuracy: 1156/1213 95.22%, 0.006104056788533573
-----------------------------------
-----------------------------------
Test Single set: Accuracy: 2986/3929 76.00%, 0.011453020100766965
-----------------------------------
-----------------------------------
Test set: Single-encoder + protype Accuracy: 2986/3929 76.41%, 0.011453020100766965
-----------------------------------
Best val: 97.28%, Corres: 71.70%, Best Test: 80.58%
0.005443083970546642
[0.005449597609442158, 0.0053270275386939825, 0.006104056788533573]
[3000, 3300, 3600]
[2100, 2400, 2700, 3000, 3300, 3600]
-----------------------------------
Val Single set: Accuracy: 1166/1213 96.13%, 0.004802648262503806
-----------------------------------
-----------------------------------
Val set: Single-encoder + protype Accuracy: 1166/1213 95.96%, 0.004802648262503806
-----------------------------------
-----------------------------------
Test Single set: Accuracy: 3047/3929 77.55%, 0.009112820638920643
-----------------------------------
-----------------------------------
Test set: Single-encoder + protype Accuracy: 3047/3929 77.65%, 0.009112820638920643
-----------------------------------
Best val: 97.28%, Corres: 71.70%, Best Test: 80.58%
0.005443083970546642
[0.0053270275386939825, 0.006104056788533573, 0.004802648262503806]
[3300, 3600, 3900]
[2400, 2700, 3000, 3300, 3600, 3900]
-----------------------------------
Val Single set: Accuracy: 1166/1213 96.13%, 0.0055039175995299245
-----------------------------------
-----------------------------------
Val set: Single-encoder + protype Accuracy: 1166/1213 95.96%, 0.0055039175995299245
-----------------------------------
-----------------------------------
Test Single set: Accuracy: 3051/3929 77.65%, 0.009973680982155241
-----------------------------------
-----------------------------------
Test set: Single-encoder + protype Accuracy: 3051/3929 78.26%, 0.009973680982155241
-----------------------------------
Best val: 97.28%, Corres: 71.70%, Best Test: 80.58%
0.005443083970546642
[0.006104056788533573, 0.004802648262503806, 0.0055039175995299245]
[3600, 3900, 4200]
[2700, 3000, 3300, 3600, 3900, 4200]
-----------------------------------
Val Single set: Accuracy: 1169/1213 96.37%, 0.006332331275193362
-----------------------------------
-----------------------------------
Val set: Single-encoder + protype Accuracy: 1169/1213 95.96%, 0.006332331275193362
-----------------------------------
-----------------------------------
Test Single set: Accuracy: 3116/3929 79.31%, 0.011451357522859437
-----------------------------------
-----------------------------------
Test set: Single-encoder + protype Accuracy: 3116/3929 79.51%, 0.011451357522859437
-----------------------------------
Best val: 97.28%, Corres: 71.70%, Best Test: 80.58%
0.005443083970546642
[0.004802648262503806, 0.0055039175995299245, 0.006332331275193362]
[3900, 4200, 4500]
[3000, 3300, 3600, 3900, 4200, 4500]
-----------------------------------
Val Single set: Accuracy: 1153/1213 95.05%, 0.006532026741759873
-----------------------------------
-----------------------------------
Val set: Single-encoder + protype Accuracy: 1153/1213 94.89%, 0.006532026741759873
-----------------------------------
-----------------------------------
Test Single set: Accuracy: 3193/3929 81.27%, 0.007724792493393962
-----------------------------------
-----------------------------------
Test set: Single-encoder + protype Accuracy: 3193/3929 81.19%, 0.007724792493393962
-----------------------------------
Best val: 97.28%, Corres: 71.70%, Best Test: 81.27%
0.005443083970546642
[0.0055039175995299245, 0.006332331275193362, 0.006532026741759873]
[4200, 4500, 4800]
[3300, 3600, 3900, 4200, 4500, 4800]
-----------------------------------
Val Single set: Accuracy: 1156/1213 95.30%, 0.0074739376105893976
-----------------------------------
-----------------------------------
Val set: Single-encoder + protype Accuracy: 1156/1213 94.64%, 0.0074739376105893976
-----------------------------------
-----------------------------------
Test Single set: Accuracy: 3074/3929 78.24%, 0.010076586491781265
-----------------------------------
-----------------------------------
Test set: Single-encoder + protype Accuracy: 3074/3929 77.45%, 0.010076586491781265
-----------------------------------
Best val: 97.28%, Corres: 71.70%, Best Test: 81.27%
0.005443083970546642
[0.006332331275193362, 0.006532026741759873, 0.0074739376105893976]
[4500, 4800, 4999]
[3600, 3900, 4200, 4500, 4800, 4999]
-----------------------------------
Test SWAD set: Accuracy: 3231/3929 82.23%, 0.007166255594957236
-----------------------------------
-----------------------------------
Test set: SWAD-encoder + protype Accuracy: 3231/3929 81.98%, 0.007166255594957236
-----------------------------------
-----------------------------------
Val SWAD set: Accuracy: 1192/1213 98.27%, 0.0014495786258112912
-----------------------------------
-----------------------------------
Val set: SWAD-encoder + protype Accuracy: 1192/1213 98.02%, 0.0014495786258112912
-----------------------------------
tensor([[  7,   2,  18,   0,   3,   3,  11,   2,  22,   1,  15,   6,  64,  24,
          18,  12,  25,  55,  26,   3,  15,   3,  29,   0,   4,   0,   3,  37,
           1,  57,  28,   3,  27,   7,   0,  18,   7,   1,   0,   3,   5,   7,
           1,   5,   1,  12,   0,   0,  13,  20,   0,   0,  10,   0,   0,  11,
           0,  19,   8,  23,   4,   0,  24,  26,   4,   9,   0,   5,   2,   0,
           2,   2,   7,   8,   2,   0,   4,  18,  30,   0,   8,  16,   0,  51,
          13, 148,   0,   2,   2,  24,  24,   0,  43,   0,   5,   0,   2,   0,
           0,   0,  31,   3,  44,   3,  16,   0,   0,  10,  18,   0,   3,   4],
        [ 26,  26,   2,   2,  13,   1,   6,   2,  11,   1,  41,  11,  31,  22,
          14,  36,  10,  11,  28,  16,  40,   2,  13,   1,   3,   3,  11,  21,
           1,   1,   0,   4,  28,  15,   1,  61,   3,   0,   1,   0,  29,  17,
           1,   7,  15,  11,   3,  32,   7,  16,  15,  32,   0,  19,   1,  20,
           0,  10,  36,  21,  29,  80,  18,  10,  33,  10,   0,  24,   4,   1,
          16,  11,   5,  14,   3,   0,  15,   0,   3,   3,   2,  50,   0,  13,
          25,   2,   1,  11,   2,  63,  12,   4,  10,   4,  26,   8,   9,  14,
           1,  34,  75,   0,  86,   2,   7,  23,   3,  18,  17,   1,   8,  11],
        [ 86,  24,   6,   3,   3,   1,  55,   8,  18,   2,   8,   1,  28,  20,
           5,  11,  20,  32,  10,   2,  38,  22,  15,   1,   8,  35,   0,  29,
           5,   0,   0,   0,  35,  76,   0,  25,  13,   0,   0,   3,  26,   6,
           0,  33,   4,   8,  44,  25,  23,  21,  16,  28,   0,   9,   0,  28,
           0,  13,  26,  98,  36,  76,   0,   3,  32,  12,   0,   5,   3,   4,
          30,  42,  22,  13,  10,   1,   2,   0,   5,   1,   7,   7,   0,  32,
          13,   0,   1,   1,   0,  49,  19,   0,   1,   6,   1,  17,   7,   8,
           0,  65,  15,   2,  49,   2,  39,  28,  27,   6,  38,   0,  44,  19]],
       device='cuda:0', dtype=torch.int32)
tensor([119,  52,  26,   5,  19,   5,  72,  12,  51,   4,  64,  18, 123,  66,
         37,  59,  55,  98,  64,  21,  93,  27,  57,   2,  15,  38,  14,  87,
          7,  58,  28,   7,  90,  98,   1, 104,  23,   1,   1,   6,  60,  30,
          2,  45,  20,  31,  47,  57,  43,  57,  31,  60,  10,  28,   1,  59,
          0,  42,  70, 142,  69, 156,  42,  39,  69,  31,   0,  34,   9,   5,
         48,  55,  34,  35,  15,   1,  21,  18,  38,   4,  17,  73,   0,  96,
         51, 150,   2,  14,   4, 136,  55,   4,  54,  10,  32,  25,  18,  22,
          1,  99, 121,   5, 179,   7,  62,  51,  30,  34,  73,   1,  55,  34],
       device='cuda:0', dtype=torch.int32)
fault_map: tensor(0, device='cuda:0')
Train:  0   1336
Train:  1   1638
Train:  2   1875
Val_size:  0.2
Val:  1213
Test:  3929
-----------------------------------
Val Single set: Accuracy: 946/1213 77.99%, 0.032675635588631
-----------------------------------
-----------------------------------
Val set: Single-encoder + protype Accuracy: 946/1213 66.28%, 0.032675635588631
-----------------------------------
-----------------------------------
Test Single set: Accuracy: 1694/3929 43.12%, 0.01758527303658299
-----------------------------------
-----------------------------------
Test set: Single-encoder + protype Accuracy: 1694/3929 24.69%, 0.01758527303658299
-----------------------------------
Best val: 77.99%, Corres: 43.12%, Best Test: 43.12%
None
[0.032675635588631]
[300]
[300]
-----------------------------------
Val Single set: Accuracy: 1162/1213 95.80%, 0.004111664190808555
-----------------------------------
-----------------------------------
Val set: Single-encoder + protype Accuracy: 1162/1213 94.48%, 0.004111664190808555
-----------------------------------
-----------------------------------
Test Single set: Accuracy: 2660/3929 67.70%, 0.009264945312594907
-----------------------------------
-----------------------------------
Test set: Single-encoder + protype Accuracy: 2660/3929 62.51%, 0.009264945312594907
-----------------------------------
Best val: 95.80%, Corres: 67.70%, Best Test: 67.70%
None
[0.032675635588631, 0.004111664190808555]
[300, 600]
[300, 600]
-----------------------------------
Val Single set: Accuracy: 1172/1213 96.62%, 0.003492783015723546
-----------------------------------
-----------------------------------
Val set: Single-encoder + protype Accuracy: 1172/1213 96.62%, 0.003492783015723546
-----------------------------------
-----------------------------------
Test Single set: Accuracy: 2794/3929 71.11%, 0.008723034707606067
-----------------------------------
-----------------------------------
Test set: Single-encoder + protype Accuracy: 2794/3929 69.46%, 0.008723034707606067
-----------------------------------
Best val: 96.62%, Corres: 71.11%, Best Test: 71.11%
None
[0.032675635588631, 0.004111664190808555, 0.003492783015723546]
[300, 600, 900]
[300, 600, 900]
min_idx:  2
-----------------------------------
Val Single set: Accuracy: 1163/1213 95.88%, 0.0038516076382630413
-----------------------------------
-----------------------------------
Val set: Single-encoder + protype Accuracy: 1163/1213 96.37%, 0.0038516076382630413
-----------------------------------
-----------------------------------
Test Single set: Accuracy: 2764/3929 70.35%, 0.00850855133011008
-----------------------------------
-----------------------------------
Test set: Single-encoder + protype Accuracy: 2764/3929 70.76%, 0.00850855133011008
-----------------------------------
Best val: 96.62%, Corres: 71.11%, Best Test: 71.11%
None
[0.004111664190808555, 0.003492783015723546, 0.0038516076382630413]
[600, 900, 1200]
[300, 600, 900, 1200]
min_idx:  1
-----------------------------------
Val Single set: Accuracy: 1177/1213 97.03%, 0.0037228762463082372
-----------------------------------
-----------------------------------
Val set: Single-encoder + protype Accuracy: 1177/1213 96.70%, 0.0037228762463082372
-----------------------------------
-----------------------------------
Test Single set: Accuracy: 2662/3929 67.75%, 0.010683511282142169
-----------------------------------
-----------------------------------
Test set: Single-encoder + protype Accuracy: 2662/3929 69.56%, 0.010683511282142169
-----------------------------------
Best val: 97.03%, Corres: 67.75%, Best Test: 71.11%
None
[0.003492783015723546, 0.0038516076382630413, 0.0037228762463082372]
[900, 1200, 1500]
[300, 600, 900, 1200, 1500]
min_idx:  0
Model converged at step 900, Start step = 601; Threshold = 0.004796, 
-----------------------------------
Val Single set: Accuracy: 1179/1213 97.20%, 0.003617117822589254
-----------------------------------
-----------------------------------
Val set: Single-encoder + protype Accuracy: 1179/1213 96.62%, 0.003617117822589254
-----------------------------------
-----------------------------------
Test Single set: Accuracy: 2965/3929 75.46%, 0.009597531649015974
-----------------------------------
-----------------------------------
Test set: Single-encoder + protype Accuracy: 2965/3929 75.06%, 0.009597531649015974
-----------------------------------
Best val: 97.20%, Corres: 75.46%, Best Test: 75.46%
0.004795815656794424
[0.0038516076382630413, 0.0037228762463082372, 0.003617117822589254]
[1200, 1500, 1800]
[300, 600, 900, 1200, 1500, 1800]
