[36mINFO[0m 07/10 12:15:18 | Command :: train_all.py PACS0 --dataset PACS --deterministic --seed 2 --checkpoint_freq 300 --data_dir /home/shared/data/DomainBed --algorithm BAIR --pretrained
Environment:
	Python: 3.7.9
	PyTorch: 1.13.1+cu117
	Torchvision: 0.14.1+cu117
	CUDA: 11.7
	CUDNN: 8500
	NumPy: 1.21.6
	PIL: 9.5.0
Args:
	algorithm: BAIR
	checkpoint_freq: 300
	configs: []
	data_dir: /home/shared/data/DomainBed
	dataset: PACS
	debug: False
	deterministic: True
	evalmode: fast
	holdout_fraction: 0.2
	model_save: None
	name: PACS0
	no_swad: False
	out_dir: train_output/PACS/240710_12-15-18_PACS0
	out_root: train_output/PACS
	prebuild_loader: False
	pretrained: True
	run_name: 240710_12-15-18_PACS0
	seed: 2
	show: False
	start_swad: 0.0
	steps: None
	tb_freq: 10
	test_envs: None
	trial_seed: 0
	unique_name: 240710_12-15-18_PACS0
	work_dir: .
HParams:
	data_augmentation: True
	val_augment: False
	resnet18: False
	resnet_dropout: 0.0
	class_balanced: False
	optimizer: adam
	freeze_bn: True
	pretrained: True
	lr: 5e-05
	batch_size: 32
	weight_decay: 0.0
	disc_weight: 0.01
	warm_up: 300
	maxinfo_weight: 0.1
	ot_weight: 0.1
	prototype_per_class: 16
	mlp_width: 256
	mlp_depth: 3
	mlp_dropout: 0.5
	swad: LossValley
	swad_kwargs: 
	  n_converge: 3
	  n_tolerance: 6
	  tolerance_ratio: 0.3
	test_batchsize: 128
	indomain_test: False
Dataset:
	[PACS] #envs=4, #classes=7
	env0: art_painting (#2048)
	env1: cartoon (#2344)
	env2: photo (#1670)
	env3: sketch (#3929)

[36mINFO[0m 07/10 12:15:20 | n_steps = 5001
[36mINFO[0m 07/10 12:15:20 | checkpoint_freq = 300
[36mINFO[0m 07/10 12:15:20 | n_steps is updated to 5001 => 4801 for checkpointing
[36mINFO[0m 07/10 12:15:20 | Target test envs = [[0], [1], [2], [3]]
Train:  0   1336
Train:  1   1875
Train:  2   3143
Val_size:  0.2
Val:  1589
Test:  2048
-----------------------------------
Val set: Accuracy: 1513/1589 95.22%, 0.0056575853523099795
-----------------------------------
-----------------------------------
Test set: Accuracy: 1628/2048 79.49%, 0.030802201864844392
-----------------------------------
Best val: 95.22%, Corres: 79.49%, Best Test: 79.49%
[0.0056575853523099795]
[300]
-----------------------------------
Val set: Accuracy: 1518/1589 95.53%, 0.008115968811411252
-----------------------------------
-----------------------------------
Test set: Accuracy: 1736/2048 84.77%, 0.03168217306870244
-----------------------------------
Best val: 95.53%, Corres: 84.77%, Best Test: 84.77%
[0.0056575853523099795, 0.008115968811411252]
[300, 600]
-----------------------------------
Val set: Accuracy: 1515/1589 95.34%, 0.006110576377435244
-----------------------------------
-----------------------------------
Test set: Accuracy: 1713/2048 83.64%, 0.028024755867363638
-----------------------------------
Best val: 95.53%, Corres: 84.77%, Best Test: 84.77%
[0.0056575853523099795, 0.008115968811411252, 0.006110576377435244]
[300, 600, 900]
Model converged at step 300, Start step = 301; Threshold = 0.008616, 
-----------------------------------
Val set: Accuracy: 1529/1589 96.22%, 0.004805873070017182
-----------------------------------
-----------------------------------
Test set: Accuracy: 1698/2048 82.91%, 0.02379038118669996
-----------------------------------
Best val: 96.22%, Corres: 82.91%, Best Test: 84.77%
[0.008115968811411252, 0.006110576377435244, 0.004805873070017182]
[600, 900, 1200]
-----------------------------------
Val set: Accuracy: 1514/1589 95.28%, 0.006673870612106967
-----------------------------------
-----------------------------------
Test set: Accuracy: 1736/2048 84.77%, 0.021130233816165855
-----------------------------------
Best val: 96.22%, Corres: 82.91%, Best Test: 84.77%
[0.006110576377435244, 0.004805873070017182, 0.006673870612106967]
[900, 1200, 1500]
-----------------------------------
Val set: Accuracy: 1524/1589 95.91%, 0.005428743536806598
-----------------------------------
-----------------------------------
Test set: Accuracy: 1792/2048 87.50%, 0.018006203037828072
-----------------------------------
Best val: 96.22%, Corres: 82.91%, Best Test: 87.50%
[0.004805873070017182, 0.006673870612106967, 0.005428743536806598]
[1200, 1500, 1800]
-----------------------------------
Val set: Accuracy: 1538/1589 96.79%, 0.004126901290181663
-----------------------------------
-----------------------------------
Test set: Accuracy: 1793/2048 87.55%, 0.017380445696289826
-----------------------------------
Best val: 96.79%, Corres: 87.55%, Best Test: 87.55%
[0.006673870612106967, 0.005428743536806598, 0.004126901290181663]
[1500, 1800, 2100]
-----------------------------------
Val set: Accuracy: 1525/1589 95.97%, 0.005675451647187283
-----------------------------------
-----------------------------------
Test set: Accuracy: 1737/2048 84.81%, 0.021240253200232928
-----------------------------------
Best val: 96.79%, Corres: 87.55%, Best Test: 87.55%
[0.005428743536806598, 0.004126901290181663, 0.005675451647187283]
[1800, 2100, 2400]
-----------------------------------
Val set: Accuracy: 1519/1589 95.59%, 0.007062322823843008
-----------------------------------
-----------------------------------
Test set: Accuracy: 1728/2048 84.38%, 0.0231866455750378
-----------------------------------
Best val: 96.79%, Corres: 87.55%, Best Test: 87.55%
[0.004126901290181663, 0.005675451647187283, 0.007062322823843008]
[2100, 2400, 2700]
-----------------------------------
Val set: Accuracy: 1542/1589 97.04%, 0.00412690118719584
-----------------------------------
-----------------------------------
Test set: Accuracy: 1771/2048 86.47%, 0.017536720324187627
-----------------------------------
Best val: 97.04%, Corres: 86.47%, Best Test: 87.55%
[0.005675451647187283, 0.007062322823843008, 0.00412690118719584]
[2400, 2700, 3000]
-----------------------------------
Val set: Accuracy: 1527/1589 96.10%, 0.00509628117078056
-----------------------------------
-----------------------------------
Test set: Accuracy: 1645/2048 80.32%, 0.02689080532798016
-----------------------------------
Best val: 97.04%, Corres: 86.47%, Best Test: 87.55%
[0.007062322823843008, 0.00412690118719584, 0.00509628117078056]
[2700, 3000, 3300]
-----------------------------------
Val set: Accuracy: 1509/1589 94.97%, 0.006360414412866148
-----------------------------------
-----------------------------------
Test set: Accuracy: 1741/2048 85.01%, 0.018489912707764233
-----------------------------------
Best val: 97.04%, Corres: 86.47%, Best Test: 87.55%
[0.00412690118719584, 0.00509628117078056, 0.006360414412866148]
[3000, 3300, 3600]
-----------------------------------
Val set: Accuracy: 1530/1589 96.29%, 0.005210803840218535
-----------------------------------
-----------------------------------
Test set: Accuracy: 1744/2048 85.16%, 0.01719073851199937
-----------------------------------
Best val: 97.04%, Corres: 86.47%, Best Test: 87.55%
[0.00509628117078056, 0.006360414412866148, 0.005210803840218535]
[3300, 3600, 3900]
-----------------------------------
Val set: Accuracy: 1516/1589 95.41%, 0.0056280725449279695
-----------------------------------
-----------------------------------
Test set: Accuracy: 1711/2048 83.54%, 0.021778254814421416
-----------------------------------
Best val: 97.04%, Corres: 86.47%, Best Test: 87.55%
[0.006360414412866148, 0.005210803840218535, 0.0056280725449279695]
[3600, 3900, 4200]
-----------------------------------
Val set: Accuracy: 1529/1589 96.22%, 0.0056593582290637755
-----------------------------------
-----------------------------------
Test set: Accuracy: 1685/2048 82.28%, 0.022958300487630368
-----------------------------------
Best val: 97.04%, Corres: 86.47%, Best Test: 87.55%
[0.005210803840218535, 0.0056280725449279695, 0.0056593582290637755]
[3900, 4200, 4500]
-----------------------------------
Val set: Accuracy: 1497/1589 94.21%, 0.008866254431198487
-----------------------------------
-----------------------------------
Test set: Accuracy: 1552/2048 75.78%, 0.030219585991289932
-----------------------------------
Best val: 97.04%, Corres: 86.47%, Best Test: 87.55%
[0.0056280725449279695, 0.0056593582290637755, 0.008866254431198487]
[4200, 4500, 4800]
-----------------------------------
Val set: Accuracy: 1540/1589 96.92%, 0.004773765632568914
-----------------------------------
-----------------------------------
Test set: Accuracy: 1735/2048 84.72%, 0.02156614818750313
-----------------------------------
Best val: 97.04%, Corres: 86.47%, Best Test: 87.55%
[0.0056593582290637755, 0.008866254431198487, 0.004773765632568914]
[4500, 4800, 4999]
-----------------------------------
Test set: Accuracy: 1844/2048 90.04%, 0.012662004193387588
-----------------------------------
-----------------------------------
Test set: SWAD-encoder + Last-protype Accuracy: 1844/2048 90.82%, 0.012662004193387588
-----------------------------------
tensor([[ 10,   0,   8,   0,   0,   0,  27,   0,  33,  19,  18,  47,  36,  11,
          21,   9,   1,  22,  61,   0,   0,   9,   1,   2,   0,   3,  17,  13,
           6,   0,   1,   9,   4,   0,   1,   0,  24,  23,   0,  26,   0,   4,
           0,  81,  17,  18,  16,   0,   9,   0,  22,   1,   0,   1,   6,  20,
           0,   7,  84,   7,   1,  35,   5,  18,   0,   0,   1,   1,   7,  19,
           0,   0,   0,  11,   2,  25,   1,   2,   0,   0,   9,   0,   0,   0,
          45,   0,  12,   0,  17,   0,  31,  12,   0,   0,  12,   5,  15,  54,
           0,   0,   2, 113,   2,   5,   1,   0,   0,   0,   3,   4,  21,  66],
        [ 23,   1,  32,   0,   0,   0,  30,   1,  49,  26,  65,  20,  34,  25,
          15,  56,  10,  25,  55,   0,   1,  13,   9,   8,   0,   4,  34,  61,
          11,   0,  13,  21,   1,   2,   0,   0,   7,  45,   0,  43,   0,  10,
           6,  38,  14,  22,  30,   8,  29,   0,  58,   0,   0,   7,  13,  10,
           0,  18,  61,   3,   5,  18,  16,  40,   1,   0,   0,   5,  17,  21,
           0,   2,   0,  32,   1,  53,   1,   2,   2,   3,  28,   5,   2,   0,
          26,   0,  13,   0,  20,   0,  35,  18,   1,   0,  25,  23,  26, 102,
           0,   0,   0, 143,   5,  16,   0,   0,   0,   0,   5,   1,  33,  43],
        [ 82,   0,  38,   0,   0,   1,  16,   8,  89,  32,  57,   4, 128,  47,
           1,  68,  41,  64,  20,   0,   0,  48,  14,  26,   0,  14,  42,  89,
          25,   0,   9,  61,  12,   0,   1,   0,   3,  86,   0,  38,   0,  15,
          24,  10,  48,  71,  27,  37,  63,   0,  48,   1,   0,   6,  43,   1,
           0,  67,  16,   2,  18,  85,  29,  59,   0,   1,   4,  39,  40,  60,
           0,   1,   0,  37,   7,  92,   0,   3,   0,   4,  63,   4,   4,   0,
         104,   0,  42,   0,  73,   0,  82,  27,   0,   0,  31,  32,  90,  25,
           0,   0,  11,  31,  32,  46,   2,   0,   0,   0,  27,  38,  34, 216]],
       device='cuda:0', dtype=torch.int32)
tensor([115,   1,  78,   0,   0,   1,  73,   9, 171,  77, 140,  71, 198,  83,
         37, 133,  52, 111, 136,   0,   1,  70,  24,  36,   0,  21,  93, 163,
         42,   0,  23,  91,  17,   2,   2,   0,  34, 154,   0, 107,   0,  29,
         30, 129,  79, 111,  73,  45, 101,   0, 128,   2,   0,  14,  62,  31,
          0,  92, 161,  12,  24, 138,  50, 117,   1,   1,   5,  45,  64, 100,
          0,   3,   0,  80,  10, 170,   2,   7,   2,   7, 100,   9,   6,   0,
        175,   0,  67,   0, 110,   0, 148,  57,   1,   0,  68,  60, 131, 181,
          0,   0,  13, 287,  39,  67,   3,   0,   0,   0,  35,  43,  88, 325],
       device='cuda:0', dtype=torch.int32)
fault_map: tensor(0, device='cuda:0')
Train:  0   1336
Train:  1   1638
Train:  2   3143
Val_size:  0.2
Val:  1530
Test:  2344
-----------------------------------
Val set: Accuracy: 1445/1530 94.44%, 0.006538120577673874
-----------------------------------
-----------------------------------
Test set: Accuracy: 1843/2344 78.63%, 0.03988154302403324
-----------------------------------
Best val: 94.44%, Corres: 78.63%, Best Test: 78.63%
[0.006538120577673874]
[300]
-----------------------------------
Val set: Accuracy: 1445/1530 94.44%, 0.00698616008370414
-----------------------------------
-----------------------------------
Test set: Accuracy: 1775/2344 75.73%, 0.04758503304083846
-----------------------------------
Best val: 94.44%, Corres: 78.63%, Best Test: 78.63%
[0.006538120577673874, 0.00698616008370414]
[300, 600]
-----------------------------------
Val set: Accuracy: 1444/1530 94.38%, 0.006627372499613206
-----------------------------------
-----------------------------------
Test set: Accuracy: 1832/2344 78.16%, 0.039996297790367986
-----------------------------------
Best val: 94.44%, Corres: 78.63%, Best Test: 78.63%
[0.006538120577673874, 0.00698616008370414, 0.006627372499613206]
[300, 600, 900]
Model converged at step 300, Start step = 301; Threshold = 0.008732, 
-----------------------------------
Val set: Accuracy: 1454/1530 95.03%, 0.007716585216608079
-----------------------------------
-----------------------------------
Test set: Accuracy: 1815/2344 77.43%, 0.04239421866747405
-----------------------------------
Best val: 95.03%, Corres: 77.43%, Best Test: 78.63%
[0.00698616008370414, 0.006627372499613206, 0.007716585216608079]
[600, 900, 1200]
-----------------------------------
Val set: Accuracy: 1443/1530 94.31%, 0.009180797354223334
-----------------------------------
-----------------------------------
Test set: Accuracy: 1992/2344 84.98%, 0.02263472527896949
-----------------------------------
Best val: 95.03%, Corres: 77.43%, Best Test: 84.98%
[0.006627372499613206, 0.007716585216608079, 0.009180797354223334]
[900, 1200, 1500]
-----------------------------------
Val set: Accuracy: 1466/1530 95.82%, 0.005826952436379299
-----------------------------------
-----------------------------------
Test set: Accuracy: 1842/2344 78.58%, 0.03592448871373433
-----------------------------------
Best val: 95.82%, Corres: 78.58%, Best Test: 84.98%
[0.007716585216608079, 0.009180797354223334, 0.005826952436379299]
[1200, 1500, 1800]
-----------------------------------
Val set: Accuracy: 1460/1530 95.42%, 0.005801272458417549
-----------------------------------
-----------------------------------
Test set: Accuracy: 1950/2344 83.19%, 0.02673991572249762
-----------------------------------
Best val: 95.82%, Corres: 78.58%, Best Test: 84.98%
[0.009180797354223334, 0.005826952436379299, 0.005801272458417549]
[1500, 1800, 2100]
-----------------------------------
Val set: Accuracy: 1456/1530 95.16%, 0.0056546727634032
-----------------------------------
-----------------------------------
Test set: Accuracy: 1888/2344 80.55%, 0.03188784458554837
-----------------------------------
Best val: 95.82%, Corres: 78.58%, Best Test: 84.98%
[0.005826952436379299, 0.005801272458417549, 0.0056546727634032]
[1800, 2100, 2400]
-----------------------------------
Val set: Accuracy: 1475/1530 96.41%, 0.005419705654548439
-----------------------------------
-----------------------------------
Test set: Accuracy: 1870/2344 79.78%, 0.031905103915767966
-----------------------------------
Best val: 96.41%, Corres: 79.78%, Best Test: 84.98%
[0.005801272458417549, 0.0056546727634032, 0.005419705654548439]
[2100, 2400, 2700]
-----------------------------------
Val set: Accuracy: 1451/1530 94.84%, 0.005229770888352243
-----------------------------------
-----------------------------------
Test set: Accuracy: 1832/2344 78.16%, 0.026123633748797916
-----------------------------------
Best val: 96.41%, Corres: 79.78%, Best Test: 84.98%
[0.0056546727634032, 0.005419705654548439, 0.005229770888352243]
[2400, 2700, 3000]
-----------------------------------
Val set: Accuracy: 1467/1530 95.88%, 0.00529811379427604
-----------------------------------
-----------------------------------
Test set: Accuracy: 1992/2344 84.98%, 0.024494647841491968
-----------------------------------
Best val: 96.41%, Corres: 79.78%, Best Test: 84.98%
[0.005419705654548439, 0.005229770888352243, 0.00529811379427604]
[2700, 3000, 3300]
-----------------------------------
Val set: Accuracy: 1454/1530 95.03%, 0.0058243636755351495
-----------------------------------
-----------------------------------
Test set: Accuracy: 1921/2344 81.95%, 0.023763097800386653
-----------------------------------
Best val: 96.41%, Corres: 79.78%, Best Test: 84.98%
[0.005229770888352243, 0.00529811379427604, 0.0058243636755351495]
[3000, 3300, 3600]
-----------------------------------
Val set: Accuracy: 1453/1530 94.97%, 0.00615966481050266
-----------------------------------
-----------------------------------
Test set: Accuracy: 1925/2344 82.12%, 0.026059992784374417
-----------------------------------
Best val: 96.41%, Corres: 79.78%, Best Test: 84.98%
[0.00529811379427604, 0.0058243636755351495, 0.00615966481050266]
[3300, 3600, 3900]
-----------------------------------
Val set: Accuracy: 1462/1530 95.56%, 0.0064379451273209294
-----------------------------------
-----------------------------------
Test set: Accuracy: 1921/2344 81.95%, 0.02981101301700835
-----------------------------------
Best val: 96.41%, Corres: 79.78%, Best Test: 84.98%
[0.0058243636755351495, 0.00615966481050266, 0.0064379451273209294]
[3600, 3900, 4200]
-----------------------------------
Val set: Accuracy: 1437/1530 93.92%, 0.006841152774994079
-----------------------------------
-----------------------------------
Test set: Accuracy: 1900/2344 81.06%, 0.022930585095632477
-----------------------------------
Best val: 96.41%, Corres: 79.78%, Best Test: 84.98%
[0.00615966481050266, 0.0064379451273209294, 0.006841152774994079]
[3900, 4200, 4500]
-----------------------------------
Val set: Accuracy: 1463/1530 95.62%, 0.006459378814374194
-----------------------------------
-----------------------------------
Test set: Accuracy: 1912/2344 81.57%, 0.03377190506031679
-----------------------------------
Best val: 96.41%, Corres: 79.78%, Best Test: 84.98%
[0.0064379451273209294, 0.006841152774994079, 0.006459378814374194]
[4200, 4500, 4800]
-----------------------------------
Val set: Accuracy: 1457/1530 95.23%, 0.0066769170363983775
-----------------------------------
-----------------------------------
Test set: Accuracy: 1935/2344 82.55%, 0.02622230742294906
-----------------------------------
Best val: 96.41%, Corres: 79.78%, Best Test: 84.98%
[0.006841152774994079, 0.006459378814374194, 0.0066769170363983775]
[4500, 4800, 4999]
-----------------------------------
Test set: Accuracy: 1952/2344 83.28%, 0.026394257194570076
-----------------------------------
-----------------------------------
Test set: SWAD-encoder + Last-protype Accuracy: 1952/2344 83.70%, 0.026394257194570076
-----------------------------------
tensor([[  1,   2,   4,   3,   3,   8,  36,  27,   0,   4,   0,   0,   7,  19,
          10,   0,   0,  18,  41,  39,   0,   1,   7,   1,   0,  32,   0,  17,
          21,   0,  19,   8,  33,   0,   0,  43,   0,  10,   1,  10,   6,   1,
           0,   2,   0,   8,   4,   8,  11,   5,   0,   8,   0,  30,  23,  39,
           0,  38,  27,   5,   5,  20,   2,   0,   0,  27,   6,   4,   1,   0,
           0,   5,   3,  14,  27,  10,   0,  25,   0,   7,   1,  28,   0,  35,
           1,  29,  67,   0,   7,  61,   3,  52,   1,  61,  15,   2,   8,  39,
           0,   0,  63,   0,   1,   5,   3,   0,  17,   0,   0,  14,   2,   1],
        [ 10,   6,   8,  20,   6,  10,  34,   7,   0,  17,   0,   5,   9,   8,
          21,   1,   1,  13,  30,  57,   0,   4,  29,   1,   0,  75,   1,  26,
          22,   0,  75,   4,  22,   1,   1,  12,   0,  12,   1,   7,   6,   3,
           0,   4,   1,  10,   5,  10,  20,   0,   1,   8,   0,  33,  25,  65,
           0,  68,  19,   3,  12,  14,  14,   2,   0,  36,  36,   9,   0,   2,
           0,   2,   1,  22,  25,  14,   1,  40,   0,  23,   0,  61,   0,  49,
           1,  34,  72,   0,   6,  32,   1,  40,   0,  53,  18,   5,   8,  12,
           0,   0,  95,   1,   0,   8,   4,   1,   1,   2,   0,  33,   2,   3],
        [ 10,   2,  27, 101,  28,  73,  11, 114,   2,  40,   1,  15,  17,  37,
           0,   0,   6,  16,   8,  12,   0,  18,  42,  12,   0,  41,  14,  37,
          51,   9,  52,   0,  63,   0,   0,   6,   0,  57,   2,  45,   3,  15,
           1,   1,   0,  31,  59,  31,  13,  35,  19,  12,   0,  68, 149,  33,
           0,  97,   5,   0,  54,  50,  37,   6,   0,  42,  39,   6,   3,   8,
           0,   1,   1,  60,  43,  24,   8,  39,   1, 109,   3,  81,   1, 233,
           1,   1,   8,   0,  42,  18,   4, 183,   0, 245,  57,  15,  25,   0,
           0,   0,  27,   0,  15,  32,  14,   0,   0,   0,   0,  38,  20,   1]],
       device='cuda:0', dtype=torch.int32)
tensor([ 21,  10,  39, 124,  37,  91,  81, 148,   2,  61,   1,  20,  33,  64,
         31,   1,   7,  47,  79, 108,   0,  23,  78,  14,   0, 148,  15,  80,
         94,   9, 146,  12, 118,   1,   1,  61,   0,  79,   4,  62,  15,  19,
          1,   7,   1,  49,  68,  49,  44,  40,  20,  28,   0, 131, 197, 137,
          0, 203,  51,   8,  71,  84,  53,   8,   0, 105,  81,  19,   4,  10,
          0,   8,   5,  96,  95,  48,   9, 104,   1, 139,   4, 170,   1, 317,
          3,  64, 147,   0,  55, 111,   8, 275,   1, 359,  90,  22,  41,  51,
          0,   0, 185,   1,  16,  45,  21,   1,  18,   2,   0,  85,  24,   5],
       device='cuda:0', dtype=torch.int32)
fault_map: tensor(0, device='cuda:0')
Train:  0   1638
Train:  1   1875
Train:  2   3143
Val_size:  0.2
Val:  1665
Test:  1670
-----------------------------------
Val set: Accuracy: 1565/1665 93.99%, 0.00717875636532321
-----------------------------------
-----------------------------------
Test set: Accuracy: 1629/1670 97.54%, 0.003069979886272497
-----------------------------------
Best val: 93.99%, Corres: 97.54%, Best Test: 97.54%
[0.00717875636532321]
[300]
-----------------------------------
Val set: Accuracy: 1572/1665 94.41%, 0.009181226841132114
-----------------------------------
-----------------------------------
Test set: Accuracy: 1606/1670 96.17%, 0.007349556764752841
-----------------------------------
Best val: 94.41%, Corres: 96.17%, Best Test: 97.54%
[0.00717875636532321, 0.009181226841132114]
[300, 600]
-----------------------------------
Val set: Accuracy: 1583/1665 95.08%, 0.0071622564602788685
-----------------------------------
-----------------------------------
Test set: Accuracy: 1607/1670 96.23%, 0.0053651737173463325
-----------------------------------
Best val: 95.08%, Corres: 96.23%, Best Test: 97.54%
[0.00717875636532321, 0.009181226841132114, 0.0071622564602788685]
[300, 600, 900]
-----------------------------------
Val set: Accuracy: 1578/1665 94.77%, 0.008302169914186761
-----------------------------------
-----------------------------------
Test set: Accuracy: 1618/1670 96.89%, 0.0048468783899601455
-----------------------------------
Best val: 95.08%, Corres: 96.23%, Best Test: 97.54%
[0.009181226841132114, 0.0071622564602788685, 0.008302169914186761]
[600, 900, 1200]
-----------------------------------
Val set: Accuracy: 1595/1665 95.80%, 0.006431707902339514
-----------------------------------
-----------------------------------
Test set: Accuracy: 1621/1670 97.07%, 0.005192614935558882
-----------------------------------
Best val: 95.80%, Corres: 97.07%, Best Test: 97.54%
[0.0071622564602788685, 0.008302169914186761, 0.006431707902339514]
[900, 1200, 1500]
-----------------------------------
Val set: Accuracy: 1572/1665 94.41%, 0.007687949567128465
-----------------------------------
-----------------------------------
Test set: Accuracy: 1591/1670 95.27%, 0.006910239556728821
-----------------------------------
Best val: 95.80%, Corres: 97.07%, Best Test: 97.54%
[0.008302169914186761, 0.006431707902339514, 0.007687949567128465]
[1200, 1500, 1800]
-----------------------------------
Val set: Accuracy: 1581/1665 94.95%, 0.006580109942869448
-----------------------------------
-----------------------------------
Test set: Accuracy: 1604/1670 96.05%, 0.005886279869221231
-----------------------------------
Best val: 95.80%, Corres: 97.07%, Best Test: 97.54%
[0.006431707902339514, 0.007687949567128465, 0.006580109942869448]
[1500, 1800, 2100]
Model converged at step 1500, Start step = 901; Threshold = 0.008970, 
-----------------------------------
Val set: Accuracy: 1585/1665 95.20%, 0.005426051504015028
-----------------------------------
-----------------------------------
Test set: Accuracy: 1592/1670 95.33%, 0.005626387986538064
-----------------------------------
Best val: 95.80%, Corres: 97.07%, Best Test: 97.54%
[0.007687949567128465, 0.006580109942869448, 0.005426051504015028]
[1800, 2100, 2400]
-----------------------------------
Val set: Accuracy: 1579/1665 94.83%, 0.007258948472163407
-----------------------------------
-----------------------------------
Test set: Accuracy: 1590/1670 95.21%, 0.005180594426666964
-----------------------------------
Best val: 95.80%, Corres: 97.07%, Best Test: 97.54%
[0.006580109942869448, 0.005426051504015028, 0.007258948472163407]
[2100, 2400, 2700]
-----------------------------------
Val set: Accuracy: 1592/1665 95.62%, 0.005234640626278835
-----------------------------------
-----------------------------------
Test set: Accuracy: 1591/1670 95.27%, 0.006014395003485292
-----------------------------------
Best val: 95.80%, Corres: 97.07%, Best Test: 97.54%
[0.005426051504015028, 0.007258948472163407, 0.005234640626278835]
[2400, 2700, 3000]
-----------------------------------
Val set: Accuracy: 1591/1665 95.56%, 0.007165979671165436
-----------------------------------
-----------------------------------
Test set: Accuracy: 1593/1670 95.39%, 0.007084010653655383
-----------------------------------
Best val: 95.80%, Corres: 97.07%, Best Test: 97.54%
[0.007258948472163407, 0.005234640626278835, 0.007165979671165436]
[2700, 3000, 3300]
-----------------------------------
Val set: Accuracy: 1601/1665 96.16%, 0.0049022791428594914
-----------------------------------
-----------------------------------
Test set: Accuracy: 1589/1670 95.15%, 0.006074455505184229
-----------------------------------
Best val: 96.16%, Corres: 95.15%, Best Test: 97.54%
[0.005234640626278835, 0.007165979671165436, 0.0049022791428594914]
[3000, 3300, 3600]
-----------------------------------
Val set: Accuracy: 1604/1665 96.34%, 0.004639185890212778
-----------------------------------
-----------------------------------
Test set: Accuracy: 1600/1670 95.81%, 0.00507955242856545
-----------------------------------
Best val: 96.34%, Corres: 95.81%, Best Test: 97.54%
[0.007165979671165436, 0.0049022791428594914, 0.004639185890212778]
[3300, 3600, 3900]
-----------------------------------
Val set: Accuracy: 1579/1665 94.83%, 0.005975671322434559
-----------------------------------
-----------------------------------
Test set: Accuracy: 1598/1670 95.69%, 0.005582953760297941
-----------------------------------
Best val: 96.34%, Corres: 95.81%, Best Test: 97.54%
[0.0049022791428594914, 0.004639185890212778, 0.005975671322434559]
[3600, 3900, 4200]
-----------------------------------
Val set: Accuracy: 1588/1665 95.38%, 0.006173836877226953
-----------------------------------
-----------------------------------
Test set: Accuracy: 1598/1670 95.69%, 0.005272998456265629
-----------------------------------
Best val: 96.34%, Corres: 95.81%, Best Test: 97.54%
[0.004639185890212778, 0.005975671322434559, 0.006173836877226953]
[3900, 4200, 4500]
-----------------------------------
Val set: Accuracy: 1584/1665 95.14%, 0.005430817432483423
-----------------------------------
-----------------------------------
Test set: Accuracy: 1551/1670 92.87%, 0.008331717410360269
-----------------------------------
Best val: 96.34%, Corres: 95.81%, Best Test: 97.54%
[0.005975671322434559, 0.006173836877226953, 0.005430817432483423]
[4200, 4500, 4800]
-----------------------------------
Val set: Accuracy: 1596/1665 95.86%, 0.005523403811159434
-----------------------------------
-----------------------------------
Test set: Accuracy: 1592/1670 95.33%, 0.006548911399813037
-----------------------------------
Best val: 96.34%, Corres: 95.81%, Best Test: 97.54%
[0.006173836877226953, 0.005430817432483423, 0.005523403811159434]
[4500, 4800, 4999]
-----------------------------------
Test set: Accuracy: 1629/1670 97.54%, 0.0033204142303084323
-----------------------------------
-----------------------------------
Test set: SWAD-encoder + Last-protype Accuracy: 1629/1670 97.31%, 0.0033204142303084323
-----------------------------------
tensor([[  8,   1,   0,   1,  42,   1,  23,   0,   4,  31,   6,  13,   7,   5,
           0,   5,   2,   2,  90,  18,   7,  12,   8,  16,   1,   3,   4,  19,
           1,   4,   2,   1,  19,   0,   8,  24,   0,   1,  19,  13, 112,   6,
           4,  37,  55,   0,  10,  19,   1,   0,  13,   3,   1,  68,   4,   0,
           3,   7,  18,   2,  40,  16,  29,  12,   0,  15,   0,  47,   5,   0,
           1,  62,  22,   8,   2,   5,  11,   0,  33,   1,  20,  12,   0,   0,
           0,   1,   0,   0,   1,   0,   0,  16, 178,   2,  43,  32,   1,   0,
          22,   0,   5,   1,   0,  17,   8,  30,  38,   0,  13,  63,  34,   2],
        [ 12,   3,   0,   0,  24,  13,  23,   2,   7,  29,   8,  24,  50,  12,
           2,  18,   2,   2,  62,  23,  10,   7,  13,  17,   0,   7,   5,  17,
           0,   5,   7,   2,  15,   1,  22,  47,   0,   1,  49,  21,  82,   9,
           7,  30,  37,   0,  23,  20,   2,   1,  12,   2,   0,  72,  13,   1,
          21,  46,  19,   2,  24,  34,  24,  20,   0,  14,   3,  28,   5,   6,
           0,  76,  36,  13,   0,  11,  31,   0,  28,   7,  13,  22,   1,   1,
           0,   0,   2,   0,   0,   2,   0,  24, 159,   1,  14,  26,   8,   0,
          10,   1,   1,   6,   0,  14,  46,  39,  48,   0,  29,  33,  35,   0],
        [ 20,   4,   4,   5, 135,   9,  10,   0,   0, 135,   1,  69, 106,  33,
           1,  51,  13,  18,  54,   3,   7,  42,  32,  39,   0,  16,  18,  14,
          10,   4,   6,   0,  19,   0,   4,  91,   0,   0,  99,  40,  41,  39,
          16,  23,   8,   0,  43,  69,   1,   2,  21,   4,   1,  80,   1,   0,
           6,  64,   6,   5,  25, 107,  59,  15,   0,  55,   0,  47,  25,  10,
           0,  10, 168,  28,   1,   1,  43,   5,  84,  27,  42,  13,   1,   0,
           0,   0,   0,   0,   5,   1,   5,  28,  52,   1,  24,  42,  34,   0,
          34,   0,   0,  13,   6,  56,  51,  71,  94,   0,  97, 156,  58,   0]],
       device='cuda:0', dtype=torch.int32)
tensor([ 40,   8,   4,   6, 201,  23,  56,   2,  11, 195,  15, 106, 163,  50,
          3,  74,  17,  22, 206,  44,  24,  61,  53,  72,   1,  26,  27,  50,
         11,  13,  15,   3,  53,   1,  34, 162,   0,   2, 167,  74, 235,  54,
         27,  90, 100,   0,  76, 108,   4,   3,  46,   9,   2, 220,  18,   1,
         30, 117,  43,   9,  89, 157, 112,  47,   0,  84,   3, 122,  35,  16,
          1, 148, 226,  49,   3,  17,  85,   5, 145,  35,  75,  47,   2,   1,
          0,   1,   2,   0,   6,   3,   5,  68, 389,   4,  81, 100,  43,   0,
         66,   1,   6,  20,   6,  87, 105, 140, 180,   0, 139, 252, 127,   2],
       device='cuda:0', dtype=torch.int32)
fault_map: tensor(0, device='cuda:0')
Train:  0   1336
Train:  1   1638
Train:  2   1875
Val_size:  0.2
Val:  1213
Test:  3929
-----------------------------------
Val set: Accuracy: 1161/1213 95.71%, 0.0052876315820517454
-----------------------------------
-----------------------------------
Test set: Accuracy: 2593/3929 66.00%, 0.0441173424268249
-----------------------------------
Best val: 95.71%, Corres: 66.00%, Best Test: 66.00%
[0.0052876315820517454]
[300]
-----------------------------------
Val set: Accuracy: 1164/1213 95.96%, 0.005138072913838683
-----------------------------------
-----------------------------------
Test set: Accuracy: 2568/3929 65.36%, 0.05264593695729381
-----------------------------------
Best val: 95.96%, Corres: 65.36%, Best Test: 66.00%
[0.0052876315820517454, 0.005138072913838683]
[300, 600]
-----------------------------------
Val set: Accuracy: 1180/1213 97.28%, 0.004763929439553079
-----------------------------------
-----------------------------------
Test set: Accuracy: 3011/3929 76.64%, 0.04674844850062057
-----------------------------------
Best val: 97.28%, Corres: 76.64%, Best Test: 76.64%
[0.0052876315820517454, 0.005138072913838683, 0.004763929439553079]
[300, 600, 900]
-----------------------------------
Val set: Accuracy: 1140/1213 93.98%, 0.011158333752339874
-----------------------------------
-----------------------------------
Test set: Accuracy: 2603/3929 66.25%, 0.07662806859613862
-----------------------------------
Best val: 97.28%, Corres: 76.64%, Best Test: 76.64%
[0.005138072913838683, 0.004763929439553079, 0.011158333752339874]
[600, 900, 1200]
-----------------------------------
Val set: Accuracy: 1167/1213 96.21%, 0.006631629680915768
-----------------------------------
-----------------------------------
Test set: Accuracy: 3088/3929 78.60%, 0.03553015882389807
-----------------------------------
Best val: 97.28%, Corres: 76.64%, Best Test: 78.60%
[0.004763929439553079, 0.011158333752339874, 0.006631629680915768]
[900, 1200, 1500]
Model converged at step 900, Start step = -1; Threshold = 0.009773, 
-----------------------------------
Val set: Accuracy: 1166/1213 96.13%, 0.005315107291013793
-----------------------------------
-----------------------------------
Test set: Accuracy: 3238/3929 82.41%, 0.025074524856646283
-----------------------------------
Best val: 97.28%, Corres: 76.64%, Best Test: 82.41%
[0.011158333752339874, 0.006631629680915768, 0.005315107291013793]
[1200, 1500, 1800]
-----------------------------------
Val set: Accuracy: 1163/1213 95.88%, 0.007333035923741749
-----------------------------------
-----------------------------------
Test set: Accuracy: 2892/3929 73.61%, 0.053576574747586175
-----------------------------------
Best val: 97.28%, Corres: 76.64%, Best Test: 82.41%
[0.006631629680915768, 0.005315107291013793, 0.007333035923741749]
[1500, 1800, 2100]
-----------------------------------
Val set: Accuracy: 1171/1213 96.54%, 0.004369417010252338
-----------------------------------
-----------------------------------
Test set: Accuracy: 3262/3929 83.02%, 0.024938962471378185
-----------------------------------
Best val: 97.28%, Corres: 76.64%, Best Test: 83.02%
[0.005315107291013793, 0.007333035923741749, 0.004369417010252338]
[1800, 2100, 2400]
-----------------------------------
Val set: Accuracy: 1157/1213 95.38%, 0.006227913992535108
-----------------------------------
-----------------------------------
Test set: Accuracy: 2966/3929 75.49%, 0.030687819598880273
-----------------------------------
Best val: 97.28%, Corres: 76.64%, Best Test: 83.02%
[0.007333035923741749, 0.004369417010252338, 0.006227913992535108]
[2100, 2400, 2700]
-----------------------------------
Val set: Accuracy: 1157/1213 95.38%, 0.006181984272124374
-----------------------------------
-----------------------------------
Test set: Accuracy: 3095/3929 78.77%, 0.03230788646580642
-----------------------------------
Best val: 97.28%, Corres: 76.64%, Best Test: 83.02%
[0.004369417010252338, 0.006227913992535108, 0.006181984272124374]
[2400, 2700, 3000]
-----------------------------------
Val set: Accuracy: 1177/1213 97.03%, 0.005197708292302243
-----------------------------------
-----------------------------------
Test set: Accuracy: 3157/3929 80.35%, 0.025713848820978765
-----------------------------------
Best val: 97.28%, Corres: 76.64%, Best Test: 83.02%
[0.006227913992535108, 0.006181984272124374, 0.005197708292302243]
[2700, 3000, 3300]
-----------------------------------
Val set: Accuracy: 1167/1213 96.21%, 0.005388982914161348
-----------------------------------
-----------------------------------
Test set: Accuracy: 3078/3929 78.34%, 0.03144544730052338
-----------------------------------
Best val: 97.28%, Corres: 76.64%, Best Test: 83.02%
[0.006181984272124374, 0.005197708292302243, 0.005388982914161348]
[3000, 3300, 3600]
-----------------------------------
Val set: Accuracy: 1155/1213 95.22%, 0.006809305044579967
-----------------------------------
-----------------------------------
Test set: Accuracy: 2933/3929 74.65%, 0.03534998923555108
-----------------------------------
Best val: 97.28%, Corres: 76.64%, Best Test: 83.02%
[0.005197708292302243, 0.005388982914161348, 0.006809305044579967]
[3300, 3600, 3900]
-----------------------------------
Val set: Accuracy: 1179/1213 97.20%, 0.0038326108965644405
-----------------------------------
-----------------------------------
Test set: Accuracy: 3149/3929 80.15%, 0.024817480221705986
-----------------------------------
Best val: 97.28%, Corres: 76.64%, Best Test: 83.02%
[0.005388982914161348, 0.006809305044579967, 0.0038326108965644405]
[3600, 3900, 4200]
-----------------------------------
Val set: Accuracy: 1162/1213 95.80%, 0.007228798228601068
-----------------------------------
-----------------------------------
Test set: Accuracy: 2956/3929 75.24%, 0.038917887914492716
-----------------------------------
Best val: 97.28%, Corres: 76.64%, Best Test: 83.02%
[0.006809305044579967, 0.0038326108965644405, 0.007228798228601068]
[3900, 4200, 4500]
-----------------------------------
Val set: Accuracy: 1164/1213 95.96%, 0.005304190655184126
-----------------------------------
-----------------------------------
Test set: Accuracy: 3078/3929 78.34%, 0.02746644843505782
-----------------------------------
Best val: 97.28%, Corres: 76.64%, Best Test: 83.02%
[0.0038326108965644405, 0.007228798228601068, 0.005304190655184126]
[4200, 4500, 4800]
-----------------------------------
Val set: Accuracy: 1169/1213 96.37%, 0.004479311742299917
-----------------------------------
-----------------------------------
Test set: Accuracy: 3132/3929 79.71%, 0.026823152686768163
-----------------------------------
Best val: 97.28%, Corres: 76.64%, Best Test: 83.02%
[0.007228798228601068, 0.005304190655184126, 0.004479311742299917]
[4500, 4800, 4999]
-----------------------------------
Test set: Accuracy: 3273/3929 83.30%, 0.024076423208261186
-----------------------------------
-----------------------------------
Test set: SWAD-encoder + Last-protype Accuracy: 3273/3929 83.07%, 0.024076423208261186
-----------------------------------
tensor([[ 83,   3,  18,   4,   0,   0,  49,   0,   0,   6,  21,  34,  10,   4,
          21,   3,   5,  31,  25,  15,   8,   0,   0,   2,  13,  18,  18,  16,
           3,   1,   8,   6,   3,   0,  16,   0,   0,   4,  28,  13,   0,   3,
           4,  17,  42,  15,  16,   1,   1,   3,   1,   0,   0,  23,   0,  43,
          18,  13,  20,   2,   0,  34,  20,  31,   2,   0,   0,  14,  17,   0,
          21,  11,   0,   3,   0,   1,   2,   9,  14,  18,   0,   8,   1,  48,
          43,   4,   2,   0,  42,   1,  23,   9,   2,  13,  19,  15,   8,   2,
           5,   0,   0,  23,  52,   5,   1,   9,  27,  10,   3,   3,  15,  11],
        [ 76,   9,  17,   8,   0,   2,  22,   1,   0,   8,   8,  19,  11,   3,
           6,   1,   8,  41,  48,  16,  13,   2,   1,   8,  10,  53,  11,  16,
           0,   1,   9,   8,   5,   2,  28,   2,   0,  12,  19,  25,   1,   6,
           3,  41,  42,  13,  22,   0,   1,   5,   1,   2,   1,  12,   0,  33,
          10,  15,  15,   6,   2,  56,  65,  32,   1,   1,   2,  29,  15,   1,
          34,  18,   0,  22,   1,   7,   3,  28,  28,  17,   0,  16,   1,  44,
          51,   6,   5,   0,  42,   2,  13,  14,   6,  11,  62,  19,  11,  10,
          12,   0,   0,  26,  55,   5,   3,  15,   9,  21,   0,  11,  27,  15],
        [ 59,   6,  42,  14,   0,   3,  22,   1,   0,  10,   7,  22,  31,  15,
           5,   9,  24,  53,  37,  24,  12,   2,   0,   3,  19,  51,  14,  26,
           2,   1,  12,  12,   4,   1,  18,   6,   1,   2,   9,  68,   1,   5,
           3,  18,  28,  26,  31,   1,   5,   0,   2,   1,   0,  40,   0,  49,
          10,  20,  23,   7,   5,  50,  54,  29,   3,   0,   3,  43,  16,   2,
          23,   7,   1,   6,   0,   0,   0,  15,  31,  17,   2,  17,   0,  43,
          34,  22,   9,   0,  55,   1,  25,  42,  10,   2,  62,  27,   8,  11,
          13,   0,   4,  30, 106,   4,   0,   5,  20,   9,   0,  12,  45,  16]],
       device='cuda:0', dtype=torch.int32)
tensor([218,  18,  77,  26,   0,   5,  93,   2,   0,  24,  36,  75,  52,  22,
         32,  13,  37, 125, 110,  55,  33,   4,   1,  13,  42, 122,  43,  58,
          5,   3,  29,  26,  12,   3,  62,   8,   1,  18,  56, 106,   2,  14,
         10,  76, 112,  54,  69,   2,   7,   8,   4,   3,   1,  75,   0, 125,
         38,  48,  58,  15,   7, 140, 139,  92,   6,   1,   5,  86,  48,   3,
         78,  36,   1,  31,   1,   8,   5,  52,  73,  52,   2,  41,   2, 135,
        128,  32,  16,   0, 139,   4,  61,  65,  18,  26, 143,  61,  27,  23,
         30,   0,   4,  79, 213,  14,   4,  29,  56,  40,   3,  26,  87,  42],
       device='cuda:0', dtype=torch.int32)
fault_map: tensor(0, device='cuda:0')
[36mINFO[0m 07/10 17:06:13 | === Summary ===
[36mINFO[0m 07/10 17:06:13 | Command: train_all.py PACS0 --dataset PACS --deterministic --seed 2 --checkpoint_freq 300 --data_dir /home/shared/data/DomainBed --algorithm BAIR --pretrained
[36mINFO[0m 07/10 17:06:13 | Unique name: 240710_12-15-18_PACS0
[36mINFO[0m 07/10 17:06:13 | Out path: train_output/PACS/240710_12-15-18_PACS0
[36mINFO[0m 07/10 17:06:13 | Algorithm: BAIR
[36mINFO[0m 07/10 17:06:13 | Dataset: PACS
+------------------+--------------+---------+---------+---------+---------+
|    Selection     | art_painting | cartoon |  photo  |  sketch |   Avg.  |
+------------------+--------------+---------+---------+---------+---------+
|    prototype     |   90.820%    | 83.703% | 97.305% | 83.075% | 88.726% |
| classifer weight |   90.039%    | 83.276% | 97.545% | 83.304% | 88.541% |
+------------------+--------------+---------+---------+---------+---------+
