Namespace(algorithm='SRA', checkpoint_freq=300, ckpt='', data_dir='/home/shared/data/DomainBed/', dataset='PACS', plotdir='', save_model_dir='', seed=1, start_swad=0.0, target='cartoon')
Namespace(dataset='PACS', exp_name='PACS_cartoon', iterations=5000, n_classes=7, n_domain_classes=3, src_data_path='/home/shared/data/DomainBed//PACS/', src_train_meta_filenames=['domainbed/configs/data_list/PACS/photo_test_kfold.txt', 'domainbed/configs/data_list/PACS/art_painting_test_kfold.txt', 'domainbed/configs/data_list/PACS/sketch_test_kfold.txt'], target_test_meta_filenames=['domainbed/configs/data_list/PACS/cartoon_test_kfold.txt'], val_size=0.2)
{'data_augmentation': True, 'val_augment': False, 'resnet18': False, 'resnet_dropout': 0.0, 'class_balanced': False, 'optimizer': 'adam', 'freeze_bn': True, 'pretrained': True, 'lr': 5e-05, 'batch_size': 32, 'weight_decay': 0.0, 'disc_weight': 0.01, 'warm_up': 500, 'maxinfo_weight': 0.0, 'ot_weight': 0.1, 'prototype_per_class': 16, 'pro_weight': 0.01, 'mlp_width': 256, 'mlp_depth': 3, 'mlp_dropout': 0.5}
Train:  0   1336
Train:  1   1638
Train:  2   3143
Val_size:  0.2
Val:  1530
Test:  2344
-----------------------------------
Val Single set: Accuracy: 1089/1530 71.18%, 0.03718584211044062
-----------------------------------
-----------------------------------
Val set: Single-encoder + protype Accuracy: 1089/1530 52.61%, 0.03718584211044062
-----------------------------------
-----------------------------------
Test Single set: Accuracy: 1076/2344 45.90%, 0.0161575963371036
-----------------------------------
-----------------------------------
Test set: Single-encoder + protype Accuracy: 1076/2344 36.48%, 0.0161575963371036
-----------------------------------
Best val: 71.18%, Corres: 45.90%, Best Test: 45.90%
None
[0.03718584211044062]
[300]
[300]
-----------------------------------
Val Single set: Accuracy: 1434/1530 93.73%, 0.005631092908332623
-----------------------------------
-----------------------------------
Val set: Single-encoder + protype Accuracy: 1434/1530 93.92%, 0.005631092908332623
-----------------------------------
-----------------------------------
Test Single set: Accuracy: 1677/2344 71.54%, 0.01034558761724646
-----------------------------------
-----------------------------------
Test set: Single-encoder + protype Accuracy: 1677/2344 71.08%, 0.01034558761724646
-----------------------------------
Best val: 93.73%, Corres: 71.54%, Best Test: 71.54%
None
[0.03718584211044062, 0.005631092908332623]
[300, 600]
[300, 600]
-----------------------------------
Val Single set: Accuracy: 1462/1530 95.56%, 0.004720001315940654
-----------------------------------
-----------------------------------
Val set: Single-encoder + protype Accuracy: 1462/1530 95.56%, 0.004720001315940654
-----------------------------------
-----------------------------------
Test Single set: Accuracy: 1841/2344 78.54%, 0.010296514423074575
-----------------------------------
-----------------------------------
Test set: Single-encoder + protype Accuracy: 1841/2344 78.16%, 0.010296514423074575
-----------------------------------
Best val: 95.56%, Corres: 78.54%, Best Test: 78.54%
None
[0.03718584211044062, 0.005631092908332623, 0.004720001315940654]
[300, 600, 900]
[300, 600, 900]
min_idx:  2
-----------------------------------
Val Single set: Accuracy: 1479/1530 96.67%, 0.0037237661738639444
-----------------------------------
-----------------------------------
Val set: Single-encoder + protype Accuracy: 1479/1530 96.34%, 0.0037237661738639444
-----------------------------------
-----------------------------------
Test Single set: Accuracy: 1825/2344 77.86%, 0.010717553540736422
-----------------------------------
-----------------------------------
Test set: Single-encoder + protype Accuracy: 1825/2344 76.62%, 0.010717553540736422
-----------------------------------
Best val: 96.67%, Corres: 77.86%, Best Test: 78.54%
None
[0.005631092908332623, 0.004720001315940654, 0.0037237661738639444]
[600, 900, 1200]
[300, 600, 900, 1200]
min_idx:  2
-----------------------------------
Val Single set: Accuracy: 1472/1530 96.21%, 0.004633950906671184
-----------------------------------
-----------------------------------
Val set: Single-encoder + protype Accuracy: 1472/1530 95.42%, 0.004633950906671184
-----------------------------------
-----------------------------------
Test Single set: Accuracy: 1887/2344 80.50%, 0.01039070458510579
-----------------------------------
-----------------------------------
Test set: Single-encoder + protype Accuracy: 1887/2344 80.89%, 0.01039070458510579
-----------------------------------
Best val: 96.67%, Corres: 77.86%, Best Test: 80.50%
None
[0.004720001315940654, 0.0037237661738639444, 0.004633950906671184]
[900, 1200, 1500]
[300, 600, 900, 1200, 1500]
min_idx:  1
-----------------------------------
Val Single set: Accuracy: 1450/1530 94.77%, 0.006494116118737783
-----------------------------------
-----------------------------------
Val set: Single-encoder + protype Accuracy: 1450/1530 94.64%, 0.006494116118737783
-----------------------------------
-----------------------------------
Test Single set: Accuracy: 1862/2344 79.44%, 0.00897864302947685
-----------------------------------
-----------------------------------
Test set: Single-encoder + protype Accuracy: 1862/2344 77.65%, 0.00897864302947685
-----------------------------------
Best val: 96.67%, Corres: 77.86%, Best Test: 80.50%
None
[0.0037237661738639444, 0.004633950906671184, 0.006494116118737783]
[1200, 1500, 1800]
[300, 600, 900, 1200, 1500, 1800]
min_idx:  0
Model converged at step 1200, Start step = 601; Threshold = 0.006436, 
-----------------------------------
Val Single set: Accuracy: 1462/1530 95.56%, 0.005613306139984238
-----------------------------------
-----------------------------------
Val set: Single-encoder + protype Accuracy: 1462/1530 95.23%, 0.005613306139984238
-----------------------------------
-----------------------------------
Test Single set: Accuracy: 1893/2344 80.76%, 0.011814673805963632
-----------------------------------
-----------------------------------
Test set: Single-encoder + protype Accuracy: 1893/2344 80.55%, 0.011814673805963632
-----------------------------------
Best val: 96.67%, Corres: 77.86%, Best Test: 80.76%
0.006435794386351595
[0.004633950906671184, 0.006494116118737783, 0.005613306139984238]
[1500, 1800, 2100]
[600, 900, 1200, 1500, 1800, 2100]
-----------------------------------
Val Single set: Accuracy: 1467/1530 95.88%, 0.005131336567398583
-----------------------------------
-----------------------------------
Val set: Single-encoder + protype Accuracy: 1467/1530 95.69%, 0.005131336567398583
-----------------------------------
-----------------------------------
Test Single set: Accuracy: 1868/2344 79.69%, 0.012186412189905564
-----------------------------------
-----------------------------------
Test set: Single-encoder + protype Accuracy: 1868/2344 79.95%, 0.012186412189905564
-----------------------------------
Best val: 96.67%, Corres: 77.86%, Best Test: 80.76%
0.006435794386351595
[0.006494116118737783, 0.005613306139984238, 0.005131336567398583]
[1800, 2100, 2400]
[900, 1200, 1500, 1800, 2100, 2400]
-----------------------------------
Val Single set: Accuracy: 1453/1530 94.97%, 0.007105354545371655
-----------------------------------
-----------------------------------
Val set: Single-encoder + protype Accuracy: 1453/1530 94.31%, 0.007105354545371655
-----------------------------------
-----------------------------------
Test Single set: Accuracy: 1884/2344 80.38%, 0.011520600020924858
-----------------------------------
-----------------------------------
Test set: Single-encoder + protype Accuracy: 1884/2344 79.65%, 0.011520600020924858
-----------------------------------
Best val: 96.67%, Corres: 77.86%, Best Test: 80.76%
0.006435794386351595
[0.005613306139984238, 0.005131336567398583, 0.007105354545371655]
[2100, 2400, 2700]
[1200, 1500, 1800, 2100, 2400, 2700]
-----------------------------------
Val Single set: Accuracy: 1446/1530 94.51%, 0.007829440603813222
-----------------------------------
-----------------------------------
Val set: Single-encoder + protype Accuracy: 1446/1530 94.77%, 0.007829440603813222
-----------------------------------
-----------------------------------
Test Single set: Accuracy: 1800/2344 76.79%, 0.012792291969665621
-----------------------------------
-----------------------------------
Test set: Single-encoder + protype Accuracy: 1800/2344 78.71%, 0.012792291969665621
-----------------------------------
Best val: 96.67%, Corres: 77.86%, Best Test: 80.76%
0.006435794386351595
[0.005131336567398583, 0.007105354545371655, 0.007829440603813222]
[2400, 2700, 3000]
[1500, 1800, 2100, 2400, 2700, 3000]
-----------------------------------
Val Single set: Accuracy: 1435/1530 93.79%, 0.010345003716950076
-----------------------------------
-----------------------------------
Val set: Single-encoder + protype Accuracy: 1435/1530 93.33%, 0.010345003716950076
-----------------------------------
-----------------------------------
Test Single set: Accuracy: 1585/2344 67.62%, 0.027294470044170783
-----------------------------------
-----------------------------------
Test set: Single-encoder + protype Accuracy: 1585/2344 67.15%, 0.027294470044170783
-----------------------------------
Best val: 96.67%, Corres: 77.86%, Best Test: 80.76%
0.006435794386351595
[0.007105354545371655, 0.007829440603813222, 0.010345003716950076]
[2700, 3000, 3300]
[1800, 2100, 2400, 2700, 3000, 3300]
-----------------------------------
Val Single set: Accuracy: 1457/1530 95.23%, 0.005856807436546755
-----------------------------------
-----------------------------------
Val set: Single-encoder + protype Accuracy: 1457/1530 95.03%, 0.005856807436546755
-----------------------------------
-----------------------------------
Test Single set: Accuracy: 1921/2344 81.95%, 0.009294590199963784
-----------------------------------
-----------------------------------
Test set: Single-encoder + protype Accuracy: 1921/2344 78.92%, 0.009294590199963784
-----------------------------------
Best val: 96.67%, Corres: 77.86%, Best Test: 81.95%
0.006435794386351595
[0.007829440603813222, 0.010345003716950076, 0.005856807436546755]
[3000, 3300, 3600]
[2100, 2400, 2700, 3000, 3300, 3600]
-----------------------------------
Val Single set: Accuracy: 1467/1530 95.88%, 0.006543261728498109
-----------------------------------
-----------------------------------
Val set: Single-encoder + protype Accuracy: 1467/1530 95.49%, 0.006543261728498109
-----------------------------------
-----------------------------------
Test Single set: Accuracy: 1809/2344 77.18%, 0.015369012717033639
-----------------------------------
-----------------------------------
Test set: Single-encoder + protype Accuracy: 1809/2344 77.47%, 0.015369012717033639
-----------------------------------
Best val: 96.67%, Corres: 77.86%, Best Test: 81.95%
0.006435794386351595
[0.010345003716950076, 0.005856807436546755, 0.006543261728498109]
[3300, 3600, 3900]
[2400, 2700, 3000, 3300, 3600, 3900]
-----------------------------------
Val Single set: Accuracy: 1426/1530 93.20%, 0.009848095720300596
-----------------------------------
-----------------------------------
Val set: Single-encoder + protype Accuracy: 1426/1530 92.94%, 0.009848095720300596
-----------------------------------
-----------------------------------
Test Single set: Accuracy: 1801/2344 76.83%, 0.012544509522464291
-----------------------------------
-----------------------------------
Test set: Single-encoder + protype Accuracy: 1801/2344 76.88%, 0.012544509522464291
-----------------------------------
Best val: 96.67%, Corres: 77.86%, Best Test: 81.95%
0.006435794386351595
[0.005856807436546755, 0.006543261728498109, 0.009848095720300596]
[3600, 3900, 4200]
[2700, 3000, 3300, 3600, 3900, 4200]
-----------------------------------
Val Single set: Accuracy: 1458/1530 95.29%, 0.00786517833152579
-----------------------------------
-----------------------------------
Val set: Single-encoder + protype Accuracy: 1458/1530 94.64%, 0.00786517833152579
-----------------------------------
-----------------------------------
Test Single set: Accuracy: 1845/2344 78.71%, 0.0129858776788503
-----------------------------------
-----------------------------------
Test set: Single-encoder + protype Accuracy: 1845/2344 78.24%, 0.0129858776788503
-----------------------------------
Best val: 96.67%, Corres: 77.86%, Best Test: 81.95%
0.006435794386351595
[0.006543261728498109, 0.009848095720300596, 0.00786517833152579]
[3900, 4200, 4500]
[3000, 3300, 3600, 3900, 4200, 4500]
-----------------------------------
Val Single set: Accuracy: 1465/1530 95.75%, 0.006734701536205488
-----------------------------------
-----------------------------------
Val set: Single-encoder + protype Accuracy: 1465/1530 95.49%, 0.006734701536205488
-----------------------------------
-----------------------------------
Test Single set: Accuracy: 1864/2344 79.52%, 0.01244423820386059
-----------------------------------
-----------------------------------
Test set: Single-encoder + protype Accuracy: 1864/2344 79.35%, 0.01244423820386059
-----------------------------------
Best val: 96.67%, Corres: 77.86%, Best Test: 81.95%
0.006435794386351595
[0.009848095720300596, 0.00786517833152579, 0.006734701536205488]
[4200, 4500, 4800]
[3300, 3600, 3900, 4200, 4500, 4800]
-----------------------------------
Val Single set: Accuracy: 1463/1530 95.62%, 0.006056566077059198
-----------------------------------
-----------------------------------
Val set: Single-encoder + protype Accuracy: 1463/1530 95.56%, 0.006056566077059198
-----------------------------------
-----------------------------------
Test Single set: Accuracy: 1880/2344 80.20%, 0.013264009152165988
-----------------------------------
-----------------------------------
Test set: Single-encoder + protype Accuracy: 1880/2344 79.91%, 0.013264009152165988
-----------------------------------
Best val: 96.67%, Corres: 77.86%, Best Test: 81.95%
0.006435794386351595
[0.00786517833152579, 0.006734701536205488, 0.006056566077059198]
[4500, 4800, 4999]
[3600, 3900, 4200, 4500, 4800, 4999]
-----------------------------------
Test SWAD set: Accuracy: 1934/2344 82.51%, 0.008530467378838473
-----------------------------------
-----------------------------------
Test set: SWAD-encoder + protype Accuracy: 1934/2344 82.85%, 0.008530467378838473
-----------------------------------
-----------------------------------
Val SWAD set: Accuracy: 1481/1530 96.80%, 0.00341561415062803
-----------------------------------
-----------------------------------
Val set: SWAD-encoder + protype Accuracy: 1481/1530 96.86%, 0.00341561415062803
-----------------------------------
tensor([[  0,   6,   2,  14,  21,   0,  12,   3,   3,  24,  36,   9,   0,  18,
          10,   0,   7,  16,   0,  22,   0,   4,   1,   0,   0,   1,  25,   7,
           4,   0,   6,  13,   6,   0,  17,   2,   5,   1,   4,  39,  24,   8,
           2,   9, 208,  22,   0,  47,   0,   1,   1,   0,   2,  15,   9,   6,
           3,  16,   0,  16,  16,   0,   8,   0,   4,   0,   0,  17,   0,   0,
           0,   1,  12,  14,   0,  30,   0,   5,  33,   3,  20,  23,   9,   0,
           9,  25,   3,   2,  28,   2,  50,  22,  14,  18,  36,  41,  20,   0,
           2,   0,   0,   9,   0,  63,  10,   0,  10,   1,  14,   0,   5,   6],
        [  0,  10,  29,  46,  39,   4,   8,  10,   0,  32,   9,  15,   5,   7,
           2,   0,   2,  27,   0,  39,   0,  22,   5,   6,   3,   9,  47,   5,
          23,   0,   8,  11,  15,   2,   7,   3,   6,   0,  44,   8,  41,   8,
           6,  10,   5,  24,   2,  33,   0,   3,  29,   0,   1,  22,  15,  62,
           5,  12,   0,  18,  34,  49,  40,   1,   1,   2,   0,  18,   1,   0,
           1,  17,  37,  22,   1,  16,   0,   0,  26,  23,  36,  17,  30,  32,
           2, 115,  16,   2,   2,   4,  24,  39,  22,  22,   5,  19,  24,   1,
           7,   0,   0,   6,   0,  51,   3,   0,  17,   3,  20,   1,   8,  11],
        [  0,  45,  27,  18,  14,   9,  44,  33,   3,  27,  19, 137,  14,   2,
          82,   0,  26,  56,   0,   0,   0,  36,  46,  39,   0,  44,   3,  13,
          43,   0,  52, 200,  58,   6,  17,  29,  24,   0,   8,  50,   0,  64,
          69,  28,   1,  95,   0,   1,   0,  12,  17,   0,  25, 103,  49,  15,
         185,  64,   0,   3,  22,  32,   0,   0,  63,   8,   4,   0,   0,   0,
           0,  24,  32,  33,   0, 179,   0,  12,  27,   0,   8,  39,  26,  42,
          40,  24,  59,  11,  39,  26,  47,  25,   2,  47,  19,   0,  25,   0,
          31,   0,   0,   0,   0,   7,   0,   0,  65,   9,  88,   0,  66,   0]],
       device='cuda:0', dtype=torch.int32)
tensor([  0,  61,  58,  78,  74,  13,  64,  46,   6,  83,  64, 161,  19,  27,
         94,   0,  35,  99,   0,  61,   0,  62,  52,  45,   3,  54,  75,  25,
         70,   0,  66, 224,  79,   8,  41,  34,  35,   1,  56,  97,  65,  80,
         77,  47, 214, 141,   2,  81,   0,  16,  47,   0,  28, 140,  73,  83,
        193,  92,   0,  37,  72,  81,  48,   1,  68,  10,   4,  35,   1,   0,
          1,  42,  81,  69,   1, 225,   0,  17,  86,  26,  64,  79,  65,  74,
         51, 164,  78,  15,  69,  32, 121,  86,  38,  87,  60,  60,  69,   1,
         40,   0,   0,  15,   0, 121,  13,   0,  92,  13, 122,   1,  79,  17],
       device='cuda:0', dtype=torch.int32)
fault_map: tensor(0, device='cuda:0')
Train:  0   1336
Train:  1   1638
Train:  2   3143
Val_size:  0.2
Val:  1530
Test:  2344
-----------------------------------
Val Single set: Accuracy: 1096/1530 71.63%, 0.03609522810948441
-----------------------------------
-----------------------------------
Val set: Single-encoder + protype Accuracy: 1096/1530 50.00%, 0.03609522810948441
-----------------------------------
-----------------------------------
Test Single set: Accuracy: 1019/2344 43.47%, 0.016445512250828662
-----------------------------------
-----------------------------------
Test set: Single-encoder + protype Accuracy: 1019/2344 36.35%, 0.016445512250828662
-----------------------------------
Best val: 71.63%, Corres: 43.47%, Best Test: 43.47%
None
[0.03609522810948441]
[300]
[300]
-----------------------------------
Val Single set: Accuracy: 1437/1530 93.92%, 0.005287582115566942
-----------------------------------
-----------------------------------
Val set: Single-encoder + protype Accuracy: 1437/1530 93.73%, 0.005287582115566942
-----------------------------------
-----------------------------------
Test Single set: Accuracy: 1776/2344 75.77%, 0.00889311668606092
-----------------------------------
-----------------------------------
Test set: Single-encoder + protype Accuracy: 1776/2344 76.37%, 0.00889311668606092
-----------------------------------
Best val: 93.92%, Corres: 75.77%, Best Test: 75.77%
None
[0.03609522810948441, 0.005287582115566942]
[300, 600]
[300, 600]
-----------------------------------
Val Single set: Accuracy: 1452/1530 94.90%, 0.004948122706925275
-----------------------------------
-----------------------------------
Val set: Single-encoder + protype Accuracy: 1452/1530 94.71%, 0.004948122706925275
-----------------------------------
-----------------------------------
Test Single set: Accuracy: 1847/2344 78.80%, 0.008250947849618114
-----------------------------------
-----------------------------------
Test set: Single-encoder + protype Accuracy: 1847/2344 78.71%, 0.008250947849618114
-----------------------------------
Best val: 94.90%, Corres: 78.80%, Best Test: 78.80%
None
[0.03609522810948441, 0.005287582115566942, 0.004948122706925275]
[300, 600, 900]
[300, 600, 900]
min_idx:  2
-----------------------------------
Val Single set: Accuracy: 1463/1530 95.62%, 0.004198680632652171
-----------------------------------
-----------------------------------
Val set: Single-encoder + protype Accuracy: 1463/1530 95.36%, 0.004198680632652171
-----------------------------------
-----------------------------------
Test Single set: Accuracy: 1881/2344 80.25%, 0.008731334604488643
-----------------------------------
-----------------------------------
Test set: Single-encoder + protype Accuracy: 1881/2344 77.60%, 0.008731334604488643
-----------------------------------
Best val: 95.62%, Corres: 80.25%, Best Test: 80.25%
None
[0.005287582115566942, 0.004948122706925275, 0.004198680632652171]
[600, 900, 1200]
[300, 600, 900, 1200]
min_idx:  2
-----------------------------------
Val Single set: Accuracy: 1431/1530 93.53%, 0.008623415103310586
-----------------------------------
-----------------------------------
Val set: Single-encoder + protype Accuracy: 1431/1530 92.35%, 0.008623415103310586
-----------------------------------
-----------------------------------
Test Single set: Accuracy: 1820/2344 77.65%, 0.015831621557652137
-----------------------------------
-----------------------------------
Test set: Single-encoder + protype Accuracy: 1820/2344 76.62%, 0.015831621557652137
-----------------------------------
Best val: 95.62%, Corres: 80.25%, Best Test: 80.25%
None
[0.004948122706925275, 0.004198680632652171, 0.008623415103310586]
[900, 1200, 1500]
[300, 600, 900, 1200, 1500]
min_idx:  1
-----------------------------------
Val Single set: Accuracy: 1447/1530 94.58%, 0.006623472703427663
-----------------------------------
-----------------------------------
Val set: Single-encoder + protype Accuracy: 1447/1530 95.29%, 0.006623472703427663
-----------------------------------
-----------------------------------
Test Single set: Accuracy: 1795/2344 76.58%, 0.016530156123440765
-----------------------------------
-----------------------------------
Test set: Single-encoder + protype Accuracy: 1795/2344 78.50%, 0.016530156123440765
-----------------------------------
Best val: 95.62%, Corres: 80.25%, Best Test: 80.25%
None
[0.004198680632652171, 0.008623415103310586, 0.006623472703427663]
[1200, 1500, 1800]
[300, 600, 900, 1200, 1500, 1800]
min_idx:  0
Model converged at step 1200, Start step = 601; Threshold = 0.008426, 
-----------------------------------
Val Single set: Accuracy: 1471/1530 96.14%, 0.004056137835061765
-----------------------------------
-----------------------------------
Val set: Single-encoder + protype Accuracy: 1471/1530 95.56%, 0.004056137835061765
-----------------------------------
-----------------------------------
Test Single set: Accuracy: 1997/2344 85.20%, 0.00611686179455713
-----------------------------------
-----------------------------------
Test set: Single-encoder + protype Accuracy: 1997/2344 83.36%, 0.00611686179455713
-----------------------------------
Best val: 96.14%, Corres: 85.20%, Best Test: 85.20%
0.008426412990402516
[0.008623415103310586, 0.006623472703427663, 0.004056137835061765]
[1500, 1800, 2100]
[600, 900, 1200, 1500, 1800, 2100]
