Namespace(algorithm='SRA', checkpoint_freq=300, ckpt='', data_dir='/home/shared/data/DomainBed/', dataset='PACS', plotdir='', save_model_dir='', seed=1, start_swad=0.0, target='art_painting')
Namespace(dataset='PACS', exp_name='PACS_art_painting', iterations=5000, n_classes=7, n_domain_classes=3, src_data_path='/home/shared/data/DomainBed//PACS/', src_train_meta_filenames=['domainbed/configs/data_list/PACS/photo_test_kfold.txt', 'domainbed/configs/data_list/PACS/cartoon_test_kfold.txt', 'domainbed/configs/data_list/PACS/sketch_test_kfold.txt'], target_test_meta_filenames=['domainbed/configs/data_list/PACS/art_painting_test_kfold.txt'], val_size=0.2)
{'data_augmentation': True, 'val_augment': False, 'resnet18': False, 'resnet_dropout': 0.0, 'class_balanced': False, 'optimizer': 'adam', 'freeze_bn': True, 'pretrained': True, 'lr': 5e-05, 'batch_size': 32, 'weight_decay': 0.0, 'disc_weight': 0.01, 'warm_up': 500, 'maxinfo_weight': 0.0, 'ot_weight': 0.1, 'prototype_per_class': 16, 'pro_weight': 0.01, 'mlp_width': 256, 'mlp_depth': 3, 'mlp_dropout': 0.5}
Train:  0   1336
Train:  1   1875
Train:  2   3143
Val_size:  0.2
Val:  1589
Test:  2048
-----------------------------------
Val Single set: Accuracy: 1110/1589 69.86%, 0.0385328904122508
-----------------------------------
-----------------------------------
Val set: Single-encoder + protype Accuracy: 1110/1589 51.60%, 0.0385328904122508
-----------------------------------
-----------------------------------
Test Single set: Accuracy: 1366/2048 66.70%, 0.014391024655196816
-----------------------------------
-----------------------------------
Test set: Single-encoder + protype Accuracy: 1366/2048 53.42%, 0.014391024655196816
-----------------------------------
Best val: 69.86%, Corres: 66.70%, Best Test: 66.70%
None
[0.0385328904122508]
[300]
[300]
-----------------------------------
Val Single set: Accuracy: 1475/1589 92.83%, 0.006245616249636969
-----------------------------------
-----------------------------------
Val set: Single-encoder + protype Accuracy: 1475/1589 92.32%, 0.006245616249636969
-----------------------------------
-----------------------------------
Test Single set: Accuracy: 1591/2048 77.69%, 0.010029278597357916
-----------------------------------
-----------------------------------
Test set: Single-encoder + protype Accuracy: 1591/2048 77.54%, 0.010029278597357916
-----------------------------------
Best val: 92.83%, Corres: 77.69%, Best Test: 77.69%
None
[0.0385328904122508, 0.006245616249636969]
[300, 600]
[300, 600]
-----------------------------------
Val Single set: Accuracy: 1518/1589 95.53%, 0.004323715234103233
-----------------------------------
-----------------------------------
Val set: Single-encoder + protype Accuracy: 1518/1589 95.09%, 0.004323715234103233
-----------------------------------
-----------------------------------
Test Single set: Accuracy: 1765/2048 86.18%, 0.006562788283190457
-----------------------------------
-----------------------------------
Test set: Single-encoder + protype Accuracy: 1765/2048 88.13%, 0.006562788283190457
-----------------------------------
Best val: 95.53%, Corres: 86.18%, Best Test: 86.18%
None
[0.0385328904122508, 0.006245616249636969, 0.004323715234103233]
[300, 600, 900]
[300, 600, 900]
min_idx:  2
-----------------------------------
Val Single set: Accuracy: 1526/1589 96.04%, 0.0034550080311804357
-----------------------------------
-----------------------------------
Val set: Single-encoder + protype Accuracy: 1526/1589 95.97%, 0.0034550080311804357
-----------------------------------
-----------------------------------
Test Single set: Accuracy: 1745/2048 85.21%, 0.0062781674932921305
-----------------------------------
-----------------------------------
Test set: Single-encoder + protype Accuracy: 1745/2048 87.16%, 0.0062781674932921305
-----------------------------------
Best val: 96.04%, Corres: 85.21%, Best Test: 86.18%
None
[0.006245616249636969, 0.004323715234103233, 0.0034550080311804357]
[600, 900, 1200]
[300, 600, 900, 1200]
min_idx:  2
-----------------------------------
Val Single set: Accuracy: 1517/1589 95.47%, 0.005457552110622745
-----------------------------------
-----------------------------------
Val set: Single-encoder + protype Accuracy: 1517/1589 95.72%, 0.005457552110622745
-----------------------------------
-----------------------------------
Test Single set: Accuracy: 1693/2048 82.67%, 0.008429213707131566
-----------------------------------
-----------------------------------
Test set: Single-encoder + protype Accuracy: 1693/2048 84.67%, 0.008429213707131566
-----------------------------------
Best val: 96.04%, Corres: 85.21%, Best Test: 86.18%
None
[0.004323715234103233, 0.0034550080311804357, 0.005457552110622745]
[900, 1200, 1500]
[300, 600, 900, 1200, 1500]
min_idx:  1
-----------------------------------
Val Single set: Accuracy: 1508/1589 94.90%, 0.007050190041568433
-----------------------------------
-----------------------------------
Val set: Single-encoder + protype Accuracy: 1508/1589 94.84%, 0.007050190041568433
-----------------------------------
-----------------------------------
Test Single set: Accuracy: 1720/2048 83.98%, 0.007045801421554643
-----------------------------------
-----------------------------------
Test set: Single-encoder + protype Accuracy: 1720/2048 85.74%, 0.007045801421554643
-----------------------------------
Best val: 96.04%, Corres: 85.21%, Best Test: 86.18%
None
[0.0034550080311804357, 0.005457552110622745, 0.007050190041568433]
[1200, 1500, 1800]
[300, 600, 900, 1200, 1500, 1800]
min_idx:  0
Model converged at step 1200, Start step = 601; Threshold = 0.006917, 
-----------------------------------
Val Single set: Accuracy: 1508/1589 94.90%, 0.005424597721266729
-----------------------------------
-----------------------------------
Val set: Single-encoder + protype Accuracy: 1508/1589 94.71%, 0.005424597721266729
-----------------------------------
-----------------------------------
Test Single set: Accuracy: 1777/2048 86.77%, 0.0062138529974617995
-----------------------------------
-----------------------------------
Test set: Single-encoder + protype Accuracy: 1777/2048 86.82%, 0.0062138529974617995
-----------------------------------
Best val: 96.04%, Corres: 85.21%, Best Test: 86.77%
0.0069171917461277
[0.005457552110622745, 0.007050190041568433, 0.005424597721266729]
[1500, 1800, 2100]
[600, 900, 1200, 1500, 1800, 2100]
-----------------------------------
Val Single set: Accuracy: 1533/1589 96.48%, 0.004746645317413851
-----------------------------------
-----------------------------------
Val set: Single-encoder + protype Accuracy: 1533/1589 96.35%, 0.004746645317413851
-----------------------------------
-----------------------------------
Test Single set: Accuracy: 1755/2048 85.69%, 0.007059970101181534
-----------------------------------
-----------------------------------
Test set: Single-encoder + protype Accuracy: 1755/2048 86.52%, 0.007059970101181534
-----------------------------------
Best val: 96.48%, Corres: 85.69%, Best Test: 86.77%
0.0069171917461277
[0.007050190041568433, 0.005424597721266729, 0.004746645317413851]
[1800, 2100, 2400]
[900, 1200, 1500, 1800, 2100, 2400]
-----------------------------------
Val Single set: Accuracy: 1522/1589 95.78%, 0.004565116543015608
-----------------------------------
-----------------------------------
Val set: Single-encoder + protype Accuracy: 1522/1589 95.59%, 0.004565116543015608
-----------------------------------
-----------------------------------
Test Single set: Accuracy: 1714/2048 83.69%, 0.007708371977059869
-----------------------------------
-----------------------------------
Test set: Single-encoder + protype Accuracy: 1714/2048 84.47%, 0.007708371977059869
-----------------------------------
Best val: 96.48%, Corres: 85.69%, Best Test: 86.77%
0.0069171917461277
[0.005424597721266729, 0.004746645317413851, 0.004565116543015608]
[2100, 2400, 2700]
[1200, 1500, 1800, 2100, 2400, 2700]
-----------------------------------
Val Single set: Accuracy: 1531/1589 96.35%, 0.00420122221651652
-----------------------------------
-----------------------------------
Val set: Single-encoder + protype Accuracy: 1531/1589 96.35%, 0.00420122221651652
-----------------------------------
-----------------------------------
Test Single set: Accuracy: 1788/2048 87.30%, 0.005314343736245064
-----------------------------------
-----------------------------------
Test set: Single-encoder + protype Accuracy: 1788/2048 87.30%, 0.005314343736245064
-----------------------------------
Best val: 96.48%, Corres: 85.69%, Best Test: 87.30%
0.0069171917461277
[0.004746645317413851, 0.004565116543015608, 0.00420122221651652]
[2400, 2700, 3000]
[1500, 1800, 2100, 2400, 2700, 3000]
-----------------------------------
Val Single set: Accuracy: 1532/1589 96.41%, 0.004840697929305577
-----------------------------------
-----------------------------------
Val set: Single-encoder + protype Accuracy: 1532/1589 96.29%, 0.004840697929305577
-----------------------------------
-----------------------------------
Test Single set: Accuracy: 1773/2048 86.57%, 0.008047710427490529
-----------------------------------
-----------------------------------
Test set: Single-encoder + protype Accuracy: 1773/2048 87.16%, 0.008047710427490529
-----------------------------------
Best val: 96.48%, Corres: 85.69%, Best Test: 87.30%
0.0069171917461277
[0.004565116543015608, 0.00420122221651652, 0.004840697929305577]
[2700, 3000, 3300]
[1800, 2100, 2400, 2700, 3000, 3300]
-----------------------------------
Val Single set: Accuracy: 1506/1589 94.78%, 0.007288697286043536
-----------------------------------
-----------------------------------
Val set: Single-encoder + protype Accuracy: 1506/1589 94.40%, 0.007288697286043536
-----------------------------------
-----------------------------------
Test Single set: Accuracy: 1509/2048 73.68%, 0.014619747364122304
-----------------------------------
-----------------------------------
Test set: Single-encoder + protype Accuracy: 1509/2048 74.76%, 0.014619747364122304
-----------------------------------
Best val: 96.48%, Corres: 85.69%, Best Test: 87.30%
0.0069171917461277
[0.00420122221651652, 0.004840697929305577, 0.007288697286043536]
[3000, 3300, 3600]
[2100, 2400, 2700, 3000, 3300, 3600]
-----------------------------------
Val Single set: Accuracy: 1511/1589 95.09%, 0.006313743288596155
-----------------------------------
-----------------------------------
Val set: Single-encoder + protype Accuracy: 1511/1589 94.52%, 0.006313743288596155
-----------------------------------
-----------------------------------
Test Single set: Accuracy: 1708/2048 83.40%, 0.007987263081304263
-----------------------------------
-----------------------------------
Test set: Single-encoder + protype Accuracy: 1708/2048 83.11%, 0.007987263081304263
-----------------------------------
Best val: 96.48%, Corres: 85.69%, Best Test: 87.30%
0.0069171917461277
[0.004840697929305577, 0.007288697286043536, 0.006313743288596155]
[3300, 3600, 3900]
[2400, 2700, 3000, 3300, 3600, 3900]
-----------------------------------
Val Single set: Accuracy: 1499/1589 94.34%, 0.008159046923471648
-----------------------------------
-----------------------------------
Val set: Single-encoder + protype Accuracy: 1499/1589 94.15%, 0.008159046923471648
-----------------------------------
-----------------------------------
Test Single set: Accuracy: 1726/2048 84.28%, 0.008625093767250291
-----------------------------------
-----------------------------------
Test set: Single-encoder + protype Accuracy: 1726/2048 84.18%, 0.008625093767250291
-----------------------------------
Best val: 96.48%, Corres: 85.69%, Best Test: 87.30%
0.0069171917461277
[0.007288697286043536, 0.006313743288596155, 0.008159046923471648]
[3600, 3900, 4200]
[2700, 3000, 3300, 3600, 3900, 4200]
-----------------------------------
Val Single set: Accuracy: 1501/1589 94.46%, 0.006765731537973659
-----------------------------------
-----------------------------------
Val set: Single-encoder + protype Accuracy: 1501/1589 93.77%, 0.006765731537973659
-----------------------------------
-----------------------------------
Test Single set: Accuracy: 1665/2048 81.30%, 0.0076361072615753756
-----------------------------------
-----------------------------------
Test set: Single-encoder + protype Accuracy: 1665/2048 80.13%, 0.0076361072615753756
-----------------------------------
Best val: 96.48%, Corres: 85.69%, Best Test: 87.30%
0.0069171917461277
[0.006313743288596155, 0.008159046923471648, 0.006765731537973659]
[3900, 4200, 4500]
[3000, 3300, 3600, 3900, 4200, 4500]
-----------------------------------
Val Single set: Accuracy: 1525/1589 95.97%, 0.006036965413872724
-----------------------------------
-----------------------------------
Val set: Single-encoder + protype Accuracy: 1525/1589 95.91%, 0.006036965413872724
-----------------------------------
-----------------------------------
Test Single set: Accuracy: 1657/2048 80.91%, 0.009972399624530226
-----------------------------------
-----------------------------------
Test set: Single-encoder + protype Accuracy: 1657/2048 81.84%, 0.009972399624530226
-----------------------------------
Best val: 96.48%, Corres: 85.69%, Best Test: 87.30%
0.0069171917461277
[0.008159046923471648, 0.006765731537973659, 0.006036965413872724]
[4200, 4500, 4800]
[3300, 3600, 3900, 4200, 4500, 4800]
-----------------------------------
Val Single set: Accuracy: 1522/1589 95.78%, 0.006443088261617499
-----------------------------------
-----------------------------------
Val set: Single-encoder + protype Accuracy: 1522/1589 95.59%, 0.006443088261617499
-----------------------------------
-----------------------------------
Test Single set: Accuracy: 1685/2048 82.28%, 0.011831792844532174
-----------------------------------
-----------------------------------
Test set: Single-encoder + protype Accuracy: 1685/2048 82.52%, 0.011831792844532174
-----------------------------------
Best val: 96.48%, Corres: 85.69%, Best Test: 87.30%
0.0069171917461277
[0.006765731537973659, 0.006036965413872724, 0.006443088261617499]
[4500, 4800, 4999]
[3600, 3900, 4200, 4500, 4800, 4999]
-----------------------------------
Test SWAD set: Accuracy: 1847/2048 90.19%, 0.0044957995814911555
-----------------------------------
-----------------------------------
Test set: SWAD-encoder + protype Accuracy: 1847/2048 90.48%, 0.0044957995814911555
-----------------------------------
-----------------------------------
Val SWAD set: Accuracy: 1540/1589 96.92%, 0.0028219430196276224
-----------------------------------
-----------------------------------
Val set: SWAD-encoder + protype Accuracy: 1540/1589 97.29%, 0.0028219430196276224
-----------------------------------
tensor([[ 13,   9,   1,  25,   0,   8,   1,   2,  23,  15,   9,  24,   0,   9,
          13,  11,  10,   2,   0,   0,   3,   5,   0,   3,   9,   1,   2,  30,
          13,   2,  12,   9,   0,   3,   3,  12,  11,  29,   0,   1,  44,  31,
           3,   4,   3,  21,   7,   0,  20,  16,   0,  75,  43,  25,  32,  10,
           0,   6,  10,   2,   4,  33,  17,  17,   0,   0,   5,   5,   0,  37,
           7,   1,  13,  11,   0,   8,   1,   0,   4,  24,   0,  20,  19,   0,
           2,  19,  13,  22,   9,   4,  53, 140,  22,  10,  43,   2,   3,   0,
           0,   0,  21,   1,   0,   4,   5,   0,   0,   1,   6,  25,   0,   6],
        [  6,   0,   5,  19,   1,  11,   7,   3,   1,  19,  51,  22,  11,   8,
           4,  16,  10,   5,  45,   4,   5,   4,   2,  18,   8,   2,   2,  30,
           8,   4, 103,  58,   4,  27,  10,  11,  13,   4,  21,   5,  31,  15,
          57,   0,   1,   9,  41,  26,  27,  23,  31,   1,   0,  80,  11,  14,
          11,   8,   9,  13,  45,   0,  17,  13,   0,  14,  54,   2,  13,   6,
          34,   8,  24,  12,   1,   6,   9,   1,   9,  25,   1,  26,  20,  23,
          42,   0,  21,  20,   1,  29,  38,   0,  39,  16,   9,  24,   7,  74,
          19,   0,  13,   4,  32,  38,  26,   1,   2,   0,  12,  20,   0,  11],
        [  0,  53,  15,  20,   0,   0,  19,  26,  14,  64,  64,  33,  36,  40,
          29,  48,   0,  10,   4,  14,  75,  21,   2,  43,  14,  10,   6,  16,
          36,   2,  36, 140,  10,  33,  48,  13,  62,   2,  59,  33,   3,  33,
           0,  10,  18, 132,  47,   0,  47,   2,   8,   0,   0, 165,  47,  79,
           9,  88,  11,  38,   2,   0,  62,   2,  13,  26,  96,   1,  15,  18,
         106,  12,  16,  10,   0,  35,  17,   0,   7,   7,   0,  17,  55,   5,
          33,   0,   9,   1,  47,  38,   8,   0,  24,  76,  12, 124,  29,  50,
          31,   0,   0,  64,  39,  17,  20,   4,   9,   5,  72,   0,   0,  15]],
       device='cuda:0', dtype=torch.int32)
tensor([ 19,  62,  21,  64,   1,  19,  27,  31,  38,  98, 124,  79,  47,  57,
         46,  75,  20,  17,  49,  18,  83,  30,   4,  64,  31,  13,  10,  76,
         57,   8, 151, 207,  14,  63,  61,  36,  86,  35,  80,  39,  78,  79,
         60,  14,  22, 162,  95,  26,  94,  41,  39,  76,  43, 270,  90, 103,
         20, 102,  30,  53,  51,  33,  96,  32,  13,  40, 155,   8,  28,  61,
        147,  21,  53,  33,   1,  49,  27,   1,  20,  56,   1,  63,  94,  28,
         77,  19,  43,  43,  57,  71,  99, 140,  85, 102,  64, 150,  39, 124,
         50,   0,  34,  69,  71,  59,  51,   5,  11,   6,  90,  45,   0,  32],
       device='cuda:0', dtype=torch.int32)
fault_map: tensor(0, device='cuda:0')
Train:  0   1336
Train:  1   1875
Train:  2   3143
Val_size:  0.2
Val:  1589
Test:  2048
-----------------------------------
Val Single set: Accuracy: 1102/1589 69.35%, 0.03819188811330393
-----------------------------------
-----------------------------------
Val set: Single-encoder + protype Accuracy: 1102/1589 45.75%, 0.03819188811330393
-----------------------------------
-----------------------------------
Test Single set: Accuracy: 1338/2048 65.33%, 0.014437179721426219
-----------------------------------
-----------------------------------
Test set: Single-encoder + protype Accuracy: 1338/2048 49.85%, 0.014437179721426219
-----------------------------------
Best val: 69.35%, Corres: 65.33%, Best Test: 65.33%
None
[0.03819188811330393]
[300]
[300]
-----------------------------------
Val Single set: Accuracy: 1500/1589 94.40%, 0.00493097508445885
-----------------------------------
-----------------------------------
Val set: Single-encoder + protype Accuracy: 1500/1589 93.39%, 0.00493097508445885
-----------------------------------
-----------------------------------
Test Single set: Accuracy: 1718/2048 83.89%, 0.0064878801749728154
-----------------------------------
-----------------------------------
Test set: Single-encoder + protype Accuracy: 1718/2048 86.18%, 0.0064878801749728154
-----------------------------------
Best val: 94.40%, Corres: 83.89%, Best Test: 83.89%
None
[0.03819188811330393, 0.00493097508445885]
[300, 600]
[300, 600]
-----------------------------------
Val Single set: Accuracy: 1507/1589 94.84%, 0.004643190079027885
-----------------------------------
-----------------------------------
Val set: Single-encoder + protype Accuracy: 1507/1589 95.41%, 0.004643190079027885
-----------------------------------
-----------------------------------
Test Single set: Accuracy: 1662/2048 81.15%, 0.00990803509239413
-----------------------------------
-----------------------------------
Test set: Single-encoder + protype Accuracy: 1662/2048 84.08%, 0.00990803509239413
-----------------------------------
Best val: 94.84%, Corres: 81.15%, Best Test: 83.89%
None
[0.03819188811330393, 0.00493097508445885, 0.004643190079027885]
[300, 600, 900]
[300, 600, 900]
min_idx:  2
-----------------------------------
Val Single set: Accuracy: 1517/1589 95.47%, 0.003732274220566968
-----------------------------------
-----------------------------------
Val set: Single-encoder + protype Accuracy: 1517/1589 95.22%, 0.003732274220566968
-----------------------------------
-----------------------------------
Test Single set: Accuracy: 1777/2048 86.77%, 0.0052734837281605
-----------------------------------
-----------------------------------
Test set: Single-encoder + protype Accuracy: 1777/2048 88.18%, 0.0052734837281605
-----------------------------------
Best val: 95.47%, Corres: 86.77%, Best Test: 86.77%
None
[0.00493097508445885, 0.004643190079027885, 0.003732274220566968]
[600, 900, 1200]
[300, 600, 900, 1200]
min_idx:  2
-----------------------------------
Val Single set: Accuracy: 1512/1589 95.15%, 0.004539286928889728
-----------------------------------
-----------------------------------
Val set: Single-encoder + protype Accuracy: 1512/1589 94.52%, 0.004539286928889728
-----------------------------------
-----------------------------------
Test Single set: Accuracy: 1717/2048 83.84%, 0.006975149682375559
-----------------------------------
-----------------------------------
Test set: Single-encoder + protype Accuracy: 1717/2048 83.45%, 0.006975149682375559
-----------------------------------
Best val: 95.47%, Corres: 86.77%, Best Test: 86.77%
None
[0.004643190079027885, 0.003732274220566968, 0.004539286928889728]
[900, 1200, 1500]
[300, 600, 900, 1200, 1500]
min_idx:  1
-----------------------------------
Val Single set: Accuracy: 1512/1589 95.15%, 0.005267824424278926
-----------------------------------
-----------------------------------
Val set: Single-encoder + protype Accuracy: 1512/1589 95.85%, 0.005267824424278926
-----------------------------------
-----------------------------------
Test Single set: Accuracy: 1690/2048 82.52%, 0.0066307575107202865
-----------------------------------
-----------------------------------
Test set: Single-encoder + protype Accuracy: 1690/2048 84.47%, 0.0066307575107202865
-----------------------------------
Best val: 95.47%, Corres: 86.77%, Best Test: 86.77%
None
[0.003732274220566968, 0.004539286928889728, 0.005267824424278926]
[1200, 1500, 1800]
[300, 600, 900, 1200, 1500, 1800]
min_idx:  0
Model converged at step 1200, Start step = 601; Threshold = 0.005867, 
-----------------------------------
Val Single set: Accuracy: 1532/1589 96.41%, 0.003833023085084864
-----------------------------------
-----------------------------------
Val set: Single-encoder + protype Accuracy: 1532/1589 96.16%, 0.003833023085084864
-----------------------------------
-----------------------------------
Test Single set: Accuracy: 1715/2048 83.74%, 0.007618773299327586
-----------------------------------
-----------------------------------
Test set: Single-encoder + protype Accuracy: 1715/2048 85.79%, 0.007618773299327586
-----------------------------------
Best val: 96.41%, Corres: 83.74%, Best Test: 86.77%
0.005867067081952104
[0.004539286928889728, 0.005267824424278926, 0.003833023085084864]
[1500, 1800, 2100]
[600, 900, 1200, 1500, 1800, 2100]
