Namespace(algorithm='SRA', checkpoint_freq=300, ckpt='', data_dir='/home/shared/data/DomainBed/', dataset='PACS', plotdir='', save_model_dir='', seed=1, start_swad=0.0, target='photo')
Namespace(dataset='PACS', exp_name='PACS_photo', iterations=5000, n_classes=7, n_domain_classes=3, src_data_path='/home/shared/data/DomainBed//PACS/', src_train_meta_filenames=['domainbed/configs/data_list/PACS/art_painting_test_kfold.txt', 'domainbed/configs/data_list/PACS/cartoon_test_kfold.txt', 'domainbed/configs/data_list/PACS/sketch_test_kfold.txt'], target_test_meta_filenames=['domainbed/configs/data_list/PACS/photo_test_kfold.txt'], val_size=0.2)
{'data_augmentation': True, 'val_augment': False, 'resnet18': False, 'resnet_dropout': 0.0, 'class_balanced': False, 'optimizer': 'adam', 'freeze_bn': True, 'pretrained': True, 'lr': 5e-05, 'batch_size': 32, 'weight_decay': 0.0, 'disc_weight': 0.01, 'warm_up': 500, 'maxinfo_weight': 0.0, 'ot_weight': 0.1, 'prototype_per_class': 16, 'pro_weight': 0.01, 'mlp_width': 256, 'mlp_depth': 3, 'mlp_dropout': 0.5}
Train:  0   1638
Train:  1   1875
Train:  2   3143
Val_size:  0.2
Val:  1665
Test:  1670
-----------------------------------
Val Single set: Accuracy: 1035/1665 62.16%, 0.043213652848481415
-----------------------------------
-----------------------------------
Val set: Single-encoder + protype Accuracy: 1035/1665 46.67%, 0.043213652848481415
-----------------------------------
-----------------------------------
Test Single set: Accuracy: 1424/1670 85.27%, 0.012769300209547946
-----------------------------------
-----------------------------------
Test set: Single-encoder + protype Accuracy: 1424/1670 61.56%, 0.012769300209547946
-----------------------------------
Best val: 62.16%, Corres: 85.27%, Best Test: 85.27%
None
[0.043213652848481415]
[300]
[300]
-----------------------------------
Val Single set: Accuracy: 1501/1665 90.15%, 0.010439718666824851
-----------------------------------
-----------------------------------
Val set: Single-encoder + protype Accuracy: 1501/1665 89.37%, 0.010439718666824851
-----------------------------------
-----------------------------------
Test Single set: Accuracy: 1627/1670 97.43%, 0.000832655065538554
-----------------------------------
-----------------------------------
Test set: Single-encoder + protype Accuracy: 1627/1670 95.93%, 0.000832655065538554
-----------------------------------
Best val: 90.15%, Corres: 97.43%, Best Test: 97.43%
None
[0.043213652848481415, 0.010439718666824851]
[300, 600]
[300, 600]
-----------------------------------
Val Single set: Accuracy: 1575/1665 94.59%, 0.00986195176541973
-----------------------------------
-----------------------------------
Val set: Single-encoder + protype Accuracy: 1575/1665 93.15%, 0.00986195176541973
-----------------------------------
-----------------------------------
Test Single set: Accuracy: 1616/1670 96.77%, 0.0013538620241677062
-----------------------------------
-----------------------------------
Test set: Single-encoder + protype Accuracy: 1616/1670 96.41%, 0.0013538620241677062
-----------------------------------
Best val: 94.59%, Corres: 96.77%, Best Test: 97.43%
None
[0.043213652848481415, 0.010439718666824851, 0.00986195176541973]
[300, 600, 900]
[300, 600, 900]
min_idx:  2
-----------------------------------
Val Single set: Accuracy: 1572/1665 94.41%, 0.006440152143416283
-----------------------------------
-----------------------------------
Val set: Single-encoder + protype Accuracy: 1572/1665 93.75%, 0.006440152143416283
-----------------------------------
-----------------------------------
Test Single set: Accuracy: 1596/1670 95.57%, 0.0017835226645849488
-----------------------------------
-----------------------------------
Test set: Single-encoder + protype Accuracy: 1596/1670 95.63%, 0.0017835226645849488
-----------------------------------
Best val: 94.59%, Corres: 96.77%, Best Test: 97.43%
None
[0.010439718666824851, 0.00986195176541973, 0.006440152143416283]
[600, 900, 1200]
[300, 600, 900, 1200]
min_idx:  2
-----------------------------------
Val Single set: Accuracy: 1572/1665 94.41%, 0.0076638802126250665
-----------------------------------
-----------------------------------
Val set: Single-encoder + protype Accuracy: 1572/1665 94.65%, 0.0076638802126250665
-----------------------------------
-----------------------------------
Test Single set: Accuracy: 1618/1670 96.89%, 0.0015974452618626434
-----------------------------------
-----------------------------------
Test set: Single-encoder + protype Accuracy: 1618/1670 96.59%, 0.0015974452618626434
-----------------------------------
Best val: 94.59%, Corres: 96.77%, Best Test: 97.43%
None
[0.00986195176541973, 0.006440152143416283, 0.0076638802126250665]
[900, 1200, 1500]
[300, 600, 900, 1200, 1500]
min_idx:  1
-----------------------------------
Val Single set: Accuracy: 1553/1665 93.27%, 0.007795652273382332
-----------------------------------
-----------------------------------
Val set: Single-encoder + protype Accuracy: 1553/1665 93.87%, 0.007795652273382332
-----------------------------------
-----------------------------------
Test Single set: Accuracy: 1598/1670 95.69%, 0.0016080118932722508
-----------------------------------
-----------------------------------
Test set: Single-encoder + protype Accuracy: 1598/1670 95.39%, 0.0016080118932722508
-----------------------------------
Best val: 94.59%, Corres: 96.77%, Best Test: 97.43%
None
[0.006440152143416283, 0.0076638802126250665, 0.007795652273382332]
[1200, 1500, 1800]
[300, 600, 900, 1200, 1500, 1800]
min_idx:  0
Model converged at step 1200, Start step = -1; Threshold = 0.009490, 
-----------------------------------
Val Single set: Accuracy: 1580/1665 94.89%, 0.007714194549430636
-----------------------------------
-----------------------------------
Val set: Single-encoder + protype Accuracy: 1580/1665 94.29%, 0.007714194549430636
-----------------------------------
-----------------------------------
Test Single set: Accuracy: 1604/1670 96.05%, 0.0017560073867672157
-----------------------------------
-----------------------------------
Test set: Single-encoder + protype Accuracy: 1604/1670 95.21%, 0.0017560073867672157
-----------------------------------
Best val: 94.89%, Corres: 96.05%, Best Test: 97.43%
0.00948986333941693
[0.0076638802126250665, 0.007795652273382332, 0.007714194549430636]
[1500, 1800, 2100]
[600, 900, 1200, 1500, 1800, 2100]
-----------------------------------
Val Single set: Accuracy: 1548/1665 92.97%, 0.011118809809326544
-----------------------------------
-----------------------------------
Val set: Single-encoder + protype Accuracy: 1548/1665 93.15%, 0.011118809809326544
-----------------------------------
-----------------------------------
Test Single set: Accuracy: 1591/1670 95.27%, 0.002177335469708372
-----------------------------------
-----------------------------------
Test set: Single-encoder + protype Accuracy: 1591/1670 95.39%, 0.002177335469708372
-----------------------------------
Best val: 94.89%, Corres: 96.05%, Best Test: 97.43%
0.00948986333941693
[0.007795652273382332, 0.007714194549430636, 0.011118809809326544]
[1800, 2100, 2400]
[900, 1200, 1500, 1800, 2100, 2400]
-----------------------------------
Val Single set: Accuracy: 1575/1665 94.59%, 0.007873412981594762
-----------------------------------
-----------------------------------
Val set: Single-encoder + protype Accuracy: 1575/1665 93.81%, 0.007873412981594762
-----------------------------------
-----------------------------------
Test Single set: Accuracy: 1592/1670 95.33%, 0.0021557584502427014
-----------------------------------
-----------------------------------
Test set: Single-encoder + protype Accuracy: 1592/1670 94.79%, 0.0021557584502427014
-----------------------------------
Best val: 94.89%, Corres: 96.05%, Best Test: 97.43%
0.00948986333941693
[0.007714194549430636, 0.011118809809326544, 0.007873412981594762]
[2100, 2400, 2700]
[1200, 1500, 1800, 2100, 2400, 2700]
-----------------------------------
Val Single set: Accuracy: 1555/1665 93.39%, 0.009510461795132203
-----------------------------------
-----------------------------------
Val set: Single-encoder + protype Accuracy: 1555/1665 93.45%, 0.009510461795132203
-----------------------------------
-----------------------------------
Test Single set: Accuracy: 1592/1670 95.33%, 0.0019129629717035811
-----------------------------------
-----------------------------------
Test set: Single-encoder + protype Accuracy: 1592/1670 95.33%, 0.0019129629717035811
-----------------------------------
Best val: 94.89%, Corres: 96.05%, Best Test: 97.43%
0.00948986333941693
[0.011118809809326544, 0.007873412981594762, 0.009510461795132203]
[2400, 2700, 3000]
[1500, 1800, 2100, 2400, 2700, 3000]
-----------------------------------
Val Single set: Accuracy: 1567/1665 94.11%, 0.007867946866607925
-----------------------------------
-----------------------------------
Val set: Single-encoder + protype Accuracy: 1567/1665 93.57%, 0.007867946866607925
-----------------------------------
-----------------------------------
Test Single set: Accuracy: 1594/1670 95.45%, 0.002037452846138791
-----------------------------------
-----------------------------------
Test set: Single-encoder + protype Accuracy: 1594/1670 95.45%, 0.002037452846138791
-----------------------------------
Best val: 94.89%, Corres: 96.05%, Best Test: 97.43%
0.00948986333941693
[0.007873412981594762, 0.009510461795132203, 0.007867946866607925]
[2700, 3000, 3300]
[1800, 2100, 2400, 2700, 3000, 3300]
-----------------------------------
Val Single set: Accuracy: 1550/1665 93.09%, 0.007942448880178175
-----------------------------------
-----------------------------------
Val set: Single-encoder + protype Accuracy: 1550/1665 93.09%, 0.007942448880178175
-----------------------------------
-----------------------------------
Test Single set: Accuracy: 1590/1670 95.21%, 0.002252859072824133
-----------------------------------
-----------------------------------
Test set: Single-encoder + protype Accuracy: 1590/1670 95.27%, 0.002252859072824133
-----------------------------------
Best val: 94.89%, Corres: 96.05%, Best Test: 97.43%
0.00948986333941693
[0.009510461795132203, 0.007867946866607925, 0.007942448880178175]
[3000, 3300, 3600]
[2100, 2400, 2700, 3000, 3300, 3600]
-----------------------------------
Val Single set: Accuracy: 1568/1665 94.17%, 0.006616658143043328
-----------------------------------
-----------------------------------
Val set: Single-encoder + protype Accuracy: 1568/1665 94.59%, 0.006616658143043328
-----------------------------------
-----------------------------------
Test Single set: Accuracy: 1589/1670 95.15%, 0.0023626497918337063
-----------------------------------
-----------------------------------
Test set: Single-encoder + protype Accuracy: 1589/1670 94.91%, 0.0023626497918337063
-----------------------------------
Best val: 94.89%, Corres: 96.05%, Best Test: 97.43%
0.00948986333941693
[0.007867946866607925, 0.007942448880178175, 0.006616658143043328]
[3300, 3600, 3900]
[2400, 2700, 3000, 3300, 3600, 3900]
-----------------------------------
Val Single set: Accuracy: 1566/1665 94.05%, 0.008986795617896063
-----------------------------------
-----------------------------------
Val set: Single-encoder + protype Accuracy: 1566/1665 94.35%, 0.008986795617896063
-----------------------------------
-----------------------------------
Test Single set: Accuracy: 1580/1670 94.61%, 0.003544626758637361
-----------------------------------
-----------------------------------
Test set: Single-encoder + protype Accuracy: 1580/1670 94.61%, 0.003544626758637361
-----------------------------------
Best val: 94.89%, Corres: 96.05%, Best Test: 97.43%
0.00948986333941693
[0.007942448880178175, 0.006616658143043328, 0.008986795617896063]
[3600, 3900, 4200]
[2700, 3000, 3300, 3600, 3900, 4200]
-----------------------------------
Val Single set: Accuracy: 1569/1665 94.23%, 0.007810995268277815
-----------------------------------
-----------------------------------
Val set: Single-encoder + protype Accuracy: 1569/1665 93.75%, 0.007810995268277815
-----------------------------------
-----------------------------------
Test Single set: Accuracy: 1587/1670 95.03%, 0.002553886413256496
-----------------------------------
-----------------------------------
Test set: Single-encoder + protype Accuracy: 1587/1670 95.09%, 0.002553886413256496
-----------------------------------
Best val: 94.89%, Corres: 96.05%, Best Test: 97.43%
0.00948986333941693
[0.006616658143043328, 0.008986795617896063, 0.007810995268277815]
[3900, 4200, 4500]
[3000, 3300, 3600, 3900, 4200, 4500]
-----------------------------------
Val Single set: Accuracy: 1577/1665 94.71%, 0.007996441085169836
-----------------------------------
-----------------------------------
Val set: Single-encoder + protype Accuracy: 1577/1665 94.71%, 0.007996441085169836
-----------------------------------
-----------------------------------
Test Single set: Accuracy: 1575/1670 94.31%, 0.003515818503177808
-----------------------------------
-----------------------------------
Test set: Single-encoder + protype Accuracy: 1575/1670 93.59%, 0.003515818503177808
-----------------------------------
Best val: 94.89%, Corres: 96.05%, Best Test: 97.43%
0.00948986333941693
[0.008986795617896063, 0.007810995268277815, 0.007996441085169836]
[4200, 4500, 4800]
[3300, 3600, 3900, 4200, 4500, 4800]
-----------------------------------
Val Single set: Accuracy: 1578/1665 94.77%, 0.008778715209988892
-----------------------------------
-----------------------------------
Val set: Single-encoder + protype Accuracy: 1578/1665 94.59%, 0.008778715209988892
-----------------------------------
-----------------------------------
Test Single set: Accuracy: 1577/1670 94.43%, 0.0037251047549688764
-----------------------------------
-----------------------------------
Test set: Single-encoder + protype Accuracy: 1577/1670 93.65%, 0.0037251047549688764
-----------------------------------
Best val: 94.89%, Corres: 96.05%, Best Test: 97.43%
0.00948986333941693
[0.007810995268277815, 0.007996441085169836, 0.008778715209988892]
[4500, 4800, 4999]
[3600, 3900, 4200, 4500, 4800, 4999]
-----------------------------------
Test SWAD set: Accuracy: 1626/1670 97.37%, 0.0012038219391208849
-----------------------------------
-----------------------------------
Test set: SWAD-encoder + protype Accuracy: 1626/1670 97.43%, 0.0012038219391208849
-----------------------------------
-----------------------------------
Val SWAD set: Accuracy: 1609/1665 96.64%, 0.004526275357035571
-----------------------------------
-----------------------------------
Val set: SWAD-encoder + protype Accuracy: 1609/1665 96.34%, 0.004526275357035571
-----------------------------------
tensor([[  2,  24,   6,   2,  46,   8,  13,   2,   7,   0,   9,  11,   2,   5,
           3,  12,   3,   3,   2,  12,   1,   1,  17,   0,  27,   9,  38,   7,
           4,  36,  10,   2,  20,  26,  13,   6,   6,  12,   7,  43,  11,   0,
           6,   6,  52,   3,   1,  58,   4,   9,  26,  20,   0,   5,   1,   2,
           8,   2,  17,  24,  10,   8,   1,  18,  28,   2,   7,  33,  70,  48,
           1,  20,  30,  14,  13,  20,  14,   6,   3,  39,  19,   4,   7,  24,
           5,   1,   7,   7,  24,   0,  10,   1,   5,   3,  31,   2,  20,  33,
           1,  26,   8,  11,   6,  44,  42,   7,  13,  24,  19,  75,  55,   1],
        [  4,   5,  14,   1,  60,  18,  21,   3,   6,   1,  29,  14,   4,  14,
           0,  20,   1,   0,   2,   3,   1,   3,  26,   0,  47,  68,  31,   5,
           9,  86,  23,   8,   9,  10,   5,   2,  56,  14,   1, 136,  14,   2,
           8,   7,  28,   0,   2,  69,   8,  20,  10,  13,   2,   5,   0,   4,
          34,   0,  12,  43,   3,  26,   0,   9,  11,   0,   7,  49,  79,  15,
           2,  16,   5,  32,  19,  18,  14,   5,   7,  43,  22,  15,   0,  21,
          10,   2,   4,  15,   6,   0,   5,   0,   5,  17,  12,  12,   5,  25,
           2,   7,  25,   8,  10,  49,  29,   5,  14,  65,   7,  19,  26,  13],
        [ 19,  40,  24,   0,   8,  19,  39,   5,  42,   1,  66,  24,  55,   0,
          63,  84,   0,  14,  14, 155,   1,  20,  41,   0,  80,   4,  36,  24,
          17, 141,  36,   9,  15,  16,   3,   0,  41,   0,   0, 199,  27,   2,
           1,  27,   8,  63,   2,  78,  14,  51,  30,   2,   4,  48,  36,  83,
          85,   1,   0,   9,   6,  47,   4,  46,   4,   4,   8,   5,   9,  14,
           6,  19,   0,  29,   6,  23,  27,  38,  44,  21,  52,  24,   3,  80,
          68,  15,  12,   0,   1,  15,   7,   3,  27,  29,  86,  13,  27,  18,
          27,  12,  23,   1,  35,  14,  37,   1,  40,  76,  46,  32,   5,  21]],
       device='cuda:0', dtype=torch.int32)
tensor([ 25,  69,  44,   3, 114,  45,  73,  10,  55,   2, 104,  49,  61,  19,
         66, 116,   4,  17,  18, 170,   3,  24,  84,   0, 154,  81, 105,  36,
         30, 263,  69,  19,  44,  52,  21,   8, 103,  26,   8, 378,  52,   4,
         15,  40,  88,  66,   5, 205,  26,  80,  66,  35,   6,  58,  37,  89,
        127,   3,  29,  76,  19,  81,   5,  73,  43,   6,  22,  87, 158,  77,
          9,  55,  35,  75,  38,  61,  55,  49,  54, 103,  93,  43,  10, 125,
         83,  18,  23,  22,  31,  15,  22,   4,  37,  49, 129,  27,  52,  76,
         30,  45,  56,  20,  51, 107, 108,  13,  67, 165,  72, 126,  86,  35],
       device='cuda:0', dtype=torch.int32)
fault_map: tensor(0, device='cuda:0')
Train:  0   1638
Train:  1   1875
Train:  2   3143
Val_size:  0.2
Val:  1665
Test:  1670
-----------------------------------
Val Single set: Accuracy: 1054/1665 63.30%, 0.042890552285913236
-----------------------------------
-----------------------------------
Val set: Single-encoder + protype Accuracy: 1054/1665 47.75%, 0.042890552285913236
-----------------------------------
-----------------------------------
Test Single set: Accuracy: 1393/1670 83.41%, 0.01264724428068378
-----------------------------------
-----------------------------------
Test set: Single-encoder + protype Accuracy: 1393/1670 60.96%, 0.01264724428068378
-----------------------------------
Best val: 63.30%, Corres: 83.41%, Best Test: 83.41%
None
[0.042890552285913236]
[300]
[300]
-----------------------------------
Val Single set: Accuracy: 1535/1665 92.19%, 0.00761941270651044
-----------------------------------
-----------------------------------
Val set: Single-encoder + protype Accuracy: 1535/1665 90.99%, 0.00761941270651044
-----------------------------------
-----------------------------------
Test Single set: Accuracy: 1623/1670 97.19%, 0.0008153807030255107
-----------------------------------
-----------------------------------
Test set: Single-encoder + protype Accuracy: 1623/1670 97.13%, 0.0008153807030255107
-----------------------------------
Best val: 92.19%, Corres: 97.19%, Best Test: 97.19%
None
[0.042890552285913236, 0.00761941270651044]
[300, 600]
[300, 600]
-----------------------------------
Val Single set: Accuracy: 1555/1665 93.39%, 0.006348306923830607
-----------------------------------
-----------------------------------
Val set: Single-encoder + protype Accuracy: 1555/1665 93.45%, 0.006348306923830607
-----------------------------------
-----------------------------------
Test Single set: Accuracy: 1621/1670 97.07%, 0.0013674805376219167
-----------------------------------
-----------------------------------
Test set: Single-encoder + protype Accuracy: 1621/1670 96.35%, 0.0013674805376219167
-----------------------------------
Best val: 93.39%, Corres: 97.07%, Best Test: 97.19%
None
[0.042890552285913236, 0.00761941270651044, 0.006348306923830607]
[300, 600, 900]
[300, 600, 900]
min_idx:  2
-----------------------------------
Val Single set: Accuracy: 1573/1665 94.47%, 0.005522462642855114
-----------------------------------
-----------------------------------
Val set: Single-encoder + protype Accuracy: 1573/1665 94.47%, 0.005522462642855114
-----------------------------------
-----------------------------------
Test Single set: Accuracy: 1597/1670 95.63%, 0.0018621289277863749
-----------------------------------
-----------------------------------
Test set: Single-encoder + protype Accuracy: 1597/1670 94.79%, 0.0018621289277863749
-----------------------------------
Best val: 94.47%, Corres: 95.63%, Best Test: 97.19%
None
[0.00761941270651044, 0.006348306923830607, 0.005522462642855114]
[600, 900, 1200]
[300, 600, 900, 1200]
min_idx:  2
-----------------------------------
Val Single set: Accuracy: 1577/1665 94.71%, 0.005549624572926153
-----------------------------------
-----------------------------------
Val set: Single-encoder + protype Accuracy: 1577/1665 94.47%, 0.005549624572926153
-----------------------------------
-----------------------------------
Test Single set: Accuracy: 1620/1670 97.01%, 0.001102465413387209
-----------------------------------
-----------------------------------
Test set: Single-encoder + protype Accuracy: 1620/1670 96.59%, 0.001102465413387209
-----------------------------------
Best val: 94.71%, Corres: 97.01%, Best Test: 97.19%
None
[0.006348306923830607, 0.005522462642855114, 0.005549624572926153]
[900, 1200, 1500]
[300, 600, 900, 1200, 1500]
min_idx:  1
-----------------------------------
Val Single set: Accuracy: 1554/1665 93.33%, 0.008089526582580492
-----------------------------------
-----------------------------------
Val set: Single-encoder + protype Accuracy: 1554/1665 93.57%, 0.008089526582580492
-----------------------------------
-----------------------------------
Test Single set: Accuracy: 1589/1670 95.15%, 0.0016369213917503196
-----------------------------------
-----------------------------------
Test set: Single-encoder + protype Accuracy: 1589/1670 95.51%, 0.0016369213917503196
-----------------------------------
Best val: 94.71%, Corres: 97.01%, Best Test: 97.19%
None
[0.005522462642855114, 0.005549624572926153, 0.008089526582580492]
[1200, 1500, 1800]
[300, 600, 900, 1200, 1500, 1800]
min_idx:  0
Model converged at step 1200, Start step = 601; Threshold = 0.008303, 
-----------------------------------
Val Single set: Accuracy: 1603/1665 96.28%, 0.004983361617897286
-----------------------------------
-----------------------------------
Val set: Single-encoder + protype Accuracy: 1603/1665 96.10%, 0.004983361617897286
-----------------------------------
-----------------------------------
Test Single set: Accuracy: 1617/1670 96.83%, 0.0014272873063365175
-----------------------------------
-----------------------------------
Test set: Single-encoder + protype Accuracy: 1617/1670 96.65%, 0.0014272873063365175
-----------------------------------
Best val: 96.28%, Corres: 96.83%, Best Test: 97.19%
0.008303365979290097
[0.005549624572926153, 0.008089526582580492, 0.004983361617897286]
[1500, 1800, 2100]
[600, 900, 1200, 1500, 1800, 2100]
