[36mINFO[0m 07/10 12:15:18 | Command :: train_all.py PACS0 --dataset VLCS --deterministic --seed 1 --checkpoint_freq 300 --data_dir /home/shared/data/DomainBed --algorithm BAIR --pretrained
Environment:
	Python: 3.7.9
	PyTorch: 1.13.1+cu117
	Torchvision: 0.14.1+cu117
	CUDA: 11.7
	CUDNN: 8500
	NumPy: 1.21.6
	PIL: 9.5.0
Args:
	algorithm: BAIR
	checkpoint_freq: 300
	configs: []
	data_dir: /home/shared/data/DomainBed
	dataset: VLCS
	debug: False
	deterministic: True
	evalmode: fast
	holdout_fraction: 0.2
	model_save: None
	name: PACS0
	no_swad: False
	out_dir: train_output/VLCS/240710_12-15-18_PACS0
	out_root: train_output/VLCS
	prebuild_loader: False
	pretrained: True
	run_name: 240710_12-15-18_PACS0
	seed: 1
	show: False
	start_swad: 0.0
	steps: None
	tb_freq: 10
	test_envs: None
	trial_seed: 0
	unique_name: 240710_12-15-18_PACS0
	work_dir: .
HParams:
	data_augmentation: True
	val_augment: False
	resnet18: False
	resnet_dropout: 0.0
	class_balanced: False
	optimizer: adam
	freeze_bn: True
	pretrained: True
	lr: 5e-05
	batch_size: 32
	weight_decay: 0.0
	disc_weight: 0.01
	warm_up: 300
	maxinfo_weight: 0.1
	ot_weight: 0.1
	prototype_per_class: 16
	mlp_width: 256
	mlp_depth: 3
	mlp_dropout: 0.5
	swad: LossValley
	swad_kwargs: 
	  n_converge: 3
	  n_tolerance: 6
	  tolerance_ratio: 0.3
	test_batchsize: 128
	indomain_test: False
Dataset:
	[VLCS] #envs=4, #classes=5
	env0: Caltech101 (#1415)
	env1: LabelMe (#2656)
	env2: SUN09 (#3282)
	env3: VOC2007 (#3376)

[36mINFO[0m 07/10 12:15:19 | n_steps = 5001
[36mINFO[0m 07/10 12:15:19 | checkpoint_freq = 300
[36mINFO[0m 07/10 12:15:19 | n_steps is updated to 5001 => 4801 for checkpointing
[36mINFO[0m 07/10 12:15:19 | Target test envs = [[0], [1], [2], [3]]
Train:  0   2124
Train:  1   2625
Train:  2   2700
Val_size:  0.2
Val:  1865
Test:  1415
-----------------------------------
Val set: Accuracy: 1497/1865 80.27%, 0.017940442923246695
-----------------------------------
-----------------------------------
Test set: Accuracy: 1379/1415 97.46%, 0.0033110921028030663
-----------------------------------
Best val: 80.27%, Corres: 97.46%, Best Test: 97.46%
[0.017940442923246695]
[300]
-----------------------------------
Val set: Accuracy: 1507/1865 80.80%, 0.0179877428842294
-----------------------------------
-----------------------------------
Test set: Accuracy: 1380/1415 97.53%, 0.0029330999753394227
-----------------------------------
Best val: 80.80%, Corres: 97.53%, Best Test: 97.53%
[0.017940442923246695, 0.0179877428842294]
[300, 600]
-----------------------------------
Val set: Accuracy: 1498/1865 80.32%, 0.018300193036848995
-----------------------------------
-----------------------------------
Test set: Accuracy: 1369/1415 96.75%, 0.003138510516995274
-----------------------------------
Best val: 80.80%, Corres: 97.53%, Best Test: 97.53%
[0.017940442923246695, 0.0179877428842294, 0.018300193036848995]
[300, 600, 900]
Model converged at step 300, Start step = 301; Threshold = 0.023499, 
-----------------------------------
Val set: Accuracy: 1449/1865 77.69%, 0.02226172599332262
-----------------------------------
-----------------------------------
Test set: Accuracy: 1362/1415 96.25%, 0.0038901395933434828
-----------------------------------
Best val: 80.80%, Corres: 97.53%, Best Test: 97.53%
[0.0179877428842294, 0.018300193036848995, 0.02226172599332262]
[600, 900, 1200]
-----------------------------------
Val set: Accuracy: 1482/1865 79.46%, 0.027630378469704942
-----------------------------------
-----------------------------------
Test set: Accuracy: 1373/1415 97.03%, 0.003728875070530592
-----------------------------------
Best val: 80.80%, Corres: 97.53%, Best Test: 97.53%
[0.018300193036848995, 0.02226172599332262, 0.027630378469704942]
[900, 1200, 1500]
-----------------------------------
Val set: Accuracy: 1499/1865 80.38%, 0.02510434713054838
-----------------------------------
-----------------------------------
Test set: Accuracy: 1353/1415 95.62%, 0.005414886630405624
-----------------------------------
Best val: 80.80%, Corres: 97.53%, Best Test: 97.53%
[0.02226172599332262, 0.027630378469704942, 0.02510434713054838]
[1200, 1500, 1800]
-----------------------------------
Val set: Accuracy: 1520/1865 81.50%, 0.026321006712850793
-----------------------------------
-----------------------------------
Test set: Accuracy: 1338/1415 94.56%, 0.007604037514063381
-----------------------------------
Best val: 81.50%, Corres: 94.56%, Best Test: 97.53%
[0.027630378469704942, 0.02510434713054838, 0.026321006712850793]
[1500, 1800, 2100]
-----------------------------------
Val set: Accuracy: 1513/1865 81.13%, 0.03108619122338998
-----------------------------------
-----------------------------------
Test set: Accuracy: 1337/1415 94.49%, 0.008657227866368059
-----------------------------------
Best val: 81.50%, Corres: 94.56%, Best Test: 97.53%
[0.02510434713054838, 0.026321006712850793, 0.03108619122338998]
[1800, 2100, 2400]
-----------------------------------
Val set: Accuracy: 1483/1865 79.52%, 0.03743689334863952
-----------------------------------
-----------------------------------
Test set: Accuracy: 1366/1415 96.54%, 0.004347065816691997
-----------------------------------
Best val: 81.50%, Corres: 94.56%, Best Test: 97.53%
[0.026321006712850793, 0.03108619122338998, 0.03743689334863952]
[2100, 2400, 2700]
-----------------------------------
Val set: Accuracy: 1518/1865 81.39%, 0.029675738830069433
-----------------------------------
-----------------------------------
Test set: Accuracy: 1341/1415 94.77%, 0.007200403069392795
-----------------------------------
Best val: 81.50%, Corres: 94.56%, Best Test: 97.53%
[0.03108619122338998, 0.03743689334863952, 0.029675738830069433]
[2400, 2700, 3000]
Valley is dead at step 1200
-----------------------------------
Test set: Accuracy: 1402/1415 99.08%, 0.0013067659233119207
-----------------------------------
-----------------------------------
Test set: SWAD-encoder + Last-protype Accuracy: 1402/1415 99.36%, 0.0013067659233119207
-----------------------------------
tensor([[ 28,  51,  36,  26,  55,  38,  40,  14,   9,   8,   8,  18,  69,   7,
          88,   2,   9,   3,  24,  32,   1,  70,   4,   5,  25,  29,  22,   2,
           0,  44,  18,  56,  11,   2,  70,   4,   0,  97,  41,  13,   4,  57,
          31,   2,  57,  13,  46,  18,  61,  52,  46,   2,  62,  72,  20,   4,
           2,  11,   2,  18,  29,   4,  53,   1,   4,   0,   2,  79,  22,  58,
          18,  34,   8,   4,   3,  21,  16,  47,   0,  50],
        [ 16,  38,  36,  30,  57,  34,  65,  28,  90,  14,  32,  14,  52,  66,
          53,   1,   4,   4,  12,  12,  15,  48,  28,  16,   7,  37, 414,  13,
           1,  63,  24,  98,  25,   2,  22,   5,   1,  73,  22,  21, 146,  30,
          22,  17,  33,  16,  33,  21,  11,  56,  46,   3,  73,  47,  11,   9,
           7,  13,   3,  24,  28,   5,  83,   5,  20,   0,  15,  31,  13,  16,
           7,  25,   8,   8,  17,  13,  26,   9,   5,  76],
        [ 13,  25,  28,  22,  35,  29,  79,  24,  32,   6,  29,   8,  49,  23,
          48,   0,  11,   1,   6,  15,  22,  17,  16,  21, 108,  38, 160,   1,
           1,  41, 237,  55,   7,   2,  35,   3,   1, 132,  23,  19,  38,  18,
          15,   6,  23,  72,  12,  37,  67,  82,  72,   9, 147,  89,   5,  13,
           9,   3,   1,  30,  17,   2,  50,   5,  10,   0,   5,  24,  10,  30,
           7,  28,   5,   2,  12,  40,  16, 246,   2,   7]], device='cuda:0',
       dtype=torch.int32)
tensor([ 57, 114, 100,  78, 147, 101, 184,  66, 131,  28,  69,  40, 170,  96,
        189,   3,  24,   8,  42,  59,  38, 135,  48,  42, 140, 104, 596,  16,
          2, 148, 279, 209,  43,   6, 127,  12,   2, 302,  86,  53, 188, 105,
         68,  25, 113, 101,  91,  76, 139, 190, 164,  14, 282, 208,  36,  26,
         18,  27,   6,  72,  74,  11, 186,  11,  34,   0,  22, 134,  45, 104,
         32,  87,  21,  14,  32,  74,  58, 302,   7, 133], device='cuda:0',
       dtype=torch.int32)
fault_map: tensor(0, device='cuda:0')
Train:  0   1132
Train:  1   2625
Train:  2   2700
Val_size:  0.2
Val:  1616
Test:  2656
-----------------------------------
Val set: Accuracy: 1396/1616 86.39%, 0.01186093237518633
-----------------------------------
-----------------------------------
Test set: Accuracy: 1684/2656 63.40%, 0.09532990317065157
-----------------------------------
Best val: 86.39%, Corres: 63.40%, Best Test: 63.40%
[0.01186093237518633]
[300]
-----------------------------------
Val set: Accuracy: 1411/1616 87.31%, 0.01628347821554481
-----------------------------------
-----------------------------------
Test set: Accuracy: 1675/2656 63.06%, 0.12097199084144954
-----------------------------------
Best val: 87.31%, Corres: 63.06%, Best Test: 63.40%
[0.01186093237518633, 0.01628347821554481]
[300, 600]
-----------------------------------
Val set: Accuracy: 1409/1616 87.19%, 0.015324849990894009
-----------------------------------
-----------------------------------
Test set: Accuracy: 1665/2656 62.69%, 0.11095161956889416
-----------------------------------
Best val: 87.31%, Corres: 63.06%, Best Test: 63.40%
[0.01186093237518633, 0.01628347821554481, 0.015324849990894009]
[300, 600, 900]
Model converged at step 300, Start step = 301; Threshold = 0.018837, 
-----------------------------------
Val set: Accuracy: 1382/1616 85.52%, 0.01775210936887894
-----------------------------------
-----------------------------------
Test set: Accuracy: 1688/2656 63.55%, 0.1333603420841307
-----------------------------------
Best val: 87.31%, Corres: 63.06%, Best Test: 63.55%
[0.01628347821554481, 0.015324849990894009, 0.01775210936887894]
[600, 900, 1200]
-----------------------------------
Val set: Accuracy: 1380/1616 85.40%, 0.022665705361327247
-----------------------------------
-----------------------------------
Test set: Accuracy: 1831/2656 68.94%, 0.09368434500269009
-----------------------------------
Best val: 87.31%, Corres: 63.06%, Best Test: 68.94%
[0.015324849990894009, 0.01775210936887894, 0.022665705361327247]
[900, 1200, 1500]
-----------------------------------
Val set: Accuracy: 1400/1616 86.63%, 0.026079049352132292
-----------------------------------
-----------------------------------
Test set: Accuracy: 1736/2656 65.36%, 0.12357401286788511
-----------------------------------
Best val: 87.31%, Corres: 63.06%, Best Test: 68.94%
[0.01775210936887894, 0.022665705361327247, 0.026079049352132292]
[1200, 1500, 1800]
-----------------------------------
Val set: Accuracy: 1406/1616 87.00%, 0.01964760096216376
-----------------------------------
-----------------------------------
Test set: Accuracy: 1695/2656 63.82%, 0.11195845880800072
-----------------------------------
Best val: 87.31%, Corres: 63.06%, Best Test: 68.94%
[0.022665705361327247, 0.026079049352132292, 0.01964760096216376]
[1500, 1800, 2100]
-----------------------------------
Val set: Accuracy: 1381/1616 85.46%, 0.02191222855656246
-----------------------------------
-----------------------------------
Test set: Accuracy: 1673/2656 62.99%, 0.13028750443016135
-----------------------------------
Best val: 87.31%, Corres: 63.06%, Best Test: 68.94%
[0.026079049352132292, 0.01964760096216376, 0.02191222855656246]
[1800, 2100, 2400]
-----------------------------------
Val set: Accuracy: 1404/1616 86.88%, 0.02641225344835013
-----------------------------------
-----------------------------------
Test set: Accuracy: 1638/2656 61.67%, 0.1745033697203546
-----------------------------------
Best val: 87.31%, Corres: 63.06%, Best Test: 68.94%
[0.01964760096216376, 0.02191222855656246, 0.02641225344835013]
[2100, 2400, 2700]
-----------------------------------
Val set: Accuracy: 1397/1616 86.45%, 0.02779117491767204
-----------------------------------
-----------------------------------
Test set: Accuracy: 1710/2656 64.38%, 0.17438488907449148
-----------------------------------
Best val: 87.31%, Corres: 63.06%, Best Test: 68.94%
[0.02191222855656246, 0.02641225344835013, 0.02779117491767204]
[2400, 2700, 3000]
Valley is dead at step 1200
-----------------------------------
Test set: Accuracy: 1692/2656 63.70%, 0.10282235003928307
-----------------------------------
-----------------------------------
Test set: SWAD-encoder + Last-protype Accuracy: 1692/2656 63.14%, 0.10282235003928307
-----------------------------------
tensor([[ 25,   0,   2,   0,  11,   0,  63,   2,   0,  37,  27,  10,   0,  17,
           2,   0,   0,   2,   8,   0,   4,  23,   0,   4,   1,  40,  21,   5,
         136,   0,   0,  51,  45,   0,  13,   0,   0,   4,  45,   1,  44,   7,
          55,  20,   0,  51,   0,  39,   0,  28,   0,   0,   8,   0,  18,   0,
          16,   3,   5,   0,   0,   2,   3,   0,   0,   0,  12,  15,   0,  11,
          38,  29,   6,   5,  12,  26,  17,  29,   0,  22],
        [ 72,   9, 101,  25,  44,   1,  23, 113,   0,  10,  12,  28,  59,  82,
          10,   0,   0,   0,  37,   1,   8,  17,   3,  80,  75,  12, 122, 111,
           7,   2,   1,  94, 118,   0,  51,   3,   0,  19,  13,   8, 119,  56,
          10,  36,  28,  37,   0,  26,   7, 110,   0,  14,  78,   8,  21,  37,
           8,   2,  80,   0,  48,   4, 110,   0, 116,  12,  18,  35,   7,  18,
           4,  21,  13,  10,  22,  46,  23,   5,   4,  60],
        [ 50,   3,  80,  11,  40,   2,  36,  64,   1,   7,  73,  71,  24,  38,
           6,   0,   1,   2,  15,   2,  20,  26,   5,  34,  47,  71,  44,  38,
         181,   1,   3,  72,  58,   1,  34,   1,   1,  13,   3,   3,  38,  30,
          14,  49,  18,  69,   1,  89,   2, 108,   2,  10, 157,   3, 215,  26,
           9,   0,  37,   0,  27,   6,  72,  12,  46,  12,  29,  35,   7,  52,
          15,   5,   6,  10,  17,  73,  35,  97,   2,  71]], device='cuda:0',
       dtype=torch.int32)
tensor([147,  12, 183,  36,  95,   3, 122, 179,   1,  54, 112, 109,  83, 137,
         18,   0,   1,   4,  60,   3,  32,  66,   8, 118, 123, 123, 187, 154,
        324,   3,   4, 217, 221,   1,  98,   4,   1,  36,  61,  12, 201,  93,
         79, 105,  46, 157,   1, 154,   9, 246,   2,  24, 243,  11, 254,  63,
         33,   5, 122,   0,  75,  12, 185,  12, 162,  24,  59,  85,  14,  81,
         57,  55,  25,  25,  51, 145,  75, 131,   6, 153], device='cuda:0',
       dtype=torch.int32)
fault_map: tensor(1, device='cuda:0')
Train:  0   2124
Train:  1   1132
Train:  2   2700
Val_size:  0.2
Val:  1491
Test:  3282
-----------------------------------
Val set: Accuracy: 1269/1491 85.11%, 0.013960750725218372
-----------------------------------
-----------------------------------
Test set: Accuracy: 2313/3282 70.48%, 0.02628552192217108
-----------------------------------
Best val: 85.11%, Corres: 70.48%, Best Test: 70.48%
[0.013960750725218372]
[300]
-----------------------------------
Val set: Accuracy: 1238/1491 83.03%, 0.018664689863974036
-----------------------------------
-----------------------------------
Test set: Accuracy: 2335/3282 71.15%, 0.034546366497184136
-----------------------------------
Best val: 85.11%, Corres: 70.48%, Best Test: 71.15%
[0.013960750725218372, 0.018664689863974036]
[300, 600]
-----------------------------------
Val set: Accuracy: 1252/1491 83.97%, 0.01770593139237382
-----------------------------------
-----------------------------------
Test set: Accuracy: 2211/3282 67.37%, 0.039960043231283
-----------------------------------
Best val: 85.11%, Corres: 70.48%, Best Test: 71.15%
[0.013960750725218372, 0.018664689863974036, 0.01770593139237382]
[300, 600, 900]
Model converged at step 300, Start step = 301; Threshold = 0.021810, 
-----------------------------------
Val set: Accuracy: 1253/1491 84.04%, 0.02117966299877039
-----------------------------------
-----------------------------------
Test set: Accuracy: 2373/3282 72.30%, 0.03999544701003796
-----------------------------------
Best val: 85.11%, Corres: 70.48%, Best Test: 72.30%
[0.018664689863974036, 0.01770593139237382, 0.02117966299877039]
[600, 900, 1200]
-----------------------------------
Val set: Accuracy: 1241/1491 83.23%, 0.026308681624347838
-----------------------------------
-----------------------------------
Test set: Accuracy: 2236/3282 68.13%, 0.050784512055784665
-----------------------------------
Best val: 85.11%, Corres: 70.48%, Best Test: 72.30%
[0.01770593139237382, 0.02117966299877039, 0.026308681624347838]
[900, 1200, 1500]
-----------------------------------
Val set: Accuracy: 1255/1491 84.17%, 0.025744091069305818
-----------------------------------
-----------------------------------
Test set: Accuracy: 2323/3282 70.78%, 0.05089108019358933
-----------------------------------
Best val: 85.11%, Corres: 70.48%, Best Test: 72.30%
[0.02117966299877039, 0.026308681624347838, 0.025744091069305818]
[1200, 1500, 1800]
-----------------------------------
Val set: Accuracy: 1268/1491 85.04%, 0.02679651185462717
-----------------------------------
-----------------------------------
Test set: Accuracy: 2381/3282 72.55%, 0.048759908746249206
-----------------------------------
Best val: 85.11%, Corres: 70.48%, Best Test: 72.55%
[0.026308681624347838, 0.025744091069305818, 0.02679651185462717]
[1500, 1800, 2100]
-----------------------------------
Val set: Accuracy: 1247/1491 83.64%, 0.027245393598159102
-----------------------------------
-----------------------------------
Test set: Accuracy: 2312/3282 70.44%, 0.05419082479241561
-----------------------------------
Best val: 85.11%, Corres: 70.48%, Best Test: 72.55%
[0.025744091069305818, 0.02679651185462717, 0.027245393598159102]
[1800, 2100, 2400]
-----------------------------------
Val set: Accuracy: 1245/1491 83.50%, 0.026547710296157725
-----------------------------------
-----------------------------------
Test set: Accuracy: 2208/3282 67.28%, 0.05322079270133734
-----------------------------------
Best val: 85.11%, Corres: 70.48%, Best Test: 72.55%
[0.02679651185462717, 0.027245393598159102, 0.026547710296157725]
[2100, 2400, 2700]
-----------------------------------
Val set: Accuracy: 1230/1491 82.49%, 0.02642104970969663
-----------------------------------
-----------------------------------
Test set: Accuracy: 2259/3282 68.83%, 0.04942155706126976
-----------------------------------
Best val: 85.11%, Corres: 70.48%, Best Test: 72.55%
[0.027245393598159102, 0.026547710296157725, 0.02642104970969663]
[2400, 2700, 3000]
Valley is dead at step 1200
-----------------------------------
Test set: Accuracy: 2491/3282 75.90%, 0.022554094501924835
-----------------------------------
-----------------------------------
Test set: SWAD-encoder + Last-protype Accuracy: 2491/3282 76.02%, 0.022554094501924835
-----------------------------------
tensor([[ 17,  10,  58,  40,   7,   1,  10,   1,   4,  55,   9,  13,  90,   3,
          39,   5,  32,  17,  24,  23,   4,  12,   3,  14,  27,  17,  21,  95,
           5,  24,   5,  19,  12,  19,  27,   0,   3,  29,   0,  54,   5,  20,
          33,  20,  36,  13,   0,  15,  75,  20,   7,  17,  11,  46,   8,   6,
           3, 210,   0,   0, 113,   1,  77,  25,   3,   4,  13,  35,  64,   9,
          16,  16,  36,   4,  24, 122,  21,  15,  27,  94],
        [ 11,   0,  75,  19,  42,   4,  23,   1,   1,  12,   9,   8,   3,   5,
           2,  51, 121,   0,  50,   1,   8,   0,   0,   1,   0,   1,  18,  12,
           4,   6,   0,  22,  35,   0,   8,   0,   0,  12,   0,   9,   0,  10,
           7,   4,   0,  15,   0,  11,   1,  26,   0,  68,  11,  45,   0,  29,
           0,   8,   0,   0,   2,   0,  25,  48,   0,   0,   2,  25,  13,   0,
           0,  18,  61,   1,  12,  23,  18,  10,  29,  24],
        [ 23,   4,  66,  36,  11,   1,  14,   6,   1,  28,  13,  29,  34,  28,
          13,  49, 162,  10,  49,  22,  16,  13,   4,  48,  20,  26,  86, 101,
          14,  32,  14,  33,  23,  22,  15,   1,   1,  29,   1,  25,  23,  28,
          19,  23,  23,  15,   2,  23,  17,  67,  47, 127,  70,  54,  11,  16,
           6,  90,   0,   0,  39,   4,  59, 266,   1,   2,  14,  84,  31,   6,
           3,  33,  58,   9,  12,  65,  34,  38,  59,  87]], device='cuda:0',
       dtype=torch.int32)
tensor([ 51,  14, 199,  95,  60,   6,  47,   8,   6,  95,  31,  50, 127,  36,
         54, 105, 315,  27, 123,  46,  28,  25,   7,  63,  47,  44, 125, 208,
         23,  62,  19,  74,  70,  41,  50,   1,   4,  70,   1,  88,  28,  58,
         59,  47,  59,  43,   2,  49,  93, 113,  54, 212,  92, 145,  19,  51,
          9, 308,   0,   0, 154,   5, 161, 339,   4,   6,  29, 144, 108,  15,
         19,  67, 155,  14,  48, 210,  73,  63, 115, 205], device='cuda:0',
       dtype=torch.int32)
fault_map: tensor(1, device='cuda:0')
Train:  0   2124
Train:  1   2625
Train:  2   1132
Val_size:  0.2
Val:  1472
Test:  3376
-----------------------------------
Val set: Accuracy: 1218/1472 82.74%, 0.014745215379029421
-----------------------------------
-----------------------------------
Test set: Accuracy: 2579/3376 76.39%, 0.022194955553153255
-----------------------------------
Best val: 82.74%, Corres: 76.39%, Best Test: 76.39%
[0.014745215379029421]
[300]
-----------------------------------
Val set: Accuracy: 1227/1472 83.36%, 0.01482641583501855
-----------------------------------
-----------------------------------
Test set: Accuracy: 2366/3376 70.08%, 0.030523286011264222
-----------------------------------
Best val: 83.36%, Corres: 70.08%, Best Test: 76.39%
[0.014745215379029421, 0.01482641583501855]
[300, 600]
-----------------------------------
Val set: Accuracy: 1208/1472 82.07%, 0.016956138478403576
-----------------------------------
-----------------------------------
Test set: Accuracy: 2461/3376 72.90%, 0.02764306398399916
-----------------------------------
Best val: 83.36%, Corres: 70.08%, Best Test: 76.39%
[0.014745215379029421, 0.01482641583501855, 0.016956138478403576]
[300, 600, 900]
Model converged at step 300, Start step = 301; Threshold = 0.020162, 
-----------------------------------
Val set: Accuracy: 1215/1472 82.54%, 0.022323165938246348
-----------------------------------
-----------------------------------
Test set: Accuracy: 2506/3376 74.23%, 0.04266828186898294
-----------------------------------
Best val: 83.36%, Corres: 70.08%, Best Test: 76.39%
[0.01482641583501855, 0.016956138478403576, 0.022323165938246348]
[600, 900, 1200]
-----------------------------------
Val set: Accuracy: 1192/1472 80.98%, 0.02455256581790467
-----------------------------------
-----------------------------------
Test set: Accuracy: 2431/3376 72.01%, 0.039468022994697094
-----------------------------------
Best val: 83.36%, Corres: 70.08%, Best Test: 76.39%
[0.016956138478403576, 0.022323165938246348, 0.02455256581790467]
[900, 1200, 1500]
-----------------------------------
Val set: Accuracy: 1204/1472 81.79%, 0.022475825738104544
-----------------------------------
-----------------------------------
Test set: Accuracy: 2152/3376 63.74%, 0.07010955927602205
-----------------------------------
Best val: 83.36%, Corres: 70.08%, Best Test: 76.39%
[0.022323165938246348, 0.02455256581790467, 0.022475825738104544]
[1200, 1500, 1800]
-----------------------------------
Val set: Accuracy: 1211/1472 82.27%, 0.02609371867491894
-----------------------------------
-----------------------------------
Test set: Accuracy: 2400/3376 71.09%, 0.05342117793001764
-----------------------------------
Best val: 83.36%, Corres: 70.08%, Best Test: 76.39%
[0.02455256581790467, 0.022475825738104544, 0.02609371867491894]
[1500, 1800, 2100]
-----------------------------------
Val set: Accuracy: 1199/1472 81.45%, 0.026638404601726506
-----------------------------------
-----------------------------------
Test set: Accuracy: 2349/3376 69.58%, 0.04921297442115031
-----------------------------------
Best val: 83.36%, Corres: 70.08%, Best Test: 76.39%
[0.022475825738104544, 0.02609371867491894, 0.026638404601726506]
[1800, 2100, 2400]
-----------------------------------
Val set: Accuracy: 1224/1472 83.15%, 0.027791161637176865
-----------------------------------
-----------------------------------
Test set: Accuracy: 2466/3376 73.05%, 0.047837435195037116
-----------------------------------
Best val: 83.36%, Corres: 70.08%, Best Test: 76.39%
[0.02609371867491894, 0.026638404601726506, 0.027791161637176865]
[2100, 2400, 2700]
Valley is dead at step 900
-----------------------------------
Test set: Accuracy: 2681/3376 79.41%, 0.019038130454189405
-----------------------------------
-----------------------------------
Test set: SWAD-encoder + Last-protype Accuracy: 2681/3376 76.54%, 0.019038130454189405
-----------------------------------
tensor([[ 31, 105,  17,   1,  42,   4,  67,   3,   0,  49,  24,  60,  62,  19,
          39,   9,  55,  10,  24,  50,  77,  63,   3,   6,   4,   8,  18,   0,
           5,  35,  20,  36,  10,  23,  27,  20,   4,  11,   0,   4,  15,  36,
          27,   4,  27,  28,  29,  27, 147,  13,   0,   7,  22,  14,  15,  36,
          16,  21,   2,   1, 138,  21,  55,   0,   1,   3,  27,  22,  37,  12,
           9,  18,  13,  23,  37, 120,  25,   0,  15,   4],
        [ 49,  72,  30,   7,  48,   0, 116,  26,   0,  45,  22,  21,  69, 120,
          17,   1,  12,   7,  21,  57,  75,  67,   2,  17,   4,   6, 405,   0,
          10,  26,  18,  64,  23,  13,  27,  12,   8,  37,   2,   4, 194,  12,
          27,  14,  23,  37,  12,  37,  98,  23,   0,  69,  16,   1,  11,  12,
          20,  15,   1,   0,  65,   7,  20,   0,   6,   1,  24,  47,  37,  14,
           7,  33,   6,  10,  39,  85,  25,   0,  15,   1],
        [ 43,   9,  16,   0,  18,   0,  15,   0,   0,   0,   4,  25,   7,  12,
          56,   0, 181,   6,  25,  21,  12,  22,  13,  20,   0,   0,  79,   0,
           0,   9,  24,  25,  33,   2,   0,  28,   0,  39,   0,   0,   5,  22,
          17,   0,   0,  15,  18,  34,   4,  27,   0,   0,  12,   5,   0,  18,
           9,  61,   0,   0,  17,  11,   1,   0,   0,   1,  18,  14,   1,   0,
           0,  19,   1,   6,  16,  13,   7,   1,   3,   0]], device='cuda:0',
       dtype=torch.int32)
tensor([123, 186,  63,   8, 108,   4, 198,  29,   0,  94,  50, 106, 138, 151,
        112,  10, 248,  23,  70, 128, 164, 152,  18,  43,   8,  14, 502,   0,
         15,  70,  62, 125,  66,  38,  54,  60,  12,  87,   2,   8, 214,  70,
         71,  18,  50,  80,  59,  98, 249,  63,   0,  76,  50,  20,  26,  66,
         45,  97,   3,   1, 220,  39,  76,   0,   7,   5,  69,  83,  75,  26,
         16,  70,  20,  39,  92, 218,  57,   1,  33,   5], device='cuda:0',
       dtype=torch.int32)
fault_map: tensor(0, device='cuda:0')
[36mINFO[0m 07/10 16:30:42 | === Summary ===
[36mINFO[0m 07/10 16:30:42 | Command: train_all.py PACS0 --dataset VLCS --deterministic --seed 1 --checkpoint_freq 300 --data_dir /home/shared/data/DomainBed --algorithm BAIR --pretrained
[36mINFO[0m 07/10 16:30:42 | Unique name: 240710_12-15-18_PACS0
[36mINFO[0m 07/10 16:30:42 | Out path: train_output/VLCS/240710_12-15-18_PACS0
[36mINFO[0m 07/10 16:30:42 | Algorithm: BAIR
[36mINFO[0m 07/10 16:30:42 | Dataset: VLCS
+------------------+------------+---------+---------+---------+---------+
|    Selection     | Caltech101 | LabelMe |  SUN09  | VOC2007 |   Avg.  |
+------------------+------------+---------+---------+---------+---------+
|    prototype     |  99.364%   | 63.140% | 76.021% | 76.540% | 78.766% |
| classifer weight |  99.081%   | 63.705% | 75.899% | 79.414% | 79.525% |
+------------------+------------+---------+---------+---------+---------+
