Namespace(algorithm='SRA', checkpoint_freq=300, ckpt='', data_dir='/home/shared/data/DomainBed/', dataset='VLCS', plotdir='', save_model_dir='', seed=1, start_swad=0.0, target='VOC2007')
Namespace(dataset='VLCS', exp_name='VLCS_VOC', iterations=5000, n_classes=5, n_domain_classes=3, src_data_path='/home/shared/data/DomainBed//VLCS/', src_train_meta_filenames=['domainbed/configs/data_list/VLCS/LabelMe.txt', 'domainbed/configs/data_list/VLCS/SUN09.txt', 'domainbed/configs/data_list/VLCS/Caltech101.txt'], target_test_meta_filenames=['domainbed/configs/data_list/VLCS/VOC2007.txt'], val_size=0.2)
{'data_augmentation': True, 'val_augment': False, 'resnet18': False, 'resnet_dropout': 0.0, 'class_balanced': False, 'optimizer': 'adam', 'freeze_bn': True, 'pretrained': True, 'lr': 5e-05, 'batch_size': 32, 'weight_decay': 0.0, 'disc_weight': 0.01, 'warm_up': 500, 'maxinfo_weight': 0.0, 'ot_weight': 0.1, 'prototype_per_class': 16, 'pro_weight': 0.01, 'mlp_width': 256, 'mlp_depth': 3, 'mlp_dropout': 0.5}
Train:  0   2124
Train:  1   2625
Train:  2   1132
Val_size:  0.2
Val:  1472
Test:  3376
-----------------------------------
Val Single set: Accuracy: 1125/1472 76.43%, 0.02252821872294273
-----------------------------------
-----------------------------------
Val set: Single-encoder + protype Accuracy: 1125/1472 2.17%, 0.02252821872294273
-----------------------------------
-----------------------------------
Test Single set: Accuracy: 2339/3376 69.28%, 0.0107925256264012
-----------------------------------
-----------------------------------
Test set: Single-encoder + protype Accuracy: 2339/3376 12.44%, 0.0107925256264012
-----------------------------------
Best val: 76.43%, Corres: 69.28%, Best Test: 69.28%
None
[0.02252821872294273]
[300]
[300]
-----------------------------------
Val Single set: Accuracy: 1186/1472 80.57%, 0.016118476179975045
-----------------------------------
-----------------------------------
Val set: Single-encoder + protype Accuracy: 1186/1472 2.17%, 0.016118476179975045
-----------------------------------
-----------------------------------
Test Single set: Accuracy: 2607/3376 77.22%, 0.0069094453121742935
-----------------------------------
-----------------------------------
Test set: Single-encoder + protype Accuracy: 2607/3376 12.44%, 0.0069094453121742935
-----------------------------------
Best val: 80.57%, Corres: 77.22%, Best Test: 77.22%
None
[0.02252821872294273, 0.016118476179975045]
[300, 600]
[300, 600]
-----------------------------------
Val Single set: Accuracy: 1169/1472 79.42%, 0.017945765446157842
-----------------------------------
-----------------------------------
Val set: Single-encoder + protype Accuracy: 1169/1472 80.91%, 0.017945765446157842
-----------------------------------
-----------------------------------
Test Single set: Accuracy: 2461/3376 72.90%, 0.008967634674461815
-----------------------------------
-----------------------------------
Test set: Single-encoder + protype Accuracy: 2461/3376 75.41%, 0.008967634674461815
-----------------------------------
Best val: 80.57%, Corres: 77.22%, Best Test: 77.22%
None
[0.02252821872294273, 0.016118476179975045, 0.017945765446157842]
[300, 600, 900]
[300, 600, 900]
min_idx:  1
-----------------------------------
Val Single set: Accuracy: 1221/1472 82.95%, 0.018010583030828944
-----------------------------------
-----------------------------------
Val set: Single-encoder + protype Accuracy: 1221/1472 82.13%, 0.018010583030828944
-----------------------------------
-----------------------------------
Test Single set: Accuracy: 2619/3376 77.58%, 0.008012789323643486
-----------------------------------
-----------------------------------
Test set: Single-encoder + protype Accuracy: 2619/3376 74.35%, 0.008012789323643486
-----------------------------------
Best val: 82.95%, Corres: 77.58%, Best Test: 77.58%
None
[0.016118476179975045, 0.017945765446157842, 0.018010583030828944]
[600, 900, 1200]
[300, 600, 900, 1200]
min_idx:  0
Model converged at step 600, Start step = 301; Threshold = 0.022566, 
-----------------------------------
Val Single set: Accuracy: 1196/1472 81.25%, 0.02758293799010735
-----------------------------------
-----------------------------------
Val set: Single-encoder + protype Accuracy: 1196/1472 79.28%, 0.02758293799010735
-----------------------------------
-----------------------------------
Test Single set: Accuracy: 2488/3376 73.70%, 0.014763405422958153
-----------------------------------
-----------------------------------
Test set: Single-encoder + protype Accuracy: 2488/3376 71.56%, 0.014763405422958153
-----------------------------------
Best val: 82.95%, Corres: 77.58%, Best Test: 77.58%
0.022565757351350132
[0.017945765446157842, 0.018010583030828944, 0.02758293799010735]
[900, 1200, 1500]
[300, 600, 900, 1200, 1500]
-----------------------------------
Val Single set: Accuracy: 1205/1472 81.86%, 0.025554541260280828
-----------------------------------
-----------------------------------
Val set: Single-encoder + protype Accuracy: 1205/1472 79.08%, 0.025554541260280828
-----------------------------------
-----------------------------------
Test Single set: Accuracy: 2412/3376 71.45%, 0.013607308116269196
-----------------------------------
-----------------------------------
Test set: Single-encoder + protype Accuracy: 2412/3376 67.65%, 0.013607308116269196
-----------------------------------
Best val: 82.95%, Corres: 77.58%, Best Test: 77.58%
0.022565757351350132
[0.018010583030828944, 0.02758293799010735, 0.025554541260280828]
[1200, 1500, 1800]
[300, 600, 900, 1200, 1500, 1800]
-----------------------------------
Val Single set: Accuracy: 1194/1472 81.11%, 0.027829283645840582
-----------------------------------
-----------------------------------
Val set: Single-encoder + protype Accuracy: 1194/1472 81.32%, 0.027829283645840582
-----------------------------------
-----------------------------------
Test Single set: Accuracy: 2432/3376 72.04%, 0.01543784944861421
-----------------------------------
-----------------------------------
Test set: Single-encoder + protype Accuracy: 2432/3376 71.18%, 0.01543784944861421
-----------------------------------
Best val: 82.95%, Corres: 77.58%, Best Test: 77.58%
0.022565757351350132
[0.02758293799010735, 0.025554541260280828, 0.027829283645840582]
[1500, 1800, 2100]
[600, 900, 1200, 1500, 1800, 2100]
-----------------------------------
Val Single set: Accuracy: 1202/1472 81.66%, 0.030586100300908664
-----------------------------------
-----------------------------------
Val set: Single-encoder + protype Accuracy: 1202/1472 80.71%, 0.030586100300908664
-----------------------------------
-----------------------------------
Test Single set: Accuracy: 2504/3376 74.17%, 0.015618916212523717
-----------------------------------
-----------------------------------
Test set: Single-encoder + protype Accuracy: 2504/3376 73.96%, 0.015618916212523717
-----------------------------------
Best val: 82.95%, Corres: 77.58%, Best Test: 77.58%
0.022565757351350132
[0.025554541260280828, 0.027829283645840582, 0.030586100300908664]
[1800, 2100, 2400]
[900, 1200, 1500, 1800, 2100, 2400]
-----------------------------------
Val Single set: Accuracy: 1192/1472 80.98%, 0.0340629594879157
-----------------------------------
-----------------------------------
Val set: Single-encoder + protype Accuracy: 1192/1472 79.21%, 0.0340629594879157
-----------------------------------
-----------------------------------
Test Single set: Accuracy: 2415/3376 71.53%, 0.019003223301180733
-----------------------------------
-----------------------------------
Test set: Single-encoder + protype Accuracy: 2415/3376 68.96%, 0.019003223301180733
-----------------------------------
Best val: 82.95%, Corres: 77.58%, Best Test: 77.58%
0.022565757351350132
[0.027829283645840582, 0.030586100300908664, 0.0340629594879157]
[2100, 2400, 2700]
[1200, 1500, 1800, 2100, 2400, 2700]
-----------------------------------
Val Single set: Accuracy: 1195/1472 81.18%, 0.039841669813150585
-----------------------------------
-----------------------------------
Val set: Single-encoder + protype Accuracy: 1195/1472 81.25%, 0.039841669813150585
-----------------------------------
-----------------------------------
Test Single set: Accuracy: 2406/3376 71.27%, 0.023292468467912684
-----------------------------------
-----------------------------------
Test set: Single-encoder + protype Accuracy: 2406/3376 72.93%, 0.023292468467912684
-----------------------------------
Best val: 82.95%, Corres: 77.58%, Best Test: 77.58%
0.022565757351350132
[0.030586100300908664, 0.0340629594879157, 0.039841669813150585]
[2400, 2700, 3000]
[1500, 1800, 2100, 2400, 2700, 3000]
Valley is dead at step 1200
-----------------------------------
Test SWAD set: Accuracy: 2724/3376 80.69%, 0.005720206426006358
-----------------------------------
-----------------------------------
Test set: SWAD-encoder + protype Accuracy: 2724/3376 80.01%, 0.005720206426006358
-----------------------------------
-----------------------------------
Val SWAD set: Accuracy: 1224/1472 83.15%, 0.013860917619833503
-----------------------------------
-----------------------------------
Val set: SWAD-encoder + protype Accuracy: 1224/1472 82.34%, 0.013860917619833503
-----------------------------------
tensor([[  0,  13,  51,   4,  92,   1,   0, 111,   6, 104,  90,   1,   3,  22,
           3,   4,  74,  40,  33,  78,   3,  17,   0,   4,  86,   4,  11, 106,
          32,  28,  62,  64,  12,   0,   9,  12,   0,   0,   1,   2,   2,  14,
          24,  60,  29,  36, 130,  11,  81,  17,   0,   0,  17,  37,   0,  18,
           5,  39,   1,   0,   0,  44,   1,  30,  34,  96,   6,   0,   0, 107,
           0,   0,  25,   3,   6,  13,   3,   7,  22,  11],
        [  0,  51,  47,   1, 147,   5,   1,  22, 228,  54,  28,   0,   7,   3,
           0,   2,  33,  37,  21,  65,  28,  20,   3,   9,  28,   1,  46,  54,
          46,  19,  57,  16,  82,   0,  98,  25,   0,   0,   4,   9,   3,   4,
          65,  28,  28,  11,  21,   1, 164,  33,   0,   0, 315,  78,   0,  32,
           7,  45,  14,   0,   0,  95,  57,  25,  11,  70,   0,   1,   0,  28,
           3,   2,  20,   5,  81,   6,  15,  14,  17,  28],
        [  0,   1,   0,  78,   7,   0,   0,  30,   8,   0,   0,   0,   3,  51,
           1,  15,   1,   0,   3,   2,   0,   1,   0,   0,   0,   1,   1,   0,
           0,  54,   1,   0,   8,   9,   7,   0,   0,   3,  83,   0, 178,   5,
           0,   0,   1,  36,   0,   0,   0,  68,   1,   0,   4,   0,   0,   1,
          34,   0,  30,   0,   0,   0,   0,  10,   1,   0,   0, 318,   0,  18,
           1,  32,   1,  12,   0,   0,   0,   0,   1,   0]], device='cuda:0',
       dtype=torch.int32)
tensor([  0,  65,  98,  83, 246,   6,   1, 163, 242, 158, 118,   1,  13,  76,
          4,  21, 108,  77,  57, 145,  31,  38,   3,  13, 114,   6,  58, 160,
         78, 101, 120,  80, 102,   9, 114,  37,   0,   3,  88,  11, 183,  23,
         89,  88,  58,  83, 151,  12, 245, 118,   1,   0, 336, 115,   0,  51,
         46,  84,  45,   0,   0, 139,  58,  65,  46, 166,   6, 319,   0, 153,
          4,  34,  46,  20,  87,  19,  18,  21,  40,  39], device='cuda:0',
       dtype=torch.int32)
fault_map: tensor(0, device='cuda:0')
Train:  0   2124
Train:  1   2625
Train:  2   1132
Val_size:  0.2
Val:  1472
Test:  3376
-----------------------------------
Val Single set: Accuracy: 1121/1472 76.15%, 0.0222014081461922
-----------------------------------
-----------------------------------
Val set: Single-encoder + protype Accuracy: 1121/1472 1.22%, 0.0222014081461922
-----------------------------------
-----------------------------------
Test Single set: Accuracy: 2269/3376 67.21%, 0.011054436945449119
-----------------------------------
-----------------------------------
Test set: Single-encoder + protype Accuracy: 2269/3376 12.44%, 0.011054436945449119
-----------------------------------
Best val: 76.15%, Corres: 67.21%, Best Test: 67.21%
None
[0.0222014081461922]
[300]
[300]
-----------------------------------
Val Single set: Accuracy: 1225/1472 83.22%, 0.013314609649727494
-----------------------------------
-----------------------------------
Val set: Single-encoder + protype Accuracy: 1225/1472 1.22%, 0.013314609649727494
-----------------------------------
-----------------------------------
Test Single set: Accuracy: 2520/3376 74.64%, 0.006921885513051709
-----------------------------------
-----------------------------------
Test set: Single-encoder + protype Accuracy: 2520/3376 12.44%, 0.006921885513051709
-----------------------------------
Best val: 83.22%, Corres: 74.64%, Best Test: 74.64%
None
[0.0222014081461922, 0.013314609649727494]
[300, 600]
[300, 600]
-----------------------------------
Val Single set: Accuracy: 1220/1472 82.88%, 0.014101500843737638
-----------------------------------
-----------------------------------
Val set: Single-encoder + protype Accuracy: 1220/1472 82.68%, 0.014101500843737638
-----------------------------------
-----------------------------------
Test Single set: Accuracy: 2537/3376 75.15%, 0.008753510055207246
-----------------------------------
-----------------------------------
Test set: Single-encoder + protype Accuracy: 2537/3376 78.58%, 0.008753510055207246
-----------------------------------
Best val: 83.22%, Corres: 74.64%, Best Test: 75.15%
None
[0.0222014081461922, 0.013314609649727494, 0.014101500843737638]
[300, 600, 900]
[300, 600, 900]
min_idx:  1
