Namespace(algorithm='SRA', checkpoint_freq=300, ckpt='', data_dir='/home/shared/data/DomainBed/', dataset='VLCS', plotdir='', save_model_dir='', seed=1, start_swad=0.0, target='LabelMe')
Namespace(dataset='VLCS', exp_name='VLCS_LabelMe', iterations=5000, n_classes=5, n_domain_classes=3, src_data_path='/home/shared/data/DomainBed//VLCS/', src_train_meta_filenames=['domainbed/configs/data_list/VLCS/Caltech101.txt', 'domainbed/configs/data_list/VLCS/SUN09.txt', 'domainbed/configs/data_list/VLCS/VOC2007.txt'], target_test_meta_filenames=['domainbed/configs/data_list/VLCS/LabelMe.txt'], val_size=0.2)
{'data_augmentation': True, 'val_augment': False, 'resnet18': False, 'resnet_dropout': 0.0, 'class_balanced': False, 'optimizer': 'adam', 'freeze_bn': True, 'pretrained': True, 'lr': 5e-05, 'batch_size': 32, 'weight_decay': 0.0, 'disc_weight': 0.01, 'warm_up': 500, 'maxinfo_weight': 0.0, 'ot_weight': 0.1, 'prototype_per_class': 16, 'pro_weight': 0.01, 'mlp_width': 256, 'mlp_depth': 3, 'mlp_dropout': 0.5}
Train:  0   1132
Train:  1   2625
Train:  2   2700
Val_size:  0.2
Val:  1616
Test:  2656
-----------------------------------
Val Single set: Accuracy: 1311/1616 81.13%, 0.02121100563666608
-----------------------------------
-----------------------------------
Val set: Single-encoder + protype Accuracy: 1311/1616 6.06%, 0.02121100563666608
-----------------------------------
-----------------------------------
Test Single set: Accuracy: 1573/2656 59.22%, 0.010205639773104564
-----------------------------------
-----------------------------------
Test set: Single-encoder + protype Accuracy: 1573/2656 1.58%, 0.010205639773104564
-----------------------------------
Best val: 81.13%, Corres: 59.22%, Best Test: 59.22%
None
[0.02121100563666608]
[300]
[300]
-----------------------------------
Val Single set: Accuracy: 1402/1616 86.76%, 0.0116969599324569
-----------------------------------
-----------------------------------
Val set: Single-encoder + protype Accuracy: 1402/1616 82.30%, 0.0116969599324569
-----------------------------------
-----------------------------------
Test Single set: Accuracy: 1699/2656 63.97%, 0.02061338198135596
-----------------------------------
-----------------------------------
Test set: Single-encoder + protype Accuracy: 1699/2656 58.73%, 0.02061338198135596
-----------------------------------
Best val: 86.76%, Corres: 63.97%, Best Test: 63.97%
None
[0.02121100563666608, 0.0116969599324569]
[300, 600]
[300, 600]
-----------------------------------
Val Single set: Accuracy: 1412/1616 87.38%, 0.01123377445806495
-----------------------------------
-----------------------------------
Val set: Single-encoder + protype Accuracy: 1412/1616 85.27%, 0.01123377445806495
-----------------------------------
-----------------------------------
Test Single set: Accuracy: 1594/2656 60.02%, 0.028974528285584986
-----------------------------------
-----------------------------------
Test set: Single-encoder + protype Accuracy: 1594/2656 58.28%, 0.028974528285584986
-----------------------------------
Best val: 87.38%, Corres: 60.02%, Best Test: 63.97%
None
[0.02121100563666608, 0.0116969599324569, 0.01123377445806495]
[300, 600, 900]
[300, 600, 900]
min_idx:  2
-----------------------------------
Val Single set: Accuracy: 1399/1616 86.57%, 0.013582709064437067
-----------------------------------
-----------------------------------
Val set: Single-encoder + protype Accuracy: 1399/1616 85.15%, 0.013582709064437067
-----------------------------------
-----------------------------------
Test Single set: Accuracy: 1784/2656 67.17%, 0.02482842928617744
-----------------------------------
-----------------------------------
Test set: Single-encoder + protype Accuracy: 1784/2656 68.11%, 0.02482842928617744
-----------------------------------
Best val: 87.38%, Corres: 60.02%, Best Test: 67.17%
None
[0.0116969599324569, 0.01123377445806495, 0.013582709064437067]
[600, 900, 1200]
[300, 600, 900, 1200]
min_idx:  1
-----------------------------------
Val Single set: Accuracy: 1398/1616 86.51%, 0.016016388376682348
-----------------------------------
-----------------------------------
Val set: Single-encoder + protype Accuracy: 1398/1616 85.71%, 0.016016388376682348
-----------------------------------
-----------------------------------
Test Single set: Accuracy: 1544/2656 58.13%, 0.05460153515794292
-----------------------------------
-----------------------------------
Test set: Single-encoder + protype Accuracy: 1544/2656 59.00%, 0.05460153515794292
-----------------------------------
Best val: 87.38%, Corres: 60.02%, Best Test: 67.17%
None
[0.01123377445806495, 0.013582709064437067, 0.016016388376682348]
[900, 1200, 1500]
[300, 600, 900, 1200, 1500]
min_idx:  0
Model converged at step 900, Start step = 601; Threshold = 0.017694, 
-----------------------------------
Val Single set: Accuracy: 1415/1616 87.56%, 0.016058398329406594
-----------------------------------
-----------------------------------
Val set: Single-encoder + protype Accuracy: 1415/1616 87.07%, 0.016058398329406594
-----------------------------------
-----------------------------------
Test Single set: Accuracy: 1687/2656 63.52%, 0.06064983425067222
-----------------------------------
-----------------------------------
Test set: Single-encoder + protype Accuracy: 1687/2656 64.27%, 0.06064983425067222
-----------------------------------
Best val: 87.56%, Corres: 63.52%, Best Test: 67.17%
0.01769424448964656
[0.013582709064437067, 0.016016388376682348, 0.016058398329406594]
[1200, 1500, 1800]
[300, 600, 900, 1200, 1500, 1800]
-----------------------------------
Val Single set: Accuracy: 1395/1616 86.32%, 0.019984607053790904
-----------------------------------
-----------------------------------
Val set: Single-encoder + protype Accuracy: 1395/1616 85.21%, 0.019984607053790904
-----------------------------------
-----------------------------------
Test Single set: Accuracy: 1694/2656 63.78%, 0.03986617129475596
-----------------------------------
-----------------------------------
Test set: Single-encoder + protype Accuracy: 1694/2656 62.50%, 0.03986617129475596
-----------------------------------
Best val: 87.56%, Corres: 63.52%, Best Test: 67.17%
0.01769424448964656
[0.016016388376682348, 0.016058398329406594, 0.019984607053790904]
[1500, 1800, 2100]
[600, 900, 1200, 1500, 1800, 2100]
-----------------------------------
Val Single set: Accuracy: 1392/1616 86.14%, 0.021406084518740345
-----------------------------------
-----------------------------------
Val set: Single-encoder + protype Accuracy: 1392/1616 85.46%, 0.021406084518740345
-----------------------------------
-----------------------------------
Test Single set: Accuracy: 1626/2656 61.22%, 0.05965893876076822
-----------------------------------
-----------------------------------
Test set: Single-encoder + protype Accuracy: 1626/2656 60.50%, 0.05965893876076822
-----------------------------------
Best val: 87.56%, Corres: 63.52%, Best Test: 67.17%
0.01769424448964656
[0.016058398329406594, 0.019984607053790904, 0.021406084518740345]
[1800, 2100, 2400]
[900, 1200, 1500, 1800, 2100, 2400]
-----------------------------------
Val Single set: Accuracy: 1386/1616 85.77%, 0.029142413928192012
-----------------------------------
-----------------------------------
Val set: Single-encoder + protype Accuracy: 1386/1616 84.28%, 0.029142413928192012
-----------------------------------
-----------------------------------
Test Single set: Accuracy: 1657/2656 62.39%, 0.05473365530326783
-----------------------------------
-----------------------------------
Test set: Single-encoder + protype Accuracy: 1657/2656 64.38%, 0.05473365530326783
-----------------------------------
Best val: 87.56%, Corres: 63.52%, Best Test: 67.17%
0.01769424448964656
[0.019984607053790904, 0.021406084518740345, 0.029142413928192012]
[2100, 2400, 2700]
[1200, 1500, 1800, 2100, 2400, 2700]
-----------------------------------
Val Single set: Accuracy: 1389/1616 85.95%, 0.020838466384840656
-----------------------------------
-----------------------------------
Val set: Single-encoder + protype Accuracy: 1389/1616 85.58%, 0.020838466384840656
-----------------------------------
-----------------------------------
Test Single set: Accuracy: 1678/2656 63.18%, 0.054597229595122164
-----------------------------------
-----------------------------------
Test set: Single-encoder + protype Accuracy: 1678/2656 64.91%, 0.054597229595122164
-----------------------------------
Best val: 87.56%, Corres: 63.52%, Best Test: 67.17%
0.01769424448964656
[0.021406084518740345, 0.029142413928192012, 0.020838466384840656]
[2400, 2700, 3000]
[1500, 1800, 2100, 2400, 2700, 3000]
-----------------------------------
Val Single set: Accuracy: 1389/1616 85.95%, 0.026161317532261436
-----------------------------------
-----------------------------------
Val set: Single-encoder + protype Accuracy: 1389/1616 85.64%, 0.026161317532261436
-----------------------------------
-----------------------------------
Test Single set: Accuracy: 1715/2656 64.57%, 0.06578012753883938
-----------------------------------
-----------------------------------
Test set: Single-encoder + protype Accuracy: 1715/2656 64.87%, 0.06578012753883938
-----------------------------------
Best val: 87.56%, Corres: 63.52%, Best Test: 67.17%
0.01769424448964656
[0.029142413928192012, 0.020838466384840656, 0.026161317532261436]
[2700, 3000, 3300]
[1800, 2100, 2400, 2700, 3000, 3300]
-----------------------------------
Val Single set: Accuracy: 1391/1616 86.08%, 0.020702399150493656
-----------------------------------
-----------------------------------
Val set: Single-encoder + protype Accuracy: 1391/1616 86.57%, 0.020702399150493656
-----------------------------------
-----------------------------------
Test Single set: Accuracy: 1790/2656 67.39%, 0.0636514503177794
-----------------------------------
-----------------------------------
Test set: Single-encoder + protype Accuracy: 1790/2656 68.37%, 0.0636514503177794
-----------------------------------
Best val: 87.56%, Corres: 63.52%, Best Test: 67.39%
0.01769424448964656
[0.020838466384840656, 0.026161317532261436, 0.020702399150493656]
[3000, 3300, 3600]
[2100, 2400, 2700, 3000, 3300, 3600]
Valley is dead at step 1800
-----------------------------------
Test SWAD set: Accuracy: 1677/2656 63.14%, 0.03570266666328422
-----------------------------------
-----------------------------------
Test set: SWAD-encoder + protype Accuracy: 1677/2656 64.50%, 0.03570266666328422
-----------------------------------
-----------------------------------
Val SWAD set: Accuracy: 1439/1616 89.05%, 0.010291104225814814
-----------------------------------
-----------------------------------
Val set: SWAD-encoder + protype Accuracy: 1439/1616 88.00%, 0.010291104225814814
-----------------------------------
tensor([[  5,   0,   3,   0,   0,   0,   0,   1,  17,   0,   0,  24,   5,   2,
          27,   5,  27,   1,   1,   3,   0,   0,   1,   1,  92,   0,  15,   1,
           2,   0,   0, 179,   4,  14,   0,   5,   8,  13,   0,   0,  19,  50,
          68,   2,   2,   0,  19,   0,   1,   5,   0,   0,   3,   1,   2,   7,
           0,   0,   0,  31,  39,   0,   0,   0,  34,  48,  47,  99,   6,  30,
           0,  42,  13,   0,   4,  27,  62,   2,   0,   1],
        [ 22,  66, 112,   3,  40,  19, 133,   1,   9,  73,   0,   0,  39,   5,
           0,  29,  79, 123,  60,  62,  21,   3,  18,   9,   0,  89,   0,  54,
          63,   0,  72,   0,  29,   1,  75,   2,   1,  18,  49,  58,   1,   7,
           1,  39,  19,  23,   0,  72,   5,   0,  63,  30, 127,   1,  54, 143,
           1,   1,  83,   0, 100,  21,  99,  42,   0,   1,   1,   0,   0,   2,
          31,   0,   1,  82,  89,   0,   0,  14,   3,  31],
        [ 24,  34,  24,  39,   3,  32,  58,   1,   9,  41,   0,  15,  51,  22,
          32,  40, 162,  20,  36,  43,  37,   0,  15,  98,   3,  43,   1,  21,
          86,   3,  62,   7,  41,  26,  28,  66,   3,   7,  63,  15,  14,  92,
           6,  28,  24,  43,   1,  78,   4,   1,  30,  26,  51,  11,  56,  57,
          79,   1,  55,   9, 112,  63,  51,   0,   7,   4,  60,  14,  18,   7,
          25,   0,  14,  65,  23,   4,   9, 143,  82,  10]], device='cuda:0',
       dtype=torch.int32)
tensor([ 51, 100, 139,  42,  43,  51, 191,   3,  35, 114,   0,  39,  95,  29,
         59,  74, 268, 144,  97, 108,  58,   3,  34, 108,  95, 132,  16,  76,
        151,   3, 134, 186,  74,  41, 103,  73,  12,  38, 112,  73,  34, 149,
         75,  69,  45,  66,  20, 150,  10,   6,  93,  56, 181,  13, 112, 207,
         80,   2, 138,  40, 251,  84, 150,  42,  41,  53, 108, 113,  24,  39,
         56,  42,  28, 147, 116,  31,  71, 159,  85,  42], device='cuda:0',
       dtype=torch.int32)
fault_map: tensor(0, device='cuda:0')
Train:  0   1132
Train:  1   2625
Train:  2   2700
Val_size:  0.2
Val:  1616
Test:  2656
-----------------------------------
Val Single set: Accuracy: 1258/1616 77.85%, 0.02317910104768701
-----------------------------------
-----------------------------------
Val set: Single-encoder + protype Accuracy: 1258/1616 7.49%, 0.02317910104768701
-----------------------------------
-----------------------------------
Test Single set: Accuracy: 1601/2656 60.28%, 0.010066497352827027
-----------------------------------
-----------------------------------
Test set: Single-encoder + protype Accuracy: 1601/2656 1.58%, 0.010066497352827027
-----------------------------------
Best val: 77.85%, Corres: 60.28%, Best Test: 60.28%
None
[0.02317910104768701]
[300]
[300]
-----------------------------------
Val Single set: Accuracy: 1410/1616 87.25%, 0.01119494548992866
-----------------------------------
-----------------------------------
Val set: Single-encoder + protype Accuracy: 1410/1616 83.60%, 0.01119494548992866
-----------------------------------
-----------------------------------
Test Single set: Accuracy: 1764/2656 66.42%, 0.018624428279574466
-----------------------------------
-----------------------------------
Test set: Single-encoder + protype Accuracy: 1764/2656 60.99%, 0.018624428279574466
-----------------------------------
Best val: 87.25%, Corres: 66.42%, Best Test: 66.42%
None
[0.02317910104768701, 0.01119494548992866]
[300, 600]
[300, 600]
-----------------------------------
Val Single set: Accuracy: 1403/1616 86.82%, 0.012290953035184123
-----------------------------------
-----------------------------------
Val set: Single-encoder + protype Accuracy: 1403/1616 84.47%, 0.012290953035184123
-----------------------------------
-----------------------------------
Test Single set: Accuracy: 1723/2656 64.87%, 0.027493556790300702
-----------------------------------
-----------------------------------
Test set: Single-encoder + protype Accuracy: 1723/2656 65.21%, 0.027493556790300702
-----------------------------------
Best val: 87.25%, Corres: 66.42%, Best Test: 66.42%
None
[0.02317910104768701, 0.01119494548992866, 0.012290953035184123]
[300, 600, 900]
[300, 600, 900]
min_idx:  1
