Namespace(algorithm='SRA', checkpoint_freq=300, ckpt='', data_dir='/home/shared/data/DomainBed/', dataset='VLCS', plotdir='', save_model_dir='', seed=1, start_swad=0.0, target='SUN09')
Namespace(dataset='VLCS', exp_name='VLCS_SUN', iterations=5000, n_classes=5, n_domain_classes=3, src_data_path='/home/shared/data/DomainBed//VLCS/', src_train_meta_filenames=['domainbed/configs/data_list/VLCS/LabelMe.txt', 'domainbed/configs/data_list/VLCS/Caltech101.txt', 'domainbed/configs/data_list/VLCS/VOC2007.txt'], target_test_meta_filenames=['domainbed/configs/data_list/VLCS/SUN09.txt'], val_size=0.2)
{'data_augmentation': True, 'val_augment': False, 'resnet18': False, 'resnet_dropout': 0.0, 'class_balanced': False, 'optimizer': 'adam', 'freeze_bn': True, 'pretrained': True, 'lr': 5e-05, 'batch_size': 32, 'weight_decay': 0.0, 'disc_weight': 0.01, 'warm_up': 500, 'maxinfo_weight': 0.0, 'ot_weight': 0.1, 'prototype_per_class': 16, 'pro_weight': 0.01, 'mlp_width': 256, 'mlp_depth': 3, 'mlp_dropout': 0.5}
Train:  0   2124
Train:  1   1132
Train:  2   2700
Val_size:  0.2
Val:  1491
Test:  3282
-----------------------------------
Val Single set: Accuracy: 1113/1491 74.65%, 0.022819379605677686
-----------------------------------
-----------------------------------
Val set: Single-encoder + protype Accuracy: 1113/1491 6.98%, 0.022819379605677686
-----------------------------------
-----------------------------------
Test Single set: Accuracy: 1919/3282 58.47%, 0.010516451216557634
-----------------------------------
-----------------------------------
Test set: Single-encoder + protype Accuracy: 1919/3282 0.91%, 0.010516451216557634
-----------------------------------
Best val: 74.65%, Corres: 58.47%, Best Test: 58.47%
None
[0.022819379605677686]
[300]
[300]
-----------------------------------
Val Single set: Accuracy: 1270/1491 85.18%, 0.013121910197260564
-----------------------------------
-----------------------------------
Val set: Single-encoder + protype Accuracy: 1270/1491 82.96%, 0.013121910197260564
-----------------------------------
-----------------------------------
Test Single set: Accuracy: 2406/3282 73.31%, 0.007407665125558029
-----------------------------------
-----------------------------------
Test set: Single-encoder + protype Accuracy: 2406/3282 72.73%, 0.007407665125558029
-----------------------------------
Best val: 85.18%, Corres: 73.31%, Best Test: 73.31%
None
[0.022819379605677686, 0.013121910197260564]
[300, 600]
[300, 600]
-----------------------------------
Val Single set: Accuracy: 1241/1491 83.23%, 0.0178618620157482
-----------------------------------
-----------------------------------
Val set: Single-encoder + protype Accuracy: 1241/1491 83.37%, 0.0178618620157482
-----------------------------------
-----------------------------------
Test Single set: Accuracy: 2150/3282 65.51%, 0.012157622804226198
-----------------------------------
-----------------------------------
Test set: Single-encoder + protype Accuracy: 2150/3282 67.98%, 0.012157622804226198
-----------------------------------
Best val: 85.18%, Corres: 73.31%, Best Test: 73.31%
None
[0.022819379605677686, 0.013121910197260564, 0.0178618620157482]
[300, 600, 900]
[300, 600, 900]
min_idx:  1
-----------------------------------
Val Single set: Accuracy: 1255/1491 84.17%, 0.01568124057195952
-----------------------------------
-----------------------------------
Val set: Single-encoder + protype Accuracy: 1255/1491 83.57%, 0.01568124057195952
-----------------------------------
-----------------------------------
Test Single set: Accuracy: 2370/3282 72.21%, 0.009542939413763414
-----------------------------------
-----------------------------------
Test set: Single-encoder + protype Accuracy: 2370/3282 70.17%, 0.009542939413763414
-----------------------------------
Best val: 85.18%, Corres: 73.31%, Best Test: 73.31%
None
[0.013121910197260564, 0.0178618620157482, 0.01568124057195952]
[600, 900, 1200]
[300, 600, 900, 1200]
min_idx:  0
Model converged at step 600, Start step = 601; Threshold = 0.020222, 
-----------------------------------
Val Single set: Accuracy: 1259/1491 84.44%, 0.0176729297277609
-----------------------------------
-----------------------------------
Val set: Single-encoder + protype Accuracy: 1259/1491 83.64%, 0.0176729297277609
-----------------------------------
-----------------------------------
Test Single set: Accuracy: 2353/3282 71.69%, 0.011088831823530319
-----------------------------------
-----------------------------------
Test set: Single-encoder + protype Accuracy: 2353/3282 69.01%, 0.011088831823530319
-----------------------------------
Best val: 85.18%, Corres: 73.31%, Best Test: 73.31%
0.020221505540152923
[0.0178618620157482, 0.01568124057195952, 0.0176729297277609]
[900, 1200, 1500]
[300, 600, 900, 1200, 1500]
-----------------------------------
Val Single set: Accuracy: 1248/1491 83.70%, 0.028209848128123972
-----------------------------------
-----------------------------------
Val set: Single-encoder + protype Accuracy: 1248/1491 83.43%, 0.028209848128123972
-----------------------------------
-----------------------------------
Test Single set: Accuracy: 2290/3282 69.77%, 0.01659020091396218
-----------------------------------
-----------------------------------
Test set: Single-encoder + protype Accuracy: 2290/3282 69.38%, 0.01659020091396218
-----------------------------------
Best val: 85.18%, Corres: 73.31%, Best Test: 73.31%
0.020221505540152923
[0.01568124057195952, 0.0176729297277609, 0.028209848128123972]
[1200, 1500, 1800]
[300, 600, 900, 1200, 1500, 1800]
-----------------------------------
Val Single set: Accuracy: 1277/1491 85.65%, 0.024560499399579175
-----------------------------------
-----------------------------------
Val set: Single-encoder + protype Accuracy: 1277/1491 84.91%, 0.024560499399579175
-----------------------------------
-----------------------------------
Test Single set: Accuracy: 2385/3282 72.67%, 0.01404102643330892
-----------------------------------
-----------------------------------
Test set: Single-encoder + protype Accuracy: 2385/3282 70.20%, 0.01404102643330892
-----------------------------------
Best val: 85.65%, Corres: 72.67%, Best Test: 73.31%
0.020221505540152923
[0.0176729297277609, 0.028209848128123972, 0.024560499399579175]
[1500, 1800, 2100]
[600, 900, 1200, 1500, 1800, 2100]
-----------------------------------
Val Single set: Accuracy: 1256/1491 84.24%, 0.035030623133529684
-----------------------------------
-----------------------------------
Val set: Single-encoder + protype Accuracy: 1256/1491 84.17%, 0.035030623133529684
-----------------------------------
-----------------------------------
Test Single set: Accuracy: 2194/3282 66.85%, 0.02304232306664924
-----------------------------------
-----------------------------------
Test set: Single-encoder + protype Accuracy: 2194/3282 67.85%, 0.02304232306664924
-----------------------------------
Best val: 85.65%, Corres: 72.67%, Best Test: 73.31%
0.020221505540152923
[0.028209848128123972, 0.024560499399579175, 0.035030623133529684]
[1800, 2100, 2400]
[900, 1200, 1500, 1800, 2100, 2400]
-----------------------------------
Val Single set: Accuracy: 1251/1491 83.90%, 0.02377391573757454
-----------------------------------
-----------------------------------
Val set: Single-encoder + protype Accuracy: 1251/1491 82.49%, 0.02377391573757454
-----------------------------------
-----------------------------------
Test Single set: Accuracy: 2214/3282 67.46%, 0.015061969322303968
-----------------------------------
-----------------------------------
Test set: Single-encoder + protype Accuracy: 2214/3282 64.02%, 0.015061969322303968
-----------------------------------
Best val: 85.65%, Corres: 72.67%, Best Test: 73.31%
0.020221505540152923
[0.024560499399579175, 0.035030623133529684, 0.02377391573757454]
[2100, 2400, 2700]
[1200, 1500, 1800, 2100, 2400, 2700]
-----------------------------------
Val Single set: Accuracy: 1245/1491 83.50%, 0.026146753224050003
-----------------------------------
-----------------------------------
Val set: Single-encoder + protype Accuracy: 1245/1491 82.36%, 0.026146753224050003
-----------------------------------
-----------------------------------
Test Single set: Accuracy: 2325/3282 70.84%, 0.016258314115691664
-----------------------------------
-----------------------------------
Test set: Single-encoder + protype Accuracy: 2325/3282 68.46%, 0.016258314115691664
-----------------------------------
Best val: 85.65%, Corres: 72.67%, Best Test: 73.31%
0.020221505540152923
[0.035030623133529684, 0.02377391573757454, 0.026146753224050003]
[2400, 2700, 3000]
[1500, 1800, 2100, 2400, 2700, 3000]
-----------------------------------
Val Single set: Accuracy: 1259/1491 84.44%, 0.030336878443976575
-----------------------------------
-----------------------------------
Val set: Single-encoder + protype Accuracy: 1259/1491 84.44%, 0.030336878443976575
-----------------------------------
-----------------------------------
Test Single set: Accuracy: 2269/3282 69.13%, 0.01950496771145274
-----------------------------------
-----------------------------------
Test set: Single-encoder + protype Accuracy: 2269/3282 68.19%, 0.01950496771145274
-----------------------------------
Best val: 85.65%, Corres: 72.67%, Best Test: 73.31%
0.020221505540152923
[0.02377391573757454, 0.026146753224050003, 0.030336878443976575]
[2700, 3000, 3300]
[1800, 2100, 2400, 2700, 3000, 3300]
Valley is dead at step 1500
-----------------------------------
Test SWAD set: Accuracy: 2459/3282 74.92%, 0.006996798113960089
-----------------------------------
-----------------------------------
Test set: SWAD-encoder + protype Accuracy: 2459/3282 71.08%, 0.006996798113960089
-----------------------------------
-----------------------------------
Val SWAD set: Accuracy: 1273/1491 85.38%, 0.011950070445998828
-----------------------------------
-----------------------------------
Val set: SWAD-encoder + protype Accuracy: 1273/1491 84.78%, 0.011950070445998828
-----------------------------------
tensor([[ 21,  51,  73,  11,   2,   4,  35,  13,   6,  24,   0,   0,   6,  12,
          50,  26,   4,   2,  52,  72,   4,  10,  54,   0, 162,   4,  40,   7,
           7,   0,   0,   0,  37,  11,  12,  15,   0,   8,   2,   0,   0,  16,
         178,   0,  75,   9,   0,   4, 111,   1,   6,   9,  24,   0,   5,   6,
           0,  20,  11,   3,  87,  81,  22,  13,   0, 110,   7,   1,   4,  19,
         175,   3, 116,  98,  23,   8,   8,   4,   0,  18],
        [ 12,   0,   0,   0,   0,   0,   0,   1,   0,   3,  43,   0,   0,  27,
           1,  58,   0,  16,   0,   1,   0,   0,   0,   2,   0,   0,   0,   0,
           0,  31,  34,   9,   0, 101,   0,   0,  41,   3,   0,  45,  19,   2,
           0,  81,   0,   6,  78,  24,   2,   7,   1,  26,   8,  50,   0,   9,
          10,   5,  46,   0,   0,   0,   2,   0, 121,   0,  26,  10,  16,   0,
           9,  48,   0,   2,   0,  41,   0,   0,  40,   3],
        [116,  38,  27,  29,   1,   3,  10,  10,   0,  21,  15,   2,   3,  35,
          27,  87,   2,   3,  10,  37,  11,   6,  17,  10,  37,   5,  69, 102,
          12,   1,   4,   4,   4,  37, 103,  23,   5, 126, 124,   0,   1,  34,
          44,   6,  43,  27,   4, 184,  39,   1,  19,  75,  78,  24,   3,  23,
           1,  69,  50,  46,  32,  42,  54,   5,   8,  90,  42,  15,  47,  43,
         103,  11,  29,  69,  14,  25,  67,  18,   7,  20]], device='cuda:0',
       dtype=torch.int32)
tensor([149,  89, 100,  40,   3,   7,  45,  24,   6,  48,  58,   2,   9,  74,
         78, 171,   6,  21,  62, 110,  15,  16,  71,  12, 199,   9, 109, 109,
         19,  32,  38,  13,  41, 149, 115,  38,  46, 137, 126,  45,  20,  52,
        222,  87, 118,  42,  82, 212, 152,   9,  26, 110, 110,  74,   8,  38,
         11,  94, 107,  49, 119, 123,  78,  18, 129, 200,  75,  26,  67,  62,
        287,  62, 145, 169,  37,  74,  75,  22,  47,  41], device='cuda:0',
       dtype=torch.int32)
fault_map: tensor(4, device='cuda:0')
Train:  0   2124
Train:  1   1132
Train:  2   2700
Val_size:  0.2
Val:  1491
Test:  3282
-----------------------------------
Val Single set: Accuracy: 1134/1491 76.06%, 0.023603465915285924
-----------------------------------
-----------------------------------
Val set: Single-encoder + protype Accuracy: 1134/1491 7.18%, 0.023603465915285924
-----------------------------------
-----------------------------------
Test Single set: Accuracy: 2005/3282 61.09%, 0.010780948044540387
-----------------------------------
-----------------------------------
Test set: Single-encoder + protype Accuracy: 2005/3282 0.91%, 0.010780948044540387
-----------------------------------
Best val: 76.06%, Corres: 61.09%, Best Test: 61.09%
None
[0.023603465915285924]
[300]
[300]
-----------------------------------
Val Single set: Accuracy: 1252/1491 83.97%, 0.013966716327820046
-----------------------------------
-----------------------------------
Val set: Single-encoder + protype Accuracy: 1252/1491 81.62%, 0.013966716327820046
-----------------------------------
-----------------------------------
Test Single set: Accuracy: 2454/3282 74.77%, 0.0071338048292179795
-----------------------------------
-----------------------------------
Test set: Single-encoder + protype Accuracy: 2454/3282 70.93%, 0.0071338048292179795
-----------------------------------
Best val: 83.97%, Corres: 74.77%, Best Test: 74.77%
None
[0.023603465915285924, 0.013966716327820046]
[300, 600]
[300, 600]
