[36mINFO[0m 07/10 12:15:18 | Command :: train_all.py PACS0 --dataset VLCS --deterministic --seed 0 --checkpoint_freq 300 --data_dir /home/shared/data/DomainBed --algorithm BAIR --pretrained
Environment:
	Python: 3.7.9
	PyTorch: 1.13.1+cu117
	Torchvision: 0.14.1+cu117
	CUDA: 11.7
	CUDNN: 8500
	NumPy: 1.21.6
	PIL: 9.5.0
Args:
	algorithm: BAIR
	checkpoint_freq: 300
	configs: []
	data_dir: /home/shared/data/DomainBed
	dataset: VLCS
	debug: False
	deterministic: True
	evalmode: fast
	holdout_fraction: 0.2
	model_save: None
	name: PACS0
	no_swad: False
	out_dir: train_output/VLCS/240710_12-15-18_PACS0
	out_root: train_output/VLCS
	prebuild_loader: False
	pretrained: True
	run_name: 240710_12-15-18_PACS0
	seed: 0
	show: False
	start_swad: 0.0
	steps: None
	tb_freq: 10
	test_envs: None
	trial_seed: 0
	unique_name: 240710_12-15-18_PACS0
	work_dir: .
HParams:
	data_augmentation: True
	val_augment: False
	resnet18: False
	resnet_dropout: 0.0
	class_balanced: False
	optimizer: adam
	freeze_bn: True
	pretrained: True
	lr: 5e-05
	batch_size: 32
	weight_decay: 0.0
	disc_weight: 0.01
	warm_up: 300
	maxinfo_weight: 0.1
	ot_weight: 0.1
	prototype_per_class: 16
	mlp_width: 256
	mlp_depth: 3
	mlp_dropout: 0.5
	swad: LossValley
	swad_kwargs: 
	  n_converge: 3
	  n_tolerance: 6
	  tolerance_ratio: 0.3
	test_batchsize: 128
	indomain_test: False
Dataset:
	[VLCS] #envs=4, #classes=5
	env0: Caltech101 (#1415)
	env1: LabelMe (#2656)
	env2: SUN09 (#3282)
	env3: VOC2007 (#3376)

[36mINFO[0m 07/10 12:15:19 | n_steps = 5001
[36mINFO[0m 07/10 12:15:19 | checkpoint_freq = 300
[36mINFO[0m 07/10 12:15:19 | n_steps is updated to 5001 => 4801 for checkpointing
[36mINFO[0m 07/10 12:15:19 | Target test envs = [[0], [1], [2], [3]]
Train:  0   2124
Train:  1   2625
Train:  2   2700
Val_size:  0.2
Val:  1865
Test:  1415
-----------------------------------
Val set: Accuracy: 1537/1865 82.41%, 0.01731680543349192
-----------------------------------
-----------------------------------
Test set: Accuracy: 1377/1415 97.31%, 0.0027563793481041286
-----------------------------------
Best val: 82.41%, Corres: 97.31%, Best Test: 97.31%
[0.01731680543349192]
[300]
-----------------------------------
Val set: Accuracy: 1524/1865 81.72%, 0.020298779853707025
-----------------------------------
-----------------------------------
Test set: Accuracy: 1355/1415 95.76%, 0.004802106786683834
-----------------------------------
Best val: 82.41%, Corres: 97.31%, Best Test: 97.31%
[0.01731680543349192, 0.020298779853707025]
[300, 600]
-----------------------------------
Val set: Accuracy: 1504/1865 80.64%, 0.021237054626999208
-----------------------------------
-----------------------------------
Test set: Accuracy: 1380/1415 97.53%, 0.0026453328690173427
-----------------------------------
Best val: 82.41%, Corres: 97.31%, Best Test: 97.53%
[0.01731680543349192, 0.020298779853707025, 0.021237054626999208]
[300, 600, 900]
Model converged at step 300, Start step = 301; Threshold = 0.025503, 
-----------------------------------
Val set: Accuracy: 1474/1865 79.03%, 0.02278522684491032
-----------------------------------
-----------------------------------
Test set: Accuracy: 1371/1415 96.89%, 0.0031024362332460736
-----------------------------------
Best val: 82.41%, Corres: 97.31%, Best Test: 97.53%
[0.020298779853707025, 0.021237054626999208, 0.02278522684491032]
[600, 900, 1200]
-----------------------------------
Val set: Accuracy: 1484/1865 79.57%, 0.026073663028571305
-----------------------------------
-----------------------------------
Test set: Accuracy: 1391/1415 98.30%, 0.002184001320657078
-----------------------------------
Best val: 82.41%, Corres: 97.31%, Best Test: 98.30%
[0.021237054626999208, 0.02278522684491032, 0.026073663028571305]
[900, 1200, 1500]
-----------------------------------
Val set: Accuracy: 1445/1865 77.48%, 0.030750091937208304
-----------------------------------
-----------------------------------
Test set: Accuracy: 1361/1415 96.18%, 0.003896675988915042
-----------------------------------
Best val: 82.41%, Corres: 97.31%, Best Test: 98.30%
[0.02278522684491032, 0.026073663028571305, 0.030750091937208304]
[1200, 1500, 1800]
-----------------------------------
Val set: Accuracy: 1472/1865 78.93%, 0.03158916437913521
-----------------------------------
-----------------------------------
Test set: Accuracy: 1243/1415 87.84%, 0.015314420751730382
-----------------------------------
Best val: 82.41%, Corres: 97.31%, Best Test: 98.30%
[0.026073663028571305, 0.030750091937208304, 0.03158916437913521]
[1500, 1800, 2100]
-----------------------------------
Val set: Accuracy: 1498/1865 80.32%, 0.03157093526530841
-----------------------------------
-----------------------------------
Test set: Accuracy: 1373/1415 97.03%, 0.0035424399594395435
-----------------------------------
Best val: 82.41%, Corres: 97.31%, Best Test: 98.30%
[0.030750091937208304, 0.03158916437913521, 0.03157093526530841]
[1800, 2100, 2400]
-----------------------------------
Val set: Accuracy: 1498/1865 80.32%, 0.03865679200469009
-----------------------------------
-----------------------------------
Test set: Accuracy: 1341/1415 94.77%, 0.007602400378730928
-----------------------------------
Best val: 82.41%, Corres: 97.31%, Best Test: 98.30%
[0.03158916437913521, 0.03157093526530841, 0.03865679200469009]
[2100, 2400, 2700]
-----------------------------------
Val set: Accuracy: 1473/1865 78.98%, 0.03861364875657948
-----------------------------------
-----------------------------------
Test set: Accuracy: 1371/1415 96.89%, 0.004784817841073324
-----------------------------------
Best val: 82.41%, Corres: 97.31%, Best Test: 98.30%
[0.03157093526530841, 0.03865679200469009, 0.03861364875657948]
[2400, 2700, 3000]
Valley is dead at step 1200
-----------------------------------
Test set: Accuracy: 1399/1415 98.87%, 0.0014546009343752617
-----------------------------------
-----------------------------------
Test set: SWAD-encoder + Last-protype Accuracy: 1399/1415 99.22%, 0.0014546009343752617
-----------------------------------
tensor([[ 81,  76,  21,  28,  31,  16,   1,  50, 171,  11,  20,  83,   2,   7,
          11,   1,   7,  28,  28,  53,   1,  45,  12,  29,  42,  18,  29,   1,
          18,   2,  27,   2,  25,   8,  13,  26, 147,  77,   1,   2,  19,  25,
          29,  20,   8,  59,   2,  22,   8,   8,  11,  13,   2,  39,  94,  80,
           2,   4,  20,   3,   2,  24,  31,  17,   0,   9,  22,   3,   6,  13,
          17,  33,   3,   0,   1,  13,  46,   9,  40, 104],
        [ 33,  54,  18,  30,  48, 253,   1,  31,  82,   7,  29,  45,   0,  10,
          10,   7,  68,  56,  26,  41,   2,  47,  14,  36,  45,  10,  18,   9,
          27,   0,  31,   1,  19,  10,  12,  21,  83,  64,   1,   0,  32,  14,
          26,  15,   7,  10,   3,  49,  18,  60,  14,  16,   3,  34,  49,  47,
           4,   3,  26,   0,  19, 434,  20,  17,   0,  34,  27,  11,   9,  28,
          15,  35,   1,   0,   9,  28,  46,  16,  41, 105],
        [ 38,  57,  13,  30,  24, 120,   5,  36,  74,   6,   8, 113,   2,   2,
          11,   3,  19,  13,  21,  67,   0,  41,   8,   7,  28,  20,  58,   5,
          15,   0,  93,   1, 323,  23,  15,  33,  63,  23,   6,   1,  38,  26,
          29,  66,  14, 220,   5,  33,  30,  24,  17,   8,   1,  23,  61,  52,
          30,   1,  29,  16,   9, 167,  65,  18,   2,  19,  26,   6,  15,  29,
           4,   9,   4,   0,   1,  53,  19,  21,  12,  61]], device='cuda:0',
       dtype=torch.int32)
tensor([152, 187,  52,  88, 103, 389,   7, 117, 327,  24,  57, 241,   4,  19,
         32,  11,  94,  97,  75, 161,   3, 133,  34,  72, 115,  48, 105,  15,
         60,   2, 151,   4, 367,  41,  40,  80, 293, 164,   8,   3,  89,  65,
         84, 101,  29, 289,  10, 104,  56,  92,  42,  37,   6,  96, 204, 179,
         36,   8,  75,  19,  30, 625, 116,  52,   2,  62,  75,  20,  30,  70,
         36,  77,   8,   0,  11,  94, 111,  46,  93, 270], device='cuda:0',
       dtype=torch.int32)
fault_map: tensor(0, device='cuda:0')
Train:  0   1132
Train:  1   2625
Train:  2   2700
Val_size:  0.2
Val:  1616
Test:  2656
-----------------------------------
Val set: Accuracy: 1419/1616 87.81%, 0.012051918248729554
-----------------------------------
-----------------------------------
Test set: Accuracy: 1637/2656 61.63%, 0.10530627409415425
-----------------------------------
Best val: 87.81%, Corres: 61.63%, Best Test: 61.63%
[0.012051918248729554]
[300]
-----------------------------------
Val set: Accuracy: 1435/1616 88.80%, 0.013887875294142192
-----------------------------------
-----------------------------------
Test set: Accuracy: 1704/2656 64.16%, 0.17429601742106207
-----------------------------------
Best val: 88.80%, Corres: 64.16%, Best Test: 64.16%
[0.012051918248729554, 0.013887875294142192]
[300, 600]
-----------------------------------
Val set: Accuracy: 1389/1616 85.95%, 0.018522143630009383
-----------------------------------
-----------------------------------
Test set: Accuracy: 1537/2656 57.87%, 0.19512699226596433
-----------------------------------
Best val: 88.80%, Corres: 64.16%, Best Test: 64.16%
[0.012051918248729554, 0.013887875294142192, 0.018522143630009383]
[300, 600, 900]
Model converged at step 300, Start step = 301; Threshold = 0.019267, 
-----------------------------------
Val set: Accuracy: 1381/1616 85.46%, 0.017991756852106754
-----------------------------------
-----------------------------------
Test set: Accuracy: 1544/2656 58.13%, 0.16593070644642224
-----------------------------------
Best val: 88.80%, Corres: 64.16%, Best Test: 64.16%
[0.013887875294142192, 0.018522143630009383, 0.017991756852106754]
[600, 900, 1200]
-----------------------------------
Val set: Accuracy: 1389/1616 85.95%, 0.018943408614762635
-----------------------------------
-----------------------------------
Test set: Accuracy: 1691/2656 63.67%, 0.15438471132353357
-----------------------------------
Best val: 88.80%, Corres: 64.16%, Best Test: 64.16%
[0.018522143630009383, 0.017991756852106754, 0.018943408614762635]
[900, 1200, 1500]
-----------------------------------
Val set: Accuracy: 1416/1616 87.62%, 0.01844645909401908
-----------------------------------
-----------------------------------
Test set: Accuracy: 1742/2656 65.59%, 0.16226088290328466
-----------------------------------
Best val: 88.80%, Corres: 64.16%, Best Test: 65.59%
[0.017991756852106754, 0.018943408614762635, 0.01844645909401908]
[1200, 1500, 1800]
-----------------------------------
Val set: Accuracy: 1410/1616 87.25%, 0.01797742782826678
-----------------------------------
-----------------------------------
Test set: Accuracy: 1706/2656 64.23%, 0.133728682693745
-----------------------------------
Best val: 88.80%, Corres: 64.16%, Best Test: 65.59%
[0.018943408614762635, 0.01844645909401908, 0.01797742782826678]
[1500, 1800, 2100]
-----------------------------------
Val set: Accuracy: 1393/1616 86.20%, 0.01657427267104374
-----------------------------------
-----------------------------------
Test set: Accuracy: 1636/2656 61.60%, 0.1232476859532182
-----------------------------------
Best val: 88.80%, Corres: 64.16%, Best Test: 65.59%
[0.01844645909401908, 0.01797742782826678, 0.01657427267104374]
[1800, 2100, 2400]
-----------------------------------
Val set: Accuracy: 1411/1616 87.31%, 0.020142207337546934
-----------------------------------
-----------------------------------
Test set: Accuracy: 1752/2656 65.96%, 0.1849549022113921
-----------------------------------
Best val: 88.80%, Corres: 64.16%, Best Test: 65.96%
[0.01797742782826678, 0.01657427267104374, 0.020142207337546934]
[2100, 2400, 2700]
-----------------------------------
Val set: Accuracy: 1407/1616 87.07%, 0.020644048909783275
-----------------------------------
-----------------------------------
Test set: Accuracy: 1654/2656 62.27%, 0.20810501639176127
-----------------------------------
Best val: 88.80%, Corres: 64.16%, Best Test: 65.96%
[0.01657427267104374, 0.020142207337546934, 0.020644048909783275]
[2400, 2700, 3000]
-----------------------------------
Val set: Accuracy: 1405/1616 86.94%, 0.022647444724599505
-----------------------------------
-----------------------------------
Test set: Accuracy: 1714/2656 64.53%, 0.15772633694882368
-----------------------------------
Best val: 88.80%, Corres: 64.16%, Best Test: 65.96%
[0.020142207337546934, 0.020644048909783275, 0.022647444724599505]
[2700, 3000, 3300]
-----------------------------------
Val set: Accuracy: 1406/1616 87.00%, 0.020784353656632438
-----------------------------------
-----------------------------------
Test set: Accuracy: 1729/2656 65.10%, 0.13464371592885707
-----------------------------------
Best val: 88.80%, Corres: 64.16%, Best Test: 65.96%
[0.020644048909783275, 0.022647444724599505, 0.020784353656632438]
[3000, 3300, 3600]
-----------------------------------
Val set: Accuracy: 1411/1616 87.31%, 0.022215009433446287
-----------------------------------
-----------------------------------
Test set: Accuracy: 1709/2656 64.34%, 0.21579896728310935
-----------------------------------
Best val: 88.80%, Corres: 64.16%, Best Test: 65.96%
[0.022647444724599505, 0.020784353656632438, 0.022215009433446287]
[3300, 3600, 3900]
-----------------------------------
Val set: Accuracy: 1371/1616 84.84%, 0.021508020217528484
-----------------------------------
-----------------------------------
Test set: Accuracy: 1667/2656 62.76%, 0.12159359677840607
-----------------------------------
Best val: 88.80%, Corres: 64.16%, Best Test: 65.96%
[0.020784353656632438, 0.022215009433446287, 0.021508020217528484]
[3600, 3900, 4200]
Valley is dead at step 2400
-----------------------------------
Test set: Accuracy: 1691/2656 63.67%, 0.13026876683742755
-----------------------------------
-----------------------------------
Test set: SWAD-encoder + Last-protype Accuracy: 1691/2656 62.20%, 0.13026876683742755
-----------------------------------
tensor([[ 15,   9,  27,   3,  42,   0,   0,   7,   0,   6,  20,   0,  12,   0,
          34,  17,  10,   1,  37,  16,  75,   1,  24,  31,   0,  23,   2,   2,
          40,   0,  15,   2,   0,  24,   0,  48,   0,   0,   0,   0,   0,   0,
          30,  14,   5, 110,   0,   2,  26,   3,  44,   0,  15,  27,  16,   0,
           3,   0,  30,  31,  20,  32,  19,  15,   0,  14,   0,   0,   0,  32,
           2,   7,   0,   0,   0,  49,   1,   0,   0,  30],
        [ 44,  13,  41,  13,  43,  53,  12, 112,   0,  35, 123,   1, 156,  17,
          25,  33, 109,  10,  10,  31,   4,  17,  20,  92,   1,  33,   1,  27,
          10,   3,  38,  79,   0,   6,   5, 104,  16,   9,   7,   0,   3,   1,
          14,  18,  36,   9,  12,  16,  29, 108,  25,   8,  55,   8,  25,   7,
           1,   0,  65, 161,  41, 162,   8,  22,   0,  37,   3,  19,   3,  23,
          20,  34,   3,  31,  32,  20,  91,  11,  71,  39],
        [ 47,  34,  62,   8,  37,  24,   8,  40,   0,  21, 151,   2,  69,   7,
          40,  26,  35,   8,  31,  41, 138,  10,  39, 106,   0,  37,  14,  15,
          24,  31,  16,  32,   1,  27,   4,  46,   5,   6,  14,   0,  11,   0,
          28,  47,  41, 126,   6,  15,  47,  51,  24,   1,  21,  24,  40,   2,
           7,   1,  74,  70,  74,  59,  45,  16,   3,  23,   0,   6,   3,  30,
           9,  34,   5,  20,  17, 306,  33,   6,  39,  68]], device='cuda:0',
       dtype=torch.int32)
tensor([106,  56, 130,  24, 122,  77,  20, 159,   0,  62, 294,   3, 237,  24,
         99,  76, 154,  19,  78,  88, 217,  28,  83, 229,   1,  93,  17,  44,
         74,  34,  69, 113,   1,  57,   9, 198,  21,  15,  21,   0,  14,   1,
         72,  79,  82, 245,  18,  33, 102, 162,  93,   9,  91,  59,  81,   9,
         11,   1, 169, 262, 135, 253,  72,  53,   3,  74,   3,  25,   6,  85,
         31,  75,   8,  51,  49, 375, 125,  17, 110, 137], device='cuda:0',
       dtype=torch.int32)
fault_map: tensor(0, device='cuda:0')
Train:  0   2124
Train:  1   1132
Train:  2   2700
Val_size:  0.2
Val:  1491
Test:  3282
-----------------------------------
Val set: Accuracy: 1246/1491 83.57%, 0.015196330277390271
-----------------------------------
-----------------------------------
Test set: Accuracy: 2340/3282 71.30%, 0.028398254635419735
-----------------------------------
Best val: 83.57%, Corres: 71.30%, Best Test: 71.30%
[0.015196330277390271]
[300]
-----------------------------------
Val set: Accuracy: 1275/1491 85.51%, 0.017146826027510727
-----------------------------------
-----------------------------------
Test set: Accuracy: 2475/3282 75.41%, 0.02887860427245652
-----------------------------------
Best val: 85.51%, Corres: 75.41%, Best Test: 75.41%
[0.015196330277390271, 0.017146826027510727]
[300, 600]
-----------------------------------
Val set: Accuracy: 1234/1491 82.76%, 0.01885140944000722
-----------------------------------
-----------------------------------
Test set: Accuracy: 2197/3282 66.94%, 0.038454421273206224
-----------------------------------
Best val: 85.51%, Corres: 75.41%, Best Test: 75.41%
[0.015196330277390271, 0.017146826027510727, 0.01885140944000722]
[300, 600, 900]
Model converged at step 300, Start step = 301; Threshold = 0.022184, 
-----------------------------------
Val set: Accuracy: 1262/1491 84.64%, 0.027494729380860186
-----------------------------------
-----------------------------------
Test set: Accuracy: 2287/3282 69.68%, 0.05415829951437343
-----------------------------------
Best val: 85.51%, Corres: 75.41%, Best Test: 75.41%
[0.017146826027510727, 0.01885140944000722, 0.027494729380860186]
[600, 900, 1200]
-----------------------------------
Val set: Accuracy: 1238/1491 83.03%, 0.02079097294634115
-----------------------------------
-----------------------------------
Test set: Accuracy: 2427/3282 73.95%, 0.032148095727475366
-----------------------------------
Best val: 85.51%, Corres: 75.41%, Best Test: 75.41%
[0.01885140944000722, 0.027494729380860186, 0.02079097294634115]
[900, 1200, 1500]
-----------------------------------
Val set: Accuracy: 1209/1491 81.09%, 0.029426073130172703
-----------------------------------
-----------------------------------
Test set: Accuracy: 2095/3282 63.83%, 0.05484244117080839
-----------------------------------
Best val: 85.51%, Corres: 75.41%, Best Test: 75.41%
[0.027494729380860186, 0.02079097294634115, 0.029426073130172703]
[1200, 1500, 1800]
-----------------------------------
Val set: Accuracy: 1254/1491 84.10%, 0.02318511334470548
-----------------------------------
-----------------------------------
Test set: Accuracy: 2313/3282 70.48%, 0.04110588602798876
-----------------------------------
Best val: 85.51%, Corres: 75.41%, Best Test: 75.41%
[0.02079097294634115, 0.029426073130172703, 0.02318511334470548]
[1500, 1800, 2100]
-----------------------------------
Val set: Accuracy: 1241/1491 83.23%, 0.03154285038162327
-----------------------------------
-----------------------------------
Test set: Accuracy: 2285/3282 69.62%, 0.051766024851384936
-----------------------------------
Best val: 85.51%, Corres: 75.41%, Best Test: 75.41%
[0.029426073130172703, 0.02318511334470548, 0.03154285038162327]
[1800, 2100, 2400]
-----------------------------------
Val set: Accuracy: 1235/1491 82.83%, 0.0279784567712809
-----------------------------------
-----------------------------------
Test set: Accuracy: 2341/3282 71.33%, 0.0434059887025721
-----------------------------------
Best val: 85.51%, Corres: 75.41%, Best Test: 75.41%
[0.02318511334470548, 0.03154285038162327, 0.0279784567712809]
[2100, 2400, 2700]
-----------------------------------
Val set: Accuracy: 1239/1491 83.10%, 0.03400370644255212
-----------------------------------
-----------------------------------
Test set: Accuracy: 2291/3282 69.80%, 0.0609969607509541
-----------------------------------
Best val: 85.51%, Corres: 75.41%, Best Test: 75.41%
[0.03154285038162327, 0.0279784567712809, 0.03400370644255212]
[2400, 2700, 3000]
-----------------------------------
Val set: Accuracy: 1243/1491 83.37%, 0.030493858764468088
-----------------------------------
-----------------------------------
Test set: Accuracy: 2314/3282 70.51%, 0.050574908290673584
-----------------------------------
Best val: 85.51%, Corres: 75.41%, Best Test: 75.41%
[0.0279784567712809, 0.03400370644255212, 0.030493858764468088]
[2700, 3000, 3300]
Valley is dead at step 1500
-----------------------------------
Test set: Accuracy: 2482/3282 75.62%, 0.023815462173920155
-----------------------------------
-----------------------------------
Test set: SWAD-encoder + Last-protype Accuracy: 2482/3282 74.65%, 0.023815462173920155
-----------------------------------
tensor([[103,  23,   7,   7,   0,   8,  57, 106,   7,  95,   3,  44,   0,   2,
          31,  48,  15,  34,  17,  29,   9,  10,   1,  61,   5,  15,   1,  19,
          17,   2,  28,   8,   5,  23,  29,   7, 118, 101,  23,   1,  59,   6,
           6,  19,  14,  25,   5,   5,  19, 166,  27,   3,  16,  46,  18,   4,
          32,  10,  38,   0,   8,  26,  13,  39,   1,  29,   4,  12,  16,  23,
           9,   4,  50,  53,   5,   6,  12,  40, 111,  14],
        [ 20,  22,  19,   0,   0,   1,   7,   0,   0,  31,   0,  45,   0,   0,
          13,   0,  27,   0,   2,  14,   0,   3,   0,  25,   0,   4,   0,   4,
          13,   0,   9,   2,   0,  26,  26,  25,  24,   7,  14,   0,  48,   0,
          24,  30,  11,  38,   0,   0,  30,   1,  28,   1,  44,  51,  23,  23,
         123,   0,   9,   0,   3,  55,  18,  23,   1,  42,   0,   3,  55,   2,
           0,   0,  30,   6,   0,   0,   0,   2,   4,   9],
        [ 86,  28,  16,   0,   0,  48,  53,  26,   4,  78,  27,  58,   0,   1,
          81,  27, 114,  22,   3,  39,   0,  20,   0,  78,   4,   4,   1,  55,
           2,   2,  68,   4,   6,  25,  41,  41,  83,  44,  15,   1,  18,   1,
          35,  68,  21,  88,   2,   4,  36,  85,  48,  11,  45,  15,  18,  19,
         139,   9,  28,   0,  19, 137,  13,  24,   2,  66,   4,  18, 299,  12,
           4,   0,  56,  25,  12,   4,   3,  20,  41,  34]], device='cuda:0',
       dtype=torch.int32)
tensor([209,  73,  42,   7,   0,  57, 117, 132,  11, 204,  30, 147,   0,   3,
        125,  75, 156,  56,  22,  82,   9,  33,   1, 164,   9,  23,   2,  78,
         32,   4, 105,  14,  11,  74,  96,  73, 225, 152,  52,   2, 125,   7,
         65, 117,  46, 151,   7,   9,  85, 252, 103,  15, 105, 112,  59,  46,
        294,  19,  75,   0,  30, 218,  44,  86,   4, 137,   8,  33, 370,  37,
         13,   4, 136,  84,  17,  10,  15,  62, 156,  57], device='cuda:0',
       dtype=torch.int32)
fault_map: tensor(0, device='cuda:0')
Train:  0   2124
Train:  1   2625
Train:  2   1132
Val_size:  0.2
Val:  1472
Test:  3376
-----------------------------------
Val set: Accuracy: 1216/1472 82.61%, 0.016532403441013466
-----------------------------------
-----------------------------------
Test set: Accuracy: 2655/3376 78.64%, 0.022389358269289065
-----------------------------------
Best val: 82.61%, Corres: 78.64%, Best Test: 78.64%
[0.016532403441013466]
[300]
-----------------------------------
Val set: Accuracy: 1208/1472 82.07%, 0.020330429214943064
-----------------------------------
-----------------------------------
Test set: Accuracy: 2612/3376 77.37%, 0.027879378705404665
-----------------------------------
Best val: 82.61%, Corres: 78.64%, Best Test: 78.64%
[0.016532403441013466, 0.020330429214943064]
[300, 600]
-----------------------------------
Val set: Accuracy: 1167/1472 79.28%, 0.02592236078434642
-----------------------------------
-----------------------------------
Test set: Accuracy: 2396/3376 70.97%, 0.04145250763408663
-----------------------------------
Best val: 82.61%, Corres: 78.64%, Best Test: 78.64%
[0.016532403441013466, 0.020330429214943064, 0.02592236078434642]
[300, 600, 900]
Model converged at step 300, Start step = 301; Threshold = 0.027207, 
-----------------------------------
Val set: Accuracy: 1199/1472 81.45%, 0.031764182664410924
-----------------------------------
-----------------------------------
Test set: Accuracy: 2490/3376 73.76%, 0.042372243719449115
-----------------------------------
Best val: 82.61%, Corres: 78.64%, Best Test: 78.64%
[0.020330429214943064, 0.02592236078434642, 0.031764182664410924]
[600, 900, 1200]
-----------------------------------
Val set: Accuracy: 1187/1472 80.64%, 0.026656155521579974
-----------------------------------
-----------------------------------
Test set: Accuracy: 2510/3376 74.35%, 0.040971252003516916
-----------------------------------
Best val: 82.61%, Corres: 78.64%, Best Test: 78.64%
[0.02592236078434642, 0.031764182664410924, 0.026656155521579974]
[900, 1200, 1500]
-----------------------------------
Val set: Accuracy: 1213/1472 82.40%, 0.03408728622639748
-----------------------------------
-----------------------------------
Test set: Accuracy: 2467/3376 73.07%, 0.05266131869362325
-----------------------------------
Best val: 82.61%, Corres: 78.64%, Best Test: 78.64%
[0.031764182664410924, 0.026656155521579974, 0.03408728622639748]
[1200, 1500, 1800]
-----------------------------------
Val set: Accuracy: 1187/1472 80.64%, 0.033859474889553716
-----------------------------------
-----------------------------------
Test set: Accuracy: 2514/3376 74.47%, 0.04603922014429247
-----------------------------------
Best val: 82.61%, Corres: 78.64%, Best Test: 78.64%
[0.026656155521579974, 0.03408728622639748, 0.033859474889553716]
[1500, 1800, 2100]
-----------------------------------
Val set: Accuracy: 1178/1472 80.03%, 0.032705573192357486
-----------------------------------
-----------------------------------
Test set: Accuracy: 2429/3376 71.95%, 0.04648564221840617
-----------------------------------
Best val: 82.61%, Corres: 78.64%, Best Test: 78.64%
[0.03408728622639748, 0.033859474889553716, 0.032705573192357486]
[1800, 2100, 2400]
-----------------------------------
Val set: Accuracy: 1202/1472 81.66%, 0.035763217228583735
-----------------------------------
-----------------------------------
Test set: Accuracy: 2494/3376 73.87%, 0.05248686241347925
-----------------------------------
Best val: 82.61%, Corres: 78.64%, Best Test: 78.64%
[0.033859474889553716, 0.032705573192357486, 0.035763217228583735]
[2100, 2400, 2700]
-----------------------------------
Val set: Accuracy: 1208/1472 82.07%, 0.031642863274951
-----------------------------------
-----------------------------------
Test set: Accuracy: 2422/3376 71.74%, 0.04148924858331398
-----------------------------------
Best val: 82.61%, Corres: 78.64%, Best Test: 78.64%
[0.032705573192357486, 0.035763217228583735, 0.031642863274951]
[2400, 2700, 3000]
-----------------------------------
Val set: Accuracy: 1156/1472 78.53%, 0.042868523041850334
-----------------------------------
-----------------------------------
Test set: Accuracy: 2394/3376 70.91%, 0.05952865521779937
-----------------------------------
Best val: 82.61%, Corres: 78.64%, Best Test: 78.64%
[0.035763217228583735, 0.031642863274951, 0.042868523041850334]
[2700, 3000, 3300]
Valley is dead at step 1500
-----------------------------------
Test set: Accuracy: 2696/3376 79.86%, 0.02155325558230775
-----------------------------------
-----------------------------------
Test set: SWAD-encoder + Last-protype Accuracy: 2696/3376 76.90%, 0.02155325558230775
-----------------------------------
tensor([[ 26,  19,  70,  10,  83,  24,   1,   5,  54,  58,  11,  28,  39,   1,
           3,   7,   3,  50,   4,  19,   1,  24,   3,  26, 128,  69,  18,   2,
          14,  30,  32,  16,   0,  42,  45,  18,  22,  53,   8,   0,  96,   0,
          22,  22,  48,   2,   1,   4,  17,   2,  15,  26,  34, 123, 103,  69,
           1,   0,   7,   5,   3,   9,  60,  58,   0,   8,   0,   1,   1,  64,
           1,   0,  12,   2,  28,  13, 113,   2,  52,  22],
        [ 18,   8,  62,   2,  71, 225,   4,   0,  35,  36,   2,   5,   6,   6,
           2,   8,  26,  27,  18,  14,   1,  16,   8,  17,  79,  57,   9,  45,
          21,  13,  38,  29,   0,  31,  19, 113,   9,  44,  90,   0,  56,   0,
          50,  10,  56,   0,   0,  39,  48,   1,  17,   7,  33,  83,  43,  63,
          13,   0,  25, 159,  25, 218,  43,  53,   1,   6,   0,   7,   4, 105,
           0,   1,   8,   2,  22,  16,  87,   0,  95,  14],
        [  5,  22,  13,  31,  44,   3,   0,   0,   0,  32,  32,  32, 169,   0,
          10,   1,   6,   0,   1,   2,   0,  23,   1,   9,   9,  16,   0,   0,
          49,   0,  42,   9,   0,   2,  15,  31,   0,   1,   1,   0,  14,   0,
          21,  30,  30,   1,   0,   0,  28,   0,   3,   6,  37,   6,  38,  18,
           1,   0,   1,  56,   4,  25,   2,  27,   0,  45,   0,   0,  17,  14,
           0,   0,   0,   0,  14,  12,  16,  17,  21,   5]], device='cuda:0',
       dtype=torch.int32)
tensor([ 49,  49, 145,  43, 198, 252,   5,   5,  89, 126,  45,  65, 214,   7,
         15,  16,  35,  77,  23,  35,   2,  63,  12,  52, 216, 142,  27,  47,
         84,  43, 112,  54,   0,  75,  79, 162,  31,  98,  99,   0, 166,   0,
         93,  62, 134,   3,   1,  43,  93,   3,  35,  39, 104, 212, 184, 150,
         15,   0,  33, 220,  32, 252, 105, 138,   1,  59,   0,   8,  22, 183,
          1,   1,  20,   4,  64,  41, 216,  19, 168,  41], device='cuda:0',
       dtype=torch.int32)
fault_map: tensor(0, device='cuda:0')
[36mINFO[0m 07/10 17:08:36 | === Summary ===
[36mINFO[0m 07/10 17:08:36 | Command: train_all.py PACS0 --dataset VLCS --deterministic --seed 0 --checkpoint_freq 300 --data_dir /home/shared/data/DomainBed --algorithm BAIR --pretrained
[36mINFO[0m 07/10 17:08:36 | Unique name: 240710_12-15-18_PACS0
[36mINFO[0m 07/10 17:08:36 | Out path: train_output/VLCS/240710_12-15-18_PACS0
[36mINFO[0m 07/10 17:08:36 | Algorithm: BAIR
[36mINFO[0m 07/10 17:08:36 | Dataset: VLCS
+------------------+------------+---------+---------+---------+---------+
|    Selection     | Caltech101 | LabelMe |  SUN09  | VOC2007 |   Avg.  |
+------------------+------------+---------+---------+---------+---------+
|    prototype     |  99.223%   | 62.199% | 74.650% | 76.896% | 78.242% |
| classifer weight |  98.869%   | 63.667% | 75.625% | 79.858% | 79.505% |
+------------------+------------+---------+---------+---------+---------+
