Namespace(algorithm='SRA', checkpoint_freq=300, ckpt='', data_dir='/home/shared/data/DomainBed/', dataset='VLCS', plotdir='', save_model_dir='', seed=1, start_swad=0.0, target='Caltech101')
Namespace(dataset='VLCS', exp_name='VLCS_Caltech', iterations=5000, n_classes=5, n_domain_classes=3, src_data_path='/home/shared/data/DomainBed//VLCS/', src_train_meta_filenames=['domainbed/configs/data_list/VLCS/LabelMe.txt', 'domainbed/configs/data_list/VLCS/SUN09.txt', 'domainbed/configs/data_list/VLCS/VOC2007.txt'], target_test_meta_filenames=['domainbed/configs/data_list/VLCS/Caltech101.txt'], val_size=0.2)
{'data_augmentation': True, 'val_augment': False, 'resnet18': False, 'resnet_dropout': 0.0, 'class_balanced': False, 'optimizer': 'adam', 'freeze_bn': True, 'pretrained': True, 'lr': 5e-05, 'batch_size': 32, 'weight_decay': 0.0, 'disc_weight': 0.01, 'warm_up': 500, 'maxinfo_weight': 0.0, 'ot_weight': 0.1, 'prototype_per_class': 16, 'pro_weight': 0.01, 'mlp_width': 256, 'mlp_depth': 3, 'mlp_dropout': 0.5}
Train:  0   2124
Train:  1   2625
Train:  2   2700
Val_size:  0.2
Val:  1865
Test:  1415
-----------------------------------
Val Single set: Accuracy: 1353/1865 72.55%, 0.025395801527570462
-----------------------------------
-----------------------------------
Val set: Single-encoder + protype Accuracy: 1353/1865 4.93%, 0.025395801527570462
-----------------------------------
-----------------------------------
Test Single set: Accuracy: 1141/1415 80.64%, 0.008003410412650225
-----------------------------------
-----------------------------------
Test set: Single-encoder + protype Accuracy: 1141/1415 4.73%, 0.008003410412650225
-----------------------------------
Best val: 72.55%, Corres: 80.64%, Best Test: 80.64%
None
[0.025395801527570462]
[300]
[300]
-----------------------------------
Val Single set: Accuracy: 1513/1865 81.13%, 0.016131446396697304
-----------------------------------
-----------------------------------
Val set: Single-encoder + protype Accuracy: 1513/1865 77.80%, 0.016131446396697304
-----------------------------------
-----------------------------------
Test Single set: Accuracy: 1393/1415 98.45%, 0.001188311654771596
-----------------------------------
-----------------------------------
Test set: Single-encoder + protype Accuracy: 1393/1415 97.39%, 0.001188311654771596
-----------------------------------
Best val: 81.13%, Corres: 98.45%, Best Test: 98.45%
None
[0.025395801527570462, 0.016131446396697304]
[300, 600]
[300, 600]
-----------------------------------
Val Single set: Accuracy: 1503/1865 80.59%, 0.01660153444746544
-----------------------------------
-----------------------------------
Val set: Single-encoder + protype Accuracy: 1503/1865 79.14%, 0.01660153444746544
-----------------------------------
-----------------------------------
Test Single set: Accuracy: 1380/1415 97.53%, 0.0009799425164402163
-----------------------------------
-----------------------------------
Test set: Single-encoder + protype Accuracy: 1380/1415 97.74%, 0.0009799425164402163
-----------------------------------
Best val: 81.13%, Corres: 98.45%, Best Test: 98.45%
None
[0.025395801527570462, 0.016131446396697304, 0.01660153444746544]
[300, 600, 900]
[300, 600, 900]
min_idx:  1
-----------------------------------
Val Single set: Accuracy: 1527/1865 81.88%, 0.019098858139789777
-----------------------------------
-----------------------------------
Val set: Single-encoder + protype Accuracy: 1527/1865 80.97%, 0.019098858139789777
-----------------------------------
-----------------------------------
Test Single set: Accuracy: 1388/1415 98.09%, 0.0007306579561318294
-----------------------------------
-----------------------------------
Test set: Single-encoder + protype Accuracy: 1388/1415 97.95%, 0.0007306579561318294
-----------------------------------
Best val: 81.88%, Corres: 98.09%, Best Test: 98.45%
None
[0.016131446396697304, 0.01660153444746544, 0.019098858139789777]
[600, 900, 1200]
[300, 600, 900, 1200]
min_idx:  0
Model converged at step 600, Start step = 601; Threshold = 0.022460, 
-----------------------------------
Val Single set: Accuracy: 1510/1865 80.97%, 0.02066746855069741
-----------------------------------
-----------------------------------
Val set: Single-encoder + protype Accuracy: 1510/1865 80.59%, 0.02066746855069741
-----------------------------------
-----------------------------------
Test Single set: Accuracy: 1368/1415 96.68%, 0.001121677683959238
-----------------------------------
-----------------------------------
Test set: Single-encoder + protype Accuracy: 1368/1415 96.96%, 0.001121677683959238
-----------------------------------
Best val: 81.88%, Corres: 98.09%, Best Test: 98.45%
0.02246046355971276
[0.01660153444746544, 0.019098858139789777, 0.02066746855069741]
[900, 1200, 1500]
[300, 600, 900, 1200, 1500]
-----------------------------------
Val Single set: Accuracy: 1461/1865 78.34%, 0.027906222721367037
-----------------------------------
-----------------------------------
Val set: Single-encoder + protype Accuracy: 1461/1865 76.57%, 0.027906222721367037
-----------------------------------
-----------------------------------
Test Single set: Accuracy: 1385/1415 97.88%, 0.0007362374476430273
-----------------------------------
-----------------------------------
Test set: Single-encoder + protype Accuracy: 1385/1415 96.96%, 0.0007362374476430273
-----------------------------------
Best val: 81.88%, Corres: 98.09%, Best Test: 98.45%
0.02246046355971276
[0.019098858139789777, 0.02066746855069741, 0.027906222721367037]
[1200, 1500, 1800]
[300, 600, 900, 1200, 1500, 1800]
-----------------------------------
Val Single set: Accuracy: 1466/1865 78.61%, 0.030196322113195628
-----------------------------------
-----------------------------------
Val set: Single-encoder + protype Accuracy: 1466/1865 76.46%, 0.030196322113195628
-----------------------------------
-----------------------------------
Test Single set: Accuracy: 1365/1415 96.47%, 0.0012322040305180022
-----------------------------------
-----------------------------------
Test set: Single-encoder + protype Accuracy: 1365/1415 95.69%, 0.0012322040305180022
-----------------------------------
Best val: 81.88%, Corres: 98.09%, Best Test: 98.45%
0.02246046355971276
[0.02066746855069741, 0.027906222721367037, 0.030196322113195628]
[1500, 1800, 2100]
[600, 900, 1200, 1500, 1800, 2100]
-----------------------------------
Val Single set: Accuracy: 1497/1865 80.27%, 0.03497884404962887
-----------------------------------
-----------------------------------
Val set: Single-encoder + protype Accuracy: 1497/1865 79.62%, 0.03497884404962887
-----------------------------------
-----------------------------------
Test Single set: Accuracy: 1365/1415 96.47%, 0.0021222709417936915
-----------------------------------
-----------------------------------
Test set: Single-encoder + protype Accuracy: 1365/1415 96.04%, 0.0021222709417936915
-----------------------------------
Best val: 81.88%, Corres: 98.09%, Best Test: 98.45%
0.02246046355971276
[0.027906222721367037, 0.030196322113195628, 0.03497884404962887]
[1800, 2100, 2400]
[900, 1200, 1500, 1800, 2100, 2400]
-----------------------------------
Val Single set: Accuracy: 1476/1865 79.14%, 0.03423436655595539
-----------------------------------
-----------------------------------
Val set: Single-encoder + protype Accuracy: 1476/1865 78.39%, 0.03423436655595539
-----------------------------------
-----------------------------------
Test Single set: Accuracy: 1370/1415 96.82%, 0.0011597535171457187
-----------------------------------
-----------------------------------
Test set: Single-encoder + protype Accuracy: 1370/1415 97.39%, 0.0011597535171457187
-----------------------------------
Best val: 81.88%, Corres: 98.09%, Best Test: 98.45%
0.02246046355971276
[0.030196322113195628, 0.03497884404962887, 0.03423436655595539]
[2100, 2400, 2700]
[1200, 1500, 1800, 2100, 2400, 2700]
-----------------------------------
Val Single set: Accuracy: 1463/1865 78.45%, 0.03810690892286019
-----------------------------------
-----------------------------------
Val set: Single-encoder + protype Accuracy: 1463/1865 74.96%, 0.03810690892286019
-----------------------------------
-----------------------------------
Test Single set: Accuracy: 1372/1415 96.96%, 0.0015030887277382211
-----------------------------------
-----------------------------------
Test set: Single-encoder + protype Accuracy: 1372/1415 96.89%, 0.0015030887277382211
-----------------------------------
Best val: 81.88%, Corres: 98.09%, Best Test: 98.45%
0.02246046355971276
[0.03497884404962887, 0.03423436655595539, 0.03810690892286019]
[2400, 2700, 3000]
[1500, 1800, 2100, 2400, 2700, 3000]
-----------------------------------
Val Single set: Accuracy: 1496/1865 80.21%, 0.04112955476419536
-----------------------------------
-----------------------------------
Val set: Single-encoder + protype Accuracy: 1496/1865 79.57%, 0.04112955476419536
-----------------------------------
-----------------------------------
Test Single set: Accuracy: 1376/1415 97.24%, 0.0012477871478207584
-----------------------------------
-----------------------------------
Test set: Single-encoder + protype Accuracy: 1376/1415 97.39%, 0.0012477871478207584
-----------------------------------
Best val: 81.88%, Corres: 98.09%, Best Test: 98.45%
0.02246046355971276
[0.03423436655595539, 0.03810690892286019, 0.04112955476419536]
[2700, 3000, 3300]
[1800, 2100, 2400, 2700, 3000, 3300]
Valley is dead at step 1500
-----------------------------------
Test SWAD set: Accuracy: 1402/1415 99.08%, 0.0004916211609916215
-----------------------------------
-----------------------------------
Test set: SWAD-encoder + protype Accuracy: 1402/1415 98.94%, 0.0004916211609916215
-----------------------------------
-----------------------------------
Val SWAD set: Accuracy: 1554/1865 83.32%, 0.014539084277907262
-----------------------------------
-----------------------------------
Val set: SWAD-encoder + protype Accuracy: 1554/1865 80.00%, 0.014539084277907262
-----------------------------------
tensor([[ 13,  17,   3,   2,  94,   4,   5,  36,   2,  53,   3,  65,  18,  27,
          13,  55,  12, 142, 123,  21,   0,  81,  78,   2,  41,  11,   1,  44,
          10,  46,  32,  66,   8,  49,   1,  13,  56,  53,   0,   5,   0,  44,
          11,  33,  50,  27,  85,   9,  10,   7,   0,  41,  31,  30,   2,   3,
          11,   1,   0,  22,   6,   7,   2,  92,  28,  45,   3,  35,  14,   3,
          13,   2,   2,   8,  13,  13,  84,   8,   7,   5],
        [  0,  25,   4,   0,  10,  46,  69,   5,  17,  44,   1,  35,  16,  63,
           9,  44,  26,  30,  24,  36,  18,  83,  14,   3,  76,  10,  30,  20,
          15,  11,  55,  28,  23,  59,  80,   7,   2,  20,   3,  43,  12,   7,
          40, 101,  67,  18,  31,   9,  53,  20,  15, 115,  24,   6,   5,  90,
          17, 208,   2,  90,  74,  27,  54,  76,   6,  50,   3,  35,   5,  15,
          16,   3,   0,   6,   5,  30,  97,   1,  20,  67],
        [ 68,  62,   5,  64,  10,  26,  22,  29,  19,  22,  14,  25, 260,  84,
           7,  51,  88,  94,   4,   1,   5,  31,  15,   1,  11,  11,  45,  12,
          16,  49,   1,  45,  67,  48,  23,  35,   2,  12,  45,  32,  65, 202,
          33,  34,   9,   8,  23,   1,  11,  39,   4,  83,  17,   3,   9,  21,
          27, 105,   0,  25,  23,  52,  32,  22,  12,  46,   8,  29,   4,  30,
           4,   2,   0,  54,   4,   5, 101,  17,  46,  17]], device='cuda:0',
       dtype=torch.int32)
tensor([ 81, 104,  12,  66, 114,  76,  96,  70,  38, 119,  18, 125, 294, 174,
         29, 150, 126, 266, 151,  58,  23, 195, 107,   6, 128,  32,  76,  76,
         41, 106,  88, 139,  98, 156, 104,  55,  60,  85,  48,  80,  77, 253,
         84, 168, 126,  53, 139,  19,  74,  66,  19, 239,  72,  39,  16, 114,
         55, 314,   2, 137, 103,  86,  88, 190,  46, 141,  14,  99,  23,  48,
         33,   7,   2,  68,  22,  48, 282,  26,  73,  89], device='cuda:0',
       dtype=torch.int32)
fault_map: tensor(2, device='cuda:0')
Train:  0   2124
Train:  1   2625
Train:  2   2700
Val_size:  0.2
Val:  1865
Test:  1415
-----------------------------------
Val Single set: Accuracy: 1323/1865 70.94%, 0.026223142121496533
-----------------------------------
-----------------------------------
Val set: Single-encoder + protype Accuracy: 1323/1865 4.93%, 0.026223142121496533
-----------------------------------
-----------------------------------
Test Single set: Accuracy: 1090/1415 77.03%, 0.009418888605946786
-----------------------------------
-----------------------------------
Test set: Single-encoder + protype Accuracy: 1090/1415 4.73%, 0.009418888605946786
-----------------------------------
Best val: 70.94%, Corres: 77.03%, Best Test: 77.03%
None
[0.026223142121496533]
[300]
[300]
-----------------------------------
Val Single set: Accuracy: 1517/1865 81.34%, 0.015069424570725368
-----------------------------------
-----------------------------------
Val set: Single-encoder + protype Accuracy: 1517/1865 80.32%, 0.015069424570725368
-----------------------------------
-----------------------------------
Test Single set: Accuracy: 1395/1415 98.59%, 0.0008188842634535509
-----------------------------------
-----------------------------------
Test set: Single-encoder + protype Accuracy: 1395/1415 99.22%, 0.0008188842634535509
-----------------------------------
Best val: 81.34%, Corres: 98.59%, Best Test: 98.59%
None
[0.026223142121496533, 0.015069424570725368]
[300, 600]
[300, 600]
